******************************************************************************
              TMS320C55x Linker PC v4.4.1                      
******************************************************************************
>> Linked Wed Jan 10 23:49:20 2018

OUTPUT FILE NAME:   <NoiseRemoval Sim.out>
ENTRY POINT SYMBOL: "_c_int00"  address: 0002549f


MEMORY CONFIGURATION

         name            origin    length      used     unused   attr    fill
                        (bytes)   (bytes)    (bytes)   (bytes)
----------------------  --------  ---------  --------  --------  ----  --------
PAGE 0:
  MMR                   00000000   000000c0  00000000  000000c0  RWIX
  DARAM0                000000c0   0000ff40  00007418  00008b28  RWIX
  SARAM0                00010000   00010000  00000000  00010000  RWIX
  SARAM1                00020000   00020000  000055c1  0001aa3f  RWIX
  SARAM2                00040000   0000fe00  0000049c  0000f964  RWIX
  VECS                  0004fe00   00000200  00000100  00000100  RWIX
  PDROM                 00ff8000   00008000  00000000  00008000  R IX

PAGE 2:
  IOPORT                00000000   00020000  00000000  00020000  RWI 


SECTION ALLOCATION MAP
(Addresses surrounded by []'s are displayed for convenience only!)

output                                                          attributes/
section   page  orgn(bytes) orgn(words) len(bytes) len(words)   input sections
--------  ----  ----------- ----------- ---------- ----------   --------------
.pinit       0   [ 00040000 ]  00020000          *   00000000   UNINITIALIZED

.stack       0   [ 000000c0 ]  00000060          *   00001000   UNINITIALIZED
                 [ 000000c0 ]  00000060          *   00001000   --HOLE--

.data        0   [ 000000c0 ]  00000060          *   00000000   UNINITIALIZED

.sysstack 
*            0   [ 000020c0 ]  00001060          *   00000800   UNINITIALIZED
                 [ 000020c0 ]  00001060          *   00000800   --HOLE--

.sysmem      0   [ 000030c0 ]  00001860          *   00001000   UNINITIALIZED
                 [ 000030c0 ]  00001860          *   00001000   --HOLE--

.bss.1       0   [ 000050c0 ]  00002860          *   00000423   UNINITIALIZED
                 [ 000050c0 ]  00002860          *   00000422   main.obj (.bss)
                 [ 00005904 ]  00002c82          *   00000001   rts55x.lib : fopen.obj (.bss)

.bss.2       0   [ 00005908 ]  00002c84          *   000005e9   UNINITIALIZED
                 [ 00005908 ]  00002c84          *   00000400   ezdsp5535_aic3204_dma.obj (.bss)
                 [ 00006108 ]  00003084          *   00000119   rts55x.lib : defs.obj (.bss)
                 [ 0000633a ]  0000319d          *   000000d0              : trgdrv.obj (.bss)

.bss.3       0   [ 000064dc ]  0000326e          *   000000f3   UNINITIALIZED
                 [ 000064dc ]  0000326e          *   00000082   window.obj (.bss)
                 [ 000065e0 ]  000032f0          *   00000071   rts55x.lib : lowlev.obj (.bss)

.bss.4       0   [ 000066c4 ]  00003362          *   0000000b   UNINITIALIZED
                 [ 000066c4 ]  00003362          *   00000006   rts55x.lib : memory.obj (.bss)
                 [ 000066d0 ]  00003368          *   00000005   aic3204.obj (.bss)

.bss.5       0   [ 000066dc ]  0000336e          *   0000000c   UNINITIALIZED
                 [ 000066dc ]  0000336e          *   00000004   aic3204_init.obj (.bss)
                 [ 000066e4 ]  00003372          *   00000004   rts55x.lib : _lock.obj (.bss)
                 [ 000066ec ]  00003376          *   00000004              : exit.obj (.bss)

.const.1     0   [ 00006700 ]  00003380          *   000006b3   
                 [ 00006700 ]  00003380          *   00000400   55xdspx_r3.lib : twiddle.obj (.const:twiddle)
                 [ 00006f00 ]  00003780          *   0000011a   main.obj (.const:.string)
                 [ 00007134 ]  0000389a          *   00000101   rts55x.lib : ctype.obj (.const:__ctypes_)
                 [ 00007336 ]  0000399b          *   00000001   print_number.obj (.const)
                 [ 00007338 ]  0000399c          *   00000097   aic3204_init.obj (.const:.string)

.const.2     0   [ 00007468 ]  00003a34          *   0000003d   
                 [ 00007468 ]  00003a34          *   00000024   rts55x.lib : _printfi.obj (.const:.string)
                 [ 000074b0 ]  00003a58          *   0000000c              : _printfi.obj (.const)
                 [ 000074c8 ]  00003a64          *   00000008              : divd.obj (.const:_initial_approx$1)
                 [ 000074d8 ]  00003a6c          *   00000005   print_number.obj (.const:.string)

.const.3     0   [ 000074e4 ]  00003a72          *   00000006   
                 [ 000074e4 ]  00003a72          *   00000002   rts55x.lib : fputs.obj (.const:.string)
                 [ 000074e8 ]  00003a74          *   00000002   iir.obj (.const)
                 [ 000074ec ]  00003a76          *   00000002   rts55x.lib : fltlid.obj (.const)

.text        0     00020000  [ 00010000 ] 000055c1          *   
                   00020000  [ 00010000 ] 000015a4          *   rts55x.lib : _printfi.obj (.text)
                   000215a4  [ 00010ad2 ] 000006fa          *   main.obj (.text)
                   00021c9e  [ 00010e4f ] 00000543          *   rts55x.lib : lowlev.obj (.text)
                   000221e1  [ 000110f0+] 00000528          *              : trgdrv.obj (.text)
                   00022709  [ 00011384+] 000004b5          *              : memory.obj (.text)
                   00022bbe  [ 000115df ] 000003cc          *              : divd.obj (.text)
                   00022f8a  [ 000117c5 ] 000003b0          *   iir.obj (.text)
                   0002333a  [ 0001199d ] 0000027f          *   rts55x.lib : fopen.obj (.text)
                   000235b9  [ 00011adc+] 0000025e          *              : llmpy.obj (.text)
                   00023817  [ 00011c0b+] 0000025a          *              : addd.obj (.text)
                   00023a71  [ 00011d38+] 000001ee          *              : fwrite.obj (.text)
                   00023c5f  [ 00011e2f+] 000001ea          *              : cmpd.obj (.text)
                   00023e49  [ 00011f24+] 000001d3          *   55xdspx_r3.lib : cfft_scale.obj (.text)
                   0002401c  [ 0001200e ] 00000163          *   rts55x.lib : fputs.obj (.text)
                   0002417f  [ 000120bf+] 00000152          *   ezdsp5535_aic3204_dma.obj (.text)
                   000242d1  [ 00012168+] 0000014c          *   rts55x.lib : mpyd.obj (.text)
                   0002441d  [ 0001220e+] 0000010f          *              : fread.obj (.text)
                   0002452c  [ 00012296 ] 000000fc          *   aic3204.obj (.text)
                   00024628  [ 00012314 ] 000000f6          *   aic3204_init.obj (.text)
                   0002471e  [ 0001238f ] 000000e6          *   rts55x.lib : setvbuf.obj (.text)
                   00024804  [ 00012402 ] 000000dd          *              : _io_perm.obj (.text)
                   000248e1  [ 00012470+] 000000d6          *   55xdspx_r3.lib : cbrev.obj (.text)
                   000249b7  [ 000124db+] 000000c2          *   rts55x.lib : fflush.obj (.text)
                   00024a79  [ 0001253c+] 000000ba          *              : trgmsg.obj (.text:CIO_breakpoint)
                   00024b33  [ 00012599+] 000000ae          *              : _bufread.obj (.text)
                   00024be1  [ 000125f0+] 000000a6          *              : fputc.obj (.text)
                   00024c87  [ 00012643+] 000000a1          *              : divul.obj (.text)
                   00024d28  [ 00012694 ] 0000008d          *   55xdspx_r3.lib : unpack.obj (.text)
                   00024db5  [ 000126da+] 0000007d          *   rts55x.lib : ltoa.obj (.text)
                   00024e32  [ 00012719 ] 0000007b          *              : fclose.obj (.text)
                   00024ead  [ 00012756+] 00000076          *              : frcmpyd.obj (.text)
                   00024f23  [ 00012791+] 00000073          *              : frcmpyd_div.obj (.text)
                   00024f96  [ 000127cb ] 00000072          *              : remul.obj (.text)
                   00025008  [ 00012804 ] 0000006f          *              : fixdli.obj (.text)
                   00025077  [ 0001283b+] 0000006d          *              : trgmsg.obj (.text)
                   000250e4  [ 00012872 ] 0000006b          *              : fseek.obj (.text)
                   0002514f  [ 000128a7+] 00000067          *              : fltlid.obj (.text)
                   000251b6  [ 000128db ] 0000005c          *              : atoi.obj (.text)
                   00025212  [ 00012909 ] 00000054          *   ezdsp5535bsl.lib : ezdsp5535.obj (.text)
                   00025266  [ 00012933 ] 00000050          *   rts55x.lib : printf.obj (.text)
                   000252b6  [ 0001295b ] 0000004d          *              : autoinit.obj (.text)
                   00025303  [ 00012981+] 0000004b          *              : args_main.obj (.text)
                   0002534e  [ 000129a7 ] 0000004b          *              : remli.obj (.text)
                   00025399  [ 000129cc+] 00000048          *              : divli.obj (.text)
                   000253e1  [ 000129f0+] 00000041          *   print_number.obj (.text)
                   00025422  [ 00012a11 ] 0000003f          *   rts55x.lib : memcpy.obj (.text)
                   00025461  [ 00012a30+] 0000003e          *              : exit.obj (.text)
                   0002549f  [ 00012a4f+] 00000034          *              : boot.obj (.text)
                   000254d3  [ 00012a69+] 0000002a          *              : fixdi.obj (.text)
                   000254fd  [ 00012a7e+] 0000002a          *              : udiv.obj (.text)
                   00025527  [ 00012a93+] 00000023          *              : memccpy.obj (.text)
                   0002554a  [ 00012aa5 ] 0000001a          *              : isinf.obj (.text)
                   00025564  [ 00012ab2 ] 00000014          *              : subd.obj (.text)
                   00025578  [ 00012abc ] 00000013          *              : lmpy.obj (.text)
                   0002558b  [ 00012ac5+] 00000012          *              : _lock.obj (.text)
                   0002559d  [ 00012ace+] 00000010          *              : negd.obj (.text)
                   000255ad  [ 00012ad6+] 0000000a          *              : remove.obj (.text)
                   000255b7  [ 00012adb+] 00000007          *              : exit.obj (.text:CIO_breakpoint)
                   000255be  [ 00012adf ] 00000002          *              : vectors.obj (.text)
                   000255c0  [ 00012ae0 ] 00000001          *   --HOLE-- [fill = 20]

.cinit       0   [ 00040000 ]  00020000          *   0000012e   
                 [ 00040000 ]  00020000          *   00000088   window.obj (.cinit)
                 [ 00040110 ]  00020088          *   0000002d   rts55x.lib : lowlev.obj (.cinit)
                 [ 0004016a ]  000200b5          *   0000002a              : defs.obj (.cinit)
                 [ 000401be ]  000200df          *   00000024   main.obj (.cinit)
                 [ 00040206 ]  00020103          *   0000000a   aic3204_init.obj (.cinit)
                 [ 0004021a ]  0002010d          *   0000000a   rts55x.lib : _lock.obj (.cinit)
                 [ 0004022e ]  00020117          *   0000000a              : exit.obj (.cinit)
                 [ 00040242 ]  00020121          *   00000004   aic3204.obj (.cinit)
                 [ 0004024a ]  00020125          *   00000004   rts55x.lib : fopen.obj (.cinit)
                 [ 00040252 ]  00020129          *   00000004              : memory.obj (.cinit)
                 [ 0004025a ]  0002012d          *   00000001   --HOLE-- [fill = 0]

.cio         0   [ 00040260 ]  00020130          *   00000120   UNINITIALIZED
                 [ 00040260 ]  00020130          *   00000120   rts55x.lib : trgmsg.obj (.cio)

vectors      0     0004fe00  [ 00027f00 ] 00000100          *   
                   0004fe00  [ 00027f00 ] 00000100          *   rts55x.lib : vectors.obj (vectors)


GLOBAL SYMBOLS: SORTED ALPHABETICALLY BY Name 

abs. value/
byte addr   word addr   name
---------   ---------   ----
00000002                $TI_capability$C5500$CallingConvention
00000002                $TI_capability$C5500$MemoryModel
00000001                $TI_capability_requires_rev3
ffffffff                .bss
ffffffff                .data
ffffffff                .text
000255b8                C$$EXIT
00024b2e                C$$IO$$
00025578                I$$LMPY
000254fd                I$$UDIV
00025512                I$$UMOD
00025258                _EZDSP5535_init
00025212                _EZDSP5535_wait
00025246                _EZDSP5535_waitusec
            00002ae0    _FftBufferL
000226ab                _HOSTclock
00022640                _HOSTclose
0002258b                _HOSTlseek
000224ec                _HOSTopen
0002245f                _HOSTread
000223b1                _HOSTrename
00022353                _HOSTtime
000222e9                _HOSTunlink
0002225c                _HOSTwrite
            00002860    _InputBufferL
            000028e0    _InputBufferR
            00002be0    _MaxPower
00023252                _Nth_order_IIR
            000029e0    _OutputBufferL
            00002a60    _OutputBufferR
            00002b60    _Power
0004fe00                _Reset
            00002960    _SavedBufferL
            00002c84    _SimulatorInput
            00002e84    _SimulatorOutput
            00020130    __CIOBUF_
            00001060    __STACK_END
00002000                __STACK_SIZE
00002000                __SYSMEM_SIZE
00001000                __SYSSTACK_SIZE
00000001                __TI_args_main
ffffffff                ___binit__
ffffffff                ___bss__
ffffffff                ___c_args__
            00020000    ___cinit__
ffffffff                ___data__
ffffffff                ___edata__
ffffffff                ___end__
ffffffff                ___etext__
0002554a                ___isinf
ffffffff                ___pinit__
ffffffff                ___text__
00023817                __addd
00025303                __args_main
00024b33                __buff_read
0002345b                __cleanup
            00003376    __cleanup_ptr
00023df1                __cmpd
            0000389a    __ctypes_
00022bbe                __divd
00025399                __divli
000237e2                __divlli
000254fd                __divu
00024c87                __divul
000236ee                __divull
000249b7                __doflush
            00003378    __dtors_ptr
00023dbd                __eqld
000254d3                __fixdi
00025008                __fixdli
0002514f                __fltlid
00024ead                __frcmpyd
00024f23                __frcmpyd_div
            0000319c    __ft_end
            00003084    __ftable
00023d73                __geqd
00023d28                __gtrd
00023cdb                __leqd
            00003372    __lock
00023c93                __lssd
000242d1                __mpyd
00025578                __mpyli
00023636                __mpylli
0002559d                __negd
00023c5f                __neqd
0002559b                __nop
00021362                __printfi
00024884                __rd_ok
00025593                __register_lock
0002558b                __register_unlock
0002534e                __remli
00023607                __remlli
00025512                __remu
00024f96                __remul
000235b9                __remull
            00000060    __stack
00025564                __subd
            00001860    __sys_memory
            00001060    __sysstack
            000030fc    __tmpnams
            00003374    __unlock
00024804                __wrt_ok
000255b7                _abort
000220f1                _add_device
00024562                _aic3204_codec_read
000245d2                _aic3204_codec_write
0002452e                _aic3204_disable
0002417f                _aic3204_dma_init
            0000336c    _aic3204_enabled
0002452c                _aic3204_hardware_init
0002464c                _aic3204_init
00024181                _aic3204_read_block
00024628                _aic3204_set_input_filename
0002463a                _aic3204_set_output_filename
00024232                _aic3204_write_block
000251b6                _atoi
000252b6                _auto_init
0002549f                _c_int00
00022b98                _calloc
000248e1                _cbrev
00023e49                _cfft_SCALE
00022b90                _chkheap
000253e3                _clearLCD
0002207e                _close
            00002c02    _delta
00025461                _exit
00024e32                _fclose
00024a20                _fflush
            00002bf0    _filtar_1540Hz
            00002bf6    _filtar_2100Hz
            00002bfc    _filtar_2560Hz
            00002bea    _filtar_880Hz
00022075                _find_registered_device
00022f8a                _first_order_IIR
0002357e                _fopen
000230ca                _fourth_order_IIR
00024be1                _fputc
0002401c                _fputs
0002441d                _fread
00022709                _free
00022b3a                _free_memory
000234b5                _freopen
000250e4                _fseek
00023a71                _fwrite
000221e1                _getenv
00023267                _halfband
000253e1                _initPrintNumber
            00003368    _input_file
0002200f                _lseek
00024db5                _ltoa
000215a4                _main
0002283a                _malloc
00022ae0                _max_free
00025527                _memccpy
00025422                _memcpy
000227d5                _minit
00021f50                _open
            0000336a    _output_file
            000032ee    _p_window
00025409                _printChar
00025266                _printf
00024be1                _putc
00024c78                _putchar
00024151                _puts
00021ea2                _read
00025077                _readmsg
0002292f                _realloc
000255ad                _remove
00021e6c                _remove_device
00021e13                _rename
00023011                _second_order_IIR
00023279                _second_order_IIR_Direct_Form_II_f
000253f6                _setWritePointerToFirstChar
00024711                _set_sampling_frequency_and_gain
0002471e                _setvbuf
            0000399b    _sign_width
00021de0                _unlink
00024d28                _unpack
            0000326e    _window
00021c9e                _write
00024a79                _writemsg
            00002be2    _x_history_l
            00002be6    _x_history_r
            00002be4    _y_history_l
            00002be8    _y_history_r
ffffffff                binit
            00020000    cinit
ffffffff                edata
ffffffff                end
ffffffff                etext
ffffffff                pinit
            00003380    twiddle


GLOBAL SYMBOLS: SORTED BY Symbol Address 

abs. value/
byte addr   word addr   name
---------   ---------   ----
00000001                $TI_capability_requires_rev3
00000001                __TI_args_main
00000002                $TI_capability$C5500$CallingConvention
00000002                $TI_capability$C5500$MemoryModel
            00000060    __stack
00001000                __SYSSTACK_SIZE
00002000                __STACK_SIZE
00002000                __SYSMEM_SIZE
            00001060    __STACK_END
            00001060    __sysstack
            00001860    __sys_memory
            00002860    _InputBufferL
            000028e0    _InputBufferR
            00002960    _SavedBufferL
            000029e0    _OutputBufferL
            00002a60    _OutputBufferR
            00002ae0    _FftBufferL
            00002b60    _Power
            00002be0    _MaxPower
            00002be2    _x_history_l
            00002be4    _y_history_l
            00002be6    _x_history_r
            00002be8    _y_history_r
            00002bea    _filtar_880Hz
            00002bf0    _filtar_1540Hz
            00002bf6    _filtar_2100Hz
            00002bfc    _filtar_2560Hz
            00002c02    _delta
            00002c84    _SimulatorInput
            00002e84    _SimulatorOutput
            00003084    __ftable
            000030fc    __tmpnams
            0000319c    __ft_end
            0000326e    _window
            000032ee    _p_window
            00003368    _input_file
            0000336a    _output_file
            0000336c    _aic3204_enabled
            00003372    __lock
            00003374    __unlock
            00003376    __cleanup_ptr
            00003378    __dtors_ptr
            00003380    twiddle
            0000389a    __ctypes_
            0000399b    _sign_width
00021362                __printfi
000215a4                _main
00021c9e                _write
00021de0                _unlink
00021e13                _rename
00021e6c                _remove_device
00021ea2                _read
00021f50                _open
0002200f                _lseek
00022075                _find_registered_device
0002207e                _close
000220f1                _add_device
000221e1                _getenv
0002225c                _HOSTwrite
000222e9                _HOSTunlink
00022353                _HOSTtime
000223b1                _HOSTrename
0002245f                _HOSTread
000224ec                _HOSTopen
0002258b                _HOSTlseek
00022640                _HOSTclose
000226ab                _HOSTclock
00022709                _free
000227d5                _minit
0002283a                _malloc
0002292f                _realloc
00022ae0                _max_free
00022b3a                _free_memory
00022b90                _chkheap
00022b98                _calloc
00022bbe                __divd
00022f8a                _first_order_IIR
00023011                _second_order_IIR
000230ca                _fourth_order_IIR
00023252                _Nth_order_IIR
00023267                _halfband
00023279                _second_order_IIR_Direct_Form_II_f
0002345b                __cleanup
000234b5                _freopen
0002357e                _fopen
000235b9                __remull
00023607                __remlli
00023636                __mpylli
000236ee                __divull
000237e2                __divlli
00023817                __addd
00023a71                _fwrite
00023c5f                __neqd
00023c93                __lssd
00023cdb                __leqd
00023d28                __gtrd
00023d73                __geqd
00023dbd                __eqld
00023df1                __cmpd
00023e49                _cfft_SCALE
0002401c                _fputs
00024151                _puts
0002417f                _aic3204_dma_init
00024181                _aic3204_read_block
00024232                _aic3204_write_block
000242d1                __mpyd
0002441d                _fread
0002452c                _aic3204_hardware_init
0002452e                _aic3204_disable
00024562                _aic3204_codec_read
000245d2                _aic3204_codec_write
00024628                _aic3204_set_input_filename
0002463a                _aic3204_set_output_filename
0002464c                _aic3204_init
00024711                _set_sampling_frequency_and_gain
0002471e                _setvbuf
00024804                __wrt_ok
00024884                __rd_ok
000248e1                _cbrev
000249b7                __doflush
00024a20                _fflush
00024a79                _writemsg
00024b2e                C$$IO$$
00024b33                __buff_read
00024be1                _fputc
00024be1                _putc
00024c78                _putchar
00024c87                __divul
00024d28                _unpack
00024db5                _ltoa
00024e32                _fclose
00024ead                __frcmpyd
00024f23                __frcmpyd_div
00024f96                __remul
00025008                __fixdli
00025077                _readmsg
000250e4                _fseek
0002514f                __fltlid
000251b6                _atoi
00025212                _EZDSP5535_wait
00025246                _EZDSP5535_waitusec
00025258                _EZDSP5535_init
00025266                _printf
000252b6                _auto_init
00025303                __args_main
0002534e                __remli
00025399                __divli
000253e1                _initPrintNumber
000253e3                _clearLCD
000253f6                _setWritePointerToFirstChar
00025409                _printChar
00025422                _memcpy
00025461                _exit
0002549f                _c_int00
000254d3                __fixdi
000254fd                I$$UDIV
000254fd                __divu
00025512                I$$UMOD
00025512                __remu
00025527                _memccpy
0002554a                ___isinf
00025564                __subd
00025578                I$$LMPY
00025578                __mpyli
0002558b                __register_unlock
00025593                __register_lock
0002559b                __nop
0002559d                __negd
000255ad                _remove
000255b7                _abort
000255b8                C$$EXIT
            00020000    ___cinit__
            00020000    cinit
            00020130    __CIOBUF_
0004fe00                _Reset
ffffffff                .bss
ffffffff                .data
ffffffff                .text
ffffffff                ___binit__
ffffffff                ___bss__
ffffffff                ___c_args__
ffffffff                ___data__
ffffffff                ___edata__
ffffffff                ___end__
ffffffff                ___etext__
ffffffff                ___pinit__
ffffffff                ___text__
ffffffff                binit
ffffffff                edata
ffffffff                end
ffffffff                etext
ffffffff                pinit

[192 symbols]
