<?xml version="1.0"?>
<link_info>
   <banner>TMS320C55x Linker PC v4.4.1</banner>
   <copyright>Copyright (c) 1996-2012 Texas Instruments Incorporated</copyright>
   <link_time>0x5a56a1e8</link_time>
   <output_file>NoiseGenerator.out</output_file>
   <entry_point>
      <name>_c_int00</name>
      <address>0x28424</address>
   </entry_point>
   <input_file_list>
      <input_file id="fl-2">
         <path>.\</path>
         <kind>object</kind>
         <file>aic3204.obj</file>
         <name>aic3204.obj</name>
      </input_file>
      <input_file id="fl-3">
         <path>.\</path>
         <kind>object</kind>
         <file>aic3204_init.obj</file>
         <name>aic3204_init.obj</name>
      </input_file>
      <input_file id="fl-4">
         <path>.\</path>
         <kind>object</kind>
         <file>ezdsp5535_aic3204_dma.obj</file>
         <name>ezdsp5535_aic3204_dma.obj</name>
      </input_file>
      <input_file id="fl-5">
         <path>.\</path>
         <kind>object</kind>
         <file>gen_sinus.obj</file>
         <name>gen_sinus.obj</name>
      </input_file>
      <input_file id="fl-6">
         <path>.\</path>
         <kind>object</kind>
         <file>main.obj</file>
         <name>main.obj</name>
      </input_file>
      <input_file id="fl-7">
         <path>.\</path>
         <kind>object</kind>
         <file>print_number.obj</file>
         <name>print_number.obj</name>
      </input_file>
      <input_file id="fl-8">
         <path>.\</path>
         <kind>object</kind>
         <file>sine_table.obj</file>
         <name>sine_table.obj</name>
      </input_file>
      <input_file id="fl-11">
         <path>..\c55xx_csl\lib\</path>
         <kind>archive</kind>
         <file>cslVC5505.lib</file>
         <name>vectors.obj</name>
      </input_file>
      <input_file id="fl-12">
         <path>..\c55xx_csl\lib\</path>
         <kind>archive</kind>
         <file>cslVC5505.lib</file>
         <name>csl_irqplug.obj</name>
      </input_file>
      <input_file id="fl-13">
         <path>..\c55xx_csl\lib\</path>
         <kind>archive</kind>
         <file>cslVC5505.lib</file>
         <name>csl_intc.obj</name>
      </input_file>
      <input_file id="fl-14">
         <path>..\c55xx_csl\lib\</path>
         <kind>archive</kind>
         <file>cslVC5505.lib</file>
         <name>csl_i2s.obj</name>
      </input_file>
      <input_file id="fl-15">
         <path>..\lib\</path>
         <kind>archive</kind>
         <file>ezdsp5535bsl.lib</file>
         <name>ezdsp5535_sar.obj</name>
      </input_file>
      <input_file id="fl-16">
         <path>..\lib\</path>
         <kind>archive</kind>
         <file>ezdsp5535bsl.lib</file>
         <name>ezdsp5535_lcd.obj</name>
      </input_file>
      <input_file id="fl-17">
         <path>..\lib\</path>
         <kind>archive</kind>
         <file>ezdsp5535bsl.lib</file>
         <name>ezdsp5535_i2s.obj</name>
      </input_file>
      <input_file id="fl-18">
         <path>..\lib\</path>
         <kind>archive</kind>
         <file>ezdsp5535bsl.lib</file>
         <name>ezdsp5535_i2c.obj</name>
      </input_file>
      <input_file id="fl-19">
         <path>..\lib\</path>
         <kind>archive</kind>
         <file>ezdsp5535bsl.lib</file>
         <name>ezdsp5535_gpio.obj</name>
      </input_file>
      <input_file id="fl-1a">
         <path>..\lib\</path>
         <kind>archive</kind>
         <file>ezdsp5535bsl.lib</file>
         <name>ezdsp5535.obj</name>
      </input_file>
      <input_file id="fl-1b">
         <path>C:\ti\ccsv6\tools\compiler\c5500_4.4.1\lib\</path>
         <kind>archive</kind>
         <file>rts55x.lib</file>
         <name>boot.obj</name>
      </input_file>
      <input_file id="fl-1c">
         <path>C:\ti\ccsv6\tools\compiler\c5500_4.4.1\lib\</path>
         <kind>archive</kind>
         <file>rts55x.lib</file>
         <name>divd.obj</name>
      </input_file>
      <input_file id="fl-1d">
         <path>C:\ti\ccsv6\tools\compiler\c5500_4.4.1\lib\</path>
         <kind>archive</kind>
         <file>rts55x.lib</file>
         <name>exit.obj</name>
      </input_file>
      <input_file id="fl-1e">
         <path>C:\ti\ccsv6\tools\compiler\c5500_4.4.1\lib\</path>
         <kind>archive</kind>
         <file>rts55x.lib</file>
         <name>fixdi.obj</name>
      </input_file>
      <input_file id="fl-1f">
         <path>C:\ti\ccsv6\tools\compiler\c5500_4.4.1\lib\</path>
         <kind>archive</kind>
         <file>rts55x.lib</file>
         <name>fixdli.obj</name>
      </input_file>
      <input_file id="fl-20">
         <path>C:\ti\ccsv6\tools\compiler\c5500_4.4.1\lib\</path>
         <kind>archive</kind>
         <file>rts55x.lib</file>
         <name>fltid.obj</name>
      </input_file>
      <input_file id="fl-21">
         <path>C:\ti\ccsv6\tools\compiler\c5500_4.4.1\lib\</path>
         <kind>archive</kind>
         <file>rts55x.lib</file>
         <name>fltlid.obj</name>
      </input_file>
      <input_file id="fl-22">
         <path>C:\ti\ccsv6\tools\compiler\c5500_4.4.1\lib\</path>
         <kind>archive</kind>
         <file>rts55x.lib</file>
         <name>frcmpyd_div.obj</name>
      </input_file>
      <input_file id="fl-23">
         <path>C:\ti\ccsv6\tools\compiler\c5500_4.4.1\lib\</path>
         <kind>archive</kind>
         <file>rts55x.lib</file>
         <name>lmpy.obj</name>
      </input_file>
      <input_file id="fl-24">
         <path>C:\ti\ccsv6\tools\compiler\c5500_4.4.1\lib\</path>
         <kind>archive</kind>
         <file>rts55x.lib</file>
         <name>mpyd.obj</name>
      </input_file>
      <input_file id="fl-25">
         <path>C:\ti\ccsv6\tools\compiler\c5500_4.4.1\lib\</path>
         <kind>archive</kind>
         <file>rts55x.lib</file>
         <name>printf.obj</name>
      </input_file>
      <input_file id="fl-26">
         <path>C:\ti\ccsv6\tools\compiler\c5500_4.4.1\lib\</path>
         <kind>archive</kind>
         <file>rts55x.lib</file>
         <name>vectors.obj</name>
      </input_file>
      <input_file id="fl-27">
         <path>C:\ti\ccsv6\tools\compiler\c5500_4.4.1\lib\</path>
         <kind>archive</kind>
         <file>rts55x.lib</file>
         <name>_lock.obj</name>
      </input_file>
      <input_file id="fl-28">
         <path>C:\ti\ccsv6\tools\compiler\c5500_4.4.1\lib\</path>
         <kind>archive</kind>
         <file>rts55x.lib</file>
         <name>_printfi.obj</name>
      </input_file>
      <input_file id="fl-29">
         <path>C:\ti\ccsv6\tools\compiler\c5500_4.4.1\lib\</path>
         <kind>archive</kind>
         <file>rts55x.lib</file>
         <name>args_main.obj</name>
      </input_file>
      <input_file id="fl-2a">
         <path>C:\ti\ccsv6\tools\compiler\c5500_4.4.1\lib\</path>
         <kind>archive</kind>
         <file>rts55x.lib</file>
         <name>atoi.obj</name>
      </input_file>
      <input_file id="fl-2b">
         <path>C:\ti\ccsv6\tools\compiler\c5500_4.4.1\lib\</path>
         <kind>archive</kind>
         <file>rts55x.lib</file>
         <name>autoinit.obj</name>
      </input_file>
      <input_file id="fl-2c">
         <path>C:\ti\ccsv6\tools\compiler\c5500_4.4.1\lib\</path>
         <kind>archive</kind>
         <file>rts55x.lib</file>
         <name>cmpd.obj</name>
      </input_file>
      <input_file id="fl-2d">
         <path>C:\ti\ccsv6\tools\compiler\c5500_4.4.1\lib\</path>
         <kind>archive</kind>
         <file>rts55x.lib</file>
         <name>ctype.obj</name>
      </input_file>
      <input_file id="fl-2e">
         <path>C:\ti\ccsv6\tools\compiler\c5500_4.4.1\lib\</path>
         <kind>archive</kind>
         <file>rts55x.lib</file>
         <name>defs.obj</name>
      </input_file>
      <input_file id="fl-2f">
         <path>C:\ti\ccsv6\tools\compiler\c5500_4.4.1\lib\</path>
         <kind>archive</kind>
         <file>rts55x.lib</file>
         <name>divul.obj</name>
      </input_file>
      <input_file id="fl-30">
         <path>C:\ti\ccsv6\tools\compiler\c5500_4.4.1\lib\</path>
         <kind>archive</kind>
         <file>rts55x.lib</file>
         <name>fputc.obj</name>
      </input_file>
      <input_file id="fl-31">
         <path>C:\ti\ccsv6\tools\compiler\c5500_4.4.1\lib\</path>
         <kind>archive</kind>
         <file>rts55x.lib</file>
         <name>fputs.obj</name>
      </input_file>
      <input_file id="fl-32">
         <path>C:\ti\ccsv6\tools\compiler\c5500_4.4.1\lib\</path>
         <kind>archive</kind>
         <file>rts55x.lib</file>
         <name>frcmpyd.obj</name>
      </input_file>
      <input_file id="fl-33">
         <path>C:\ti\ccsv6\tools\compiler\c5500_4.4.1\lib\</path>
         <kind>archive</kind>
         <file>rts55x.lib</file>
         <name>isinf.obj</name>
      </input_file>
      <input_file id="fl-34">
         <path>C:\ti\ccsv6\tools\compiler\c5500_4.4.1\lib\</path>
         <kind>archive</kind>
         <file>rts55x.lib</file>
         <name>llmpy.obj</name>
      </input_file>
      <input_file id="fl-35">
         <path>C:\ti\ccsv6\tools\compiler\c5500_4.4.1\lib\</path>
         <kind>archive</kind>
         <file>rts55x.lib</file>
         <name>lowlev.obj</name>
      </input_file>
      <input_file id="fl-36">
         <path>C:\ti\ccsv6\tools\compiler\c5500_4.4.1\lib\</path>
         <kind>archive</kind>
         <file>rts55x.lib</file>
         <name>ltoa.obj</name>
      </input_file>
      <input_file id="fl-37">
         <path>C:\ti\ccsv6\tools\compiler\c5500_4.4.1\lib\</path>
         <kind>archive</kind>
         <file>rts55x.lib</file>
         <name>memccpy.obj</name>
      </input_file>
      <input_file id="fl-38">
         <path>C:\ti\ccsv6\tools\compiler\c5500_4.4.1\lib\</path>
         <kind>archive</kind>
         <file>rts55x.lib</file>
         <name>memcpy.obj</name>
      </input_file>
      <input_file id="fl-39">
         <path>C:\ti\ccsv6\tools\compiler\c5500_4.4.1\lib\</path>
         <kind>archive</kind>
         <file>rts55x.lib</file>
         <name>negd.obj</name>
      </input_file>
      <input_file id="fl-3a">
         <path>C:\ti\ccsv6\tools\compiler\c5500_4.4.1\lib\</path>
         <kind>archive</kind>
         <file>rts55x.lib</file>
         <name>remli.obj</name>
      </input_file>
      <input_file id="fl-3b">
         <path>C:\ti\ccsv6\tools\compiler\c5500_4.4.1\lib\</path>
         <kind>archive</kind>
         <file>rts55x.lib</file>
         <name>remul.obj</name>
      </input_file>
      <input_file id="fl-3c">
         <path>C:\ti\ccsv6\tools\compiler\c5500_4.4.1\lib\</path>
         <kind>archive</kind>
         <file>rts55x.lib</file>
         <name>subd.obj</name>
      </input_file>
      <input_file id="fl-3d">
         <path>C:\ti\ccsv6\tools\compiler\c5500_4.4.1\lib\</path>
         <kind>archive</kind>
         <file>rts55x.lib</file>
         <name>trgdrv.obj</name>
      </input_file>
      <input_file id="fl-3e">
         <path>C:\ti\ccsv6\tools\compiler\c5500_4.4.1\lib\</path>
         <kind>archive</kind>
         <file>rts55x.lib</file>
         <name>trgmsg.obj</name>
      </input_file>
      <input_file id="fl-3f">
         <path>C:\ti\ccsv6\tools\compiler\c5500_4.4.1\lib\</path>
         <kind>archive</kind>
         <file>rts55x.lib</file>
         <name>udiv.obj</name>
      </input_file>
      <input_file id="fl-40">
         <path>C:\ti\ccsv6\tools\compiler\c5500_4.4.1\lib\</path>
         <kind>archive</kind>
         <file>rts55x.lib</file>
         <name>_io_perm.obj</name>
      </input_file>
      <input_file id="fl-41">
         <path>C:\ti\ccsv6\tools\compiler\c5500_4.4.1\lib\</path>
         <kind>archive</kind>
         <file>rts55x.lib</file>
         <name>addd.obj</name>
      </input_file>
      <input_file id="fl-42">
         <path>C:\ti\ccsv6\tools\compiler\c5500_4.4.1\lib\</path>
         <kind>archive</kind>
         <file>rts55x.lib</file>
         <name>divli.obj</name>
      </input_file>
      <input_file id="fl-43">
         <path>C:\ti\ccsv6\tools\compiler\c5500_4.4.1\lib\</path>
         <kind>archive</kind>
         <file>rts55x.lib</file>
         <name>fflush.obj</name>
      </input_file>
      <input_file id="fl-44">
         <path>C:\ti\ccsv6\tools\compiler\c5500_4.4.1\lib\</path>
         <kind>archive</kind>
         <file>rts55x.lib</file>
         <name>fseek.obj</name>
      </input_file>
      <input_file id="fl-45">
         <path>C:\ti\ccsv6\tools\compiler\c5500_4.4.1\lib\</path>
         <kind>archive</kind>
         <file>rts55x.lib</file>
         <name>setvbuf.obj</name>
      </input_file>
      <input_file id="fl-46">
         <path>C:\ti\ccsv6\tools\compiler\c5500_4.4.1\lib\</path>
         <kind>archive</kind>
         <file>rts55x.lib</file>
         <name>fopen.obj</name>
      </input_file>
      <input_file id="fl-47">
         <path>C:\ti\ccsv6\tools\compiler\c5500_4.4.1\lib\</path>
         <kind>archive</kind>
         <file>rts55x.lib</file>
         <name>memory.obj</name>
      </input_file>
      <input_file id="fl-48">
         <path>C:\ti\ccsv6\tools\compiler\c5500_4.4.1\lib\</path>
         <kind>archive</kind>
         <file>rts55x.lib</file>
         <name>fclose.obj</name>
      </input_file>
      <input_file id="fl-49">
         <path>C:\ti\ccsv6\tools\compiler\c5500_4.4.1\lib\</path>
         <kind>archive</kind>
         <file>rts55x.lib</file>
         <name>remove.obj</name>
      </input_file>
      <input_file id="fl-4a">
         <path>..\c55xx_csl\lib\</path>
         <kind>archive</kind>
         <file>cslVC5505.lib</file>
         <name>csl_sar.obj</name>
      </input_file>
      <input_file id="fl-4b">
         <path>..\c55xx_csl\lib\</path>
         <kind>archive</kind>
         <file>cslVC5505.lib</file>
         <name>csl_i2c.obj</name>
      </input_file>
      <input_file id="fl-4c">
         <path>..\c55xx_csl\lib\</path>
         <kind>archive</kind>
         <file>cslVC5505.lib</file>
         <name>csl_gpio.obj</name>
      </input_file>
   </input_file_list>
   <object_component_list>
      <object_component id="oc-af">
         <name>.text</name>
         <load_address>0x20000</load_address>
         <run_address>0x20000</run_address>
         <size>0x15a4</size>
         <input_file_ref idref="fl-28"/>
      </object_component>
      <object_component id="oc-147">
         <name>.text</name>
         <load_address>0x215a4</load_address>
         <run_address>0x215a4</run_address>
         <size>0xc3c</size>
         <input_file_ref idref="fl-4b"/>
      </object_component>
      <object_component id="oc-142">
         <name>.text</name>
         <load_address>0x221e0</load_address>
         <run_address>0x221e0</run_address>
         <size>0xb18</size>
         <input_file_ref idref="fl-4a"/>
      </object_component>
      <object_component id="oc-4c">
         <name>.text</name>
         <load_address>0x22cf8</load_address>
         <run_address>0x22cf8</run_address>
         <size>0x9f3</size>
         <input_file_ref idref="fl-14"/>
      </object_component>
      <object_component id="oc-14d">
         <name>.text</name>
         <load_address>0x236eb</load_address>
         <run_address>0x236eb</run_address>
         <size>0x68d</size>
         <input_file_ref idref="fl-4c"/>
      </object_component>
      <object_component id="oc-18">
         <name>.text</name>
         <load_address>0x23d78</load_address>
         <run_address>0x23d78</run_address>
         <size>0x5b5</size>
         <input_file_ref idref="fl-3"/>
      </object_component>
      <object_component id="oc-46">
         <name>.text</name>
         <load_address>0x2432d</load_address>
         <run_address>0x2432d</run_address>
         <size>0x554</size>
         <input_file_ref idref="fl-13"/>
      </object_component>
      <object_component id="oc-e4">
         <name>.text</name>
         <load_address>0x24881</load_address>
         <run_address>0x24881</run_address>
         <size>0x543</size>
         <input_file_ref idref="fl-35"/>
      </object_component>
      <object_component id="oc-106">
         <name>.text</name>
         <load_address>0x24dc4</load_address>
         <run_address>0x24dc4</run_address>
         <size>0x528</size>
         <input_file_ref idref="fl-3d"/>
      </object_component>
      <object_component id="oc-133">
         <name>.text</name>
         <load_address>0x252ec</load_address>
         <run_address>0x252ec</run_address>
         <size>0x4b5</size>
         <input_file_ref idref="fl-47"/>
      </object_component>
      <object_component id="oc-79">
         <name>.text</name>
         <load_address>0x257a1</load_address>
         <run_address>0x257a1</run_address>
         <size>0x3cc</size>
         <input_file_ref idref="fl-1c"/>
      </object_component>
      <object_component id="oc-1e">
         <name>.text</name>
         <load_address>0x25b6d</load_address>
         <run_address>0x25b6d</run_address>
         <size>0x31b</size>
         <input_file_ref idref="fl-4"/>
      </object_component>
      <object_component id="oc-2b">
         <name>.text</name>
         <load_address>0x25e88</load_address>
         <run_address>0x25e88</run_address>
         <size>0x2ef</size>
         <input_file_ref idref="fl-6"/>
      </object_component>
      <object_component id="oc-33">
         <name>.text</name>
         <load_address>0x26177</load_address>
         <run_address>0x26177</run_address>
         <size>0x2d2</size>
         <input_file_ref idref="fl-7"/>
      </object_component>
      <object_component id="oc-12d">
         <name>.text</name>
         <load_address>0x26449</load_address>
         <run_address>0x26449</run_address>
         <size>0x27f</size>
         <input_file_ref idref="fl-46"/>
      </object_component>
      <object_component id="oc-e0">
         <name>.text</name>
         <load_address>0x266c8</load_address>
         <run_address>0x266c8</run_address>
         <size>0x25e</size>
         <input_file_ref idref="fl-34"/>
      </object_component>
      <object_component id="oc-119">
         <name>.text</name>
         <load_address>0x26926</load_address>
         <run_address>0x26926</run_address>
         <size>0x25a</size>
         <input_file_ref idref="fl-41"/>
      </object_component>
      <object_component id="oc-c1">
         <name>.text</name>
         <load_address>0x26b80</load_address>
         <run_address>0x26b80</run_address>
         <size>0x1ea</size>
         <input_file_ref idref="fl-2c"/>
      </object_component>
      <object_component id="oc-5a">
         <name>.text</name>
         <load_address>0x26d6a</load_address>
         <run_address>0x26d6a</run_address>
         <size>0x192</size>
         <input_file_ref idref="fl-16"/>
      </object_component>
      <object_component id="oc-53">
         <name>.text</name>
         <load_address>0x26efc</load_address>
         <run_address>0x26efc</run_address>
         <size>0x17a</size>
         <input_file_ref idref="fl-15"/>
      </object_component>
      <object_component id="oc-d3">
         <name>.text</name>
         <load_address>0x27076</load_address>
         <run_address>0x27076</run_address>
         <size>0x163</size>
         <input_file_ref idref="fl-31"/>
      </object_component>
      <object_component id="oc-9d">
         <name>.text</name>
         <load_address>0x271d9</load_address>
         <run_address>0x271d9</run_address>
         <size>0x14c</size>
         <input_file_ref idref="fl-24"/>
      </object_component>
      <object_component id="oc-25">
         <name>.text</name>
         <load_address>0x27325</load_address>
         <run_address>0x27325</run_address>
         <size>0x12c</size>
         <input_file_ref idref="fl-5"/>
      </object_component>
      <object_component id="oc-5f">
         <name>.text</name>
         <load_address>0x27451</load_address>
         <run_address>0x27451</run_address>
         <size>0x107</size>
         <input_file_ref idref="fl-17"/>
      </object_component>
      <object_component id="oc-129">
         <name>.text</name>
         <load_address>0x27558</load_address>
         <run_address>0x27558</run_address>
         <size>0xe6</size>
         <input_file_ref idref="fl-45"/>
      </object_component>
      <object_component id="oc-115">
         <name>.text</name>
         <load_address>0x2763e</load_address>
         <run_address>0x2763e</run_address>
         <size>0xdd</size>
         <input_file_ref idref="fl-40"/>
      </object_component>
      <object_component id="oc-21">
         <name>.text:retain</name>
         <load_address>0x2771b</load_address>
         <run_address>0x2771b</run_address>
         <size>0xcc</size>
         <input_file_ref idref="fl-4"/>
      </object_component>
      <object_component id="oc-12">
         <name>.text</name>
         <load_address>0x277e7</load_address>
         <run_address>0x277e7</run_address>
         <size>0xc3</size>
         <input_file_ref idref="fl-2"/>
      </object_component>
      <object_component id="oc-121">
         <name>.text</name>
         <load_address>0x278aa</load_address>
         <run_address>0x278aa</run_address>
         <size>0xc2</size>
         <input_file_ref idref="fl-43"/>
      </object_component>
      <object_component id="oc-10e">
         <name>.text:CIO_breakpoint</name>
         <load_address>0x2796c</load_address>
         <run_address>0x2796c</run_address>
         <size>0xba</size>
         <input_file_ref idref="fl-3e"/>
      </object_component>
      <object_component id="oc-cf">
         <name>.text</name>
         <load_address>0x27a26</load_address>
         <run_address>0x27a26</run_address>
         <size>0xa6</size>
         <input_file_ref idref="fl-30"/>
      </object_component>
      <object_component id="oc-cb">
         <name>.text</name>
         <load_address>0x27acc</load_address>
         <run_address>0x27acc</run_address>
         <size>0xa1</size>
         <input_file_ref idref="fl-2f"/>
      </object_component>
      <object_component id="oc-65">
         <name>.text</name>
         <load_address>0x27b6d</load_address>
         <run_address>0x27b6d</run_address>
         <size>0x8e</size>
         <input_file_ref idref="fl-18"/>
      </object_component>
      <object_component id="oc-42">
         <name>.text</name>
         <load_address>0x27bfb</load_address>
         <run_address>0x27bfb</run_address>
         <size>0x8c</size>
         <input_file_ref idref="fl-12"/>
      </object_component>
      <object_component id="oc-6a">
         <name>.text</name>
         <load_address>0x27c87</load_address>
         <run_address>0x27c87</run_address>
         <size>0x87</size>
         <input_file_ref idref="fl-19"/>
      </object_component>
      <object_component id="oc-ea">
         <name>.text</name>
         <load_address>0x27d0e</load_address>
         <run_address>0x27d0e</run_address>
         <size>0x7d</size>
         <input_file_ref idref="fl-36"/>
      </object_component>
      <object_component id="oc-13a">
         <name>.text</name>
         <load_address>0x27d8b</load_address>
         <run_address>0x27d8b</run_address>
         <size>0x7b</size>
         <input_file_ref idref="fl-48"/>
      </object_component>
      <object_component id="oc-d8">
         <name>.text</name>
         <load_address>0x27e06</load_address>
         <run_address>0x27e06</run_address>
         <size>0x76</size>
         <input_file_ref idref="fl-32"/>
      </object_component>
      <object_component id="oc-95">
         <name>.text</name>
         <load_address>0x27e7c</load_address>
         <run_address>0x27e7c</run_address>
         <size>0x73</size>
         <input_file_ref idref="fl-22"/>
      </object_component>
      <object_component id="oc-fe">
         <name>.text</name>
         <load_address>0x27eef</load_address>
         <run_address>0x27eef</run_address>
         <size>0x72</size>
         <input_file_ref idref="fl-3b"/>
      </object_component>
      <object_component id="oc-88">
         <name>.text</name>
         <load_address>0x27f61</load_address>
         <run_address>0x27f61</run_address>
         <size>0x6f</size>
         <input_file_ref idref="fl-1f"/>
      </object_component>
      <object_component id="oc-3d">
         <name>.text</name>
         <load_address>0x27fd0</load_address>
         <run_address>0x27fd0</run_address>
         <size>0x6d</size>
         <input_file_ref idref="fl-11"/>
      </object_component>
      <object_component id="oc-10b">
         <name>.text</name>
         <load_address>0x2803d</load_address>
         <run_address>0x2803d</run_address>
         <size>0x6d</size>
         <input_file_ref idref="fl-3e"/>
      </object_component>
      <object_component id="oc-125">
         <name>.text</name>
         <load_address>0x280aa</load_address>
         <run_address>0x280aa</run_address>
         <size>0x6b</size>
         <input_file_ref idref="fl-44"/>
      </object_component>
      <object_component id="oc-90">
         <name>.text</name>
         <load_address>0x28115</load_address>
         <run_address>0x28115</run_address>
         <size>0x67</size>
         <input_file_ref idref="fl-21"/>
      </object_component>
      <object_component id="oc-b9">
         <name>.text</name>
         <load_address>0x2817c</load_address>
         <run_address>0x2817c</run_address>
         <size>0x5c</size>
         <input_file_ref idref="fl-2a"/>
      </object_component>
      <object_component id="oc-70">
         <name>.text</name>
         <load_address>0x281d8</load_address>
         <run_address>0x281d8</run_address>
         <size>0x54</size>
         <input_file_ref idref="fl-1a"/>
      </object_component>
      <object_component id="oc-a1">
         <name>.text</name>
         <load_address>0x2822c</load_address>
         <run_address>0x2822c</run_address>
         <size>0x50</size>
         <input_file_ref idref="fl-25"/>
      </object_component>
      <object_component id="oc-bd">
         <name>.text</name>
         <load_address>0x2827c</load_address>
         <run_address>0x2827c</run_address>
         <size>0x4d</size>
         <input_file_ref idref="fl-2b"/>
      </object_component>
      <object_component id="oc-b5">
         <name>.text</name>
         <load_address>0x282c9</load_address>
         <run_address>0x282c9</run_address>
         <size>0x4b</size>
         <input_file_ref idref="fl-29"/>
      </object_component>
      <object_component id="oc-fa">
         <name>.text</name>
         <load_address>0x28314</load_address>
         <run_address>0x28314</run_address>
         <size>0x4b</size>
         <input_file_ref idref="fl-3a"/>
      </object_component>
      <object_component id="oc-11d">
         <name>.text</name>
         <load_address>0x2835f</load_address>
         <run_address>0x2835f</run_address>
         <size>0x48</size>
         <input_file_ref idref="fl-42"/>
      </object_component>
      <object_component id="oc-f2">
         <name>.text</name>
         <load_address>0x283a7</load_address>
         <run_address>0x283a7</run_address>
         <size>0x3f</size>
         <input_file_ref idref="fl-38"/>
      </object_component>
      <object_component id="oc-7d">
         <name>.text</name>
         <load_address>0x283e6</load_address>
         <run_address>0x283e6</run_address>
         <size>0x3e</size>
         <input_file_ref idref="fl-1d"/>
      </object_component>
      <object_component id="oc-10">
         <name>.text</name>
         <load_address>0x28424</load_address>
         <run_address>0x28424</run_address>
         <size>0x34</size>
         <input_file_ref idref="fl-1b"/>
      </object_component>
      <object_component id="oc-84">
         <name>.text</name>
         <load_address>0x28458</load_address>
         <run_address>0x28458</run_address>
         <size>0x2a</size>
         <input_file_ref idref="fl-1e"/>
      </object_component>
      <object_component id="oc-111">
         <name>.text</name>
         <load_address>0x28482</load_address>
         <run_address>0x28482</run_address>
         <size>0x2a</size>
         <input_file_ref idref="fl-3f"/>
      </object_component>
      <object_component id="oc-ee">
         <name>.text</name>
         <load_address>0x284ac</load_address>
         <run_address>0x284ac</run_address>
         <size>0x23</size>
         <input_file_ref idref="fl-37"/>
      </object_component>
      <object_component id="oc-dc">
         <name>.text</name>
         <load_address>0x284cf</load_address>
         <run_address>0x284cf</run_address>
         <size>0x1a</size>
         <input_file_ref idref="fl-33"/>
      </object_component>
      <object_component id="oc-102">
         <name>.text</name>
         <load_address>0x284e9</load_address>
         <run_address>0x284e9</run_address>
         <size>0x14</size>
         <input_file_ref idref="fl-3c"/>
      </object_component>
      <object_component id="oc-99">
         <name>.text</name>
         <load_address>0x284fd</load_address>
         <run_address>0x284fd</run_address>
         <size>0x13</size>
         <input_file_ref idref="fl-23"/>
      </object_component>
      <object_component id="oc-a9">
         <name>.text</name>
         <load_address>0x28510</load_address>
         <run_address>0x28510</run_address>
         <size>0x12</size>
         <input_file_ref idref="fl-27"/>
      </object_component>
      <object_component id="oc-f6">
         <name>.text</name>
         <load_address>0x28522</load_address>
         <run_address>0x28522</run_address>
         <size>0x10</size>
         <input_file_ref idref="fl-39"/>
      </object_component>
      <object_component id="oc-8c">
         <name>.text</name>
         <load_address>0x28532</load_address>
         <run_address>0x28532</run_address>
         <size>0xc</size>
         <input_file_ref idref="fl-20"/>
      </object_component>
      <object_component id="oc-13e">
         <name>.text</name>
         <load_address>0x2853e</load_address>
         <run_address>0x2853e</run_address>
         <size>0xa</size>
         <input_file_ref idref="fl-49"/>
      </object_component>
      <object_component id="oc-81">
         <name>.text:CIO_breakpoint</name>
         <load_address>0x28548</load_address>
         <run_address>0x28548</run_address>
         <size>0x7</size>
         <input_file_ref idref="fl-1d"/>
      </object_component>
      <object_component id="oc-a5">
         <name>.text</name>
         <load_address>0x2854f</load_address>
         <run_address>0x2854f</run_address>
         <size>0x2</size>
         <input_file_ref idref="fl-26"/>
      </object_component>
      <object_component id="oc-75">
         <name>.stack</name>
         <uninitialized>true</uninitialized>
         <run_address>0xc0</run_address>
         <size>0x0</size>
         <input_file_ref idref="fl-1b"/>
      </object_component>
      <object_component id="oc-16e">
         <name>.stack</name>
         <uninitialized>true</uninitialized>
         <run_address>0xc0</run_address>
         <size>0x0</size>
      </object_component>
      <object_component id="oc-152">
         <name>.sysstack</name>
         <uninitialized>true</uninitialized>
         <run_address>0x20c0</run_address>
         <size>0x0</size>
         <input_file_ref idref="fl-1b"/>
      </object_component>
      <object_component id="oc-170">
         <name>.sysstack</name>
         <uninitialized>true</uninitialized>
         <run_address>0x20c0</run_address>
         <size>0x0</size>
      </object_component>
      <object_component id="oc-1f">
         <name>.bss</name>
         <uninitialized>true</uninitialized>
         <run_address>0x50c0</run_address>
         <size>0x810</size>
         <input_file_ref idref="fl-4"/>
      </object_component>
      <object_component id="oc-39">
         <name>.bss</name>
         <uninitialized>true</uninitialized>
         <run_address>0x58d0</run_address>
         <size>0x408</size>
         <input_file_ref idref="fl-8"/>
      </object_component>
      <object_component id="oc-2c">
         <name>.bss</name>
         <uninitialized>true</uninitialized>
         <run_address>0x5cd8</run_address>
         <size>0x310</size>
         <input_file_ref idref="fl-6"/>
      </object_component>
      <object_component id="oc-c7">
         <name>.bss</name>
         <uninitialized>true</uninitialized>
         <run_address>0x5fe8</run_address>
         <size>0x232</size>
         <input_file_ref idref="fl-2e"/>
      </object_component>
      <object_component id="oc-107">
         <name>.bss</name>
         <uninitialized>true</uninitialized>
         <run_address>0x621a</run_address>
         <size>0x1a0</size>
         <input_file_ref idref="fl-3d"/>
      </object_component>
      <object_component id="oc-12e">
         <name>.bss</name>
         <uninitialized>true</uninitialized>
         <run_address>0x63ba</run_address>
         <size>0x2</size>
         <input_file_ref idref="fl-46"/>
      </object_component>
      <object_component id="oc-47">
         <name>.bss</name>
         <uninitialized>true</uninitialized>
         <run_address>0x63bc</run_address>
         <size>0x108</size>
         <input_file_ref idref="fl-13"/>
      </object_component>
      <object_component id="oc-e5">
         <name>.bss</name>
         <uninitialized>true</uninitialized>
         <run_address>0x64c4</run_address>
         <size>0xe2</size>
         <input_file_ref idref="fl-35"/>
      </object_component>
      <object_component id="oc-4d">
         <name>.bss</name>
         <uninitialized>true</uninitialized>
         <run_address>0x65a6</run_address>
         <size>0x54</size>
         <input_file_ref idref="fl-14"/>
      </object_component>
      <object_component id="oc-148">
         <name>.bss</name>
         <uninitialized>true</uninitialized>
         <run_address>0x65fc</run_address>
         <size>0x24</size>
         <input_file_ref idref="fl-4b"/>
      </object_component>
      <object_component id="oc-54">
         <name>.bss</name>
         <uninitialized>true</uninitialized>
         <run_address>0x6620</run_address>
         <size>0x10</size>
         <input_file_ref idref="fl-15"/>
      </object_component>
      <object_component id="oc-134">
         <name>.bss</name>
         <uninitialized>true</uninitialized>
         <run_address>0x6630</run_address>
         <size>0xc</size>
         <input_file_ref idref="fl-47"/>
      </object_component>
      <object_component id="oc-6b">
         <name>.bss</name>
         <uninitialized>true</uninitialized>
         <run_address>0x663c</run_address>
         <size>0x8</size>
         <input_file_ref idref="fl-19"/>
      </object_component>
      <object_component id="oc-aa">
         <name>.bss</name>
         <uninitialized>true</uninitialized>
         <run_address>0x6644</run_address>
         <size>0x8</size>
         <input_file_ref idref="fl-27"/>
      </object_component>
      <object_component id="oc-7e">
         <name>.bss</name>
         <uninitialized>true</uninitialized>
         <run_address>0x664c</run_address>
         <size>0x8</size>
         <input_file_ref idref="fl-1d"/>
      </object_component>
      <object_component id="oc-13">
         <name>.bss</name>
         <uninitialized>true</uninitialized>
         <run_address>0x6654</run_address>
         <size>0x4</size>
         <input_file_ref idref="fl-2"/>
      </object_component>
      <object_component id="oc-60">
         <name>.bss</name>
         <uninitialized>true</uninitialized>
         <run_address>0x6658</run_address>
         <size>0x4</size>
         <input_file_ref idref="fl-17"/>
      </object_component>
      <object_component id="oc-1a">
         <name>.const:.string</name>
         <load_address>0x665c</load_address>
         <run_address>0x665c</run_address>
         <size>0x2e8</size>
         <input_file_ref idref="fl-3"/>
      </object_component>
      <object_component id="oc-156">
         <name>.const:__ctypes_</name>
         <load_address>0x6944</load_address>
         <run_address>0x6944</run_address>
         <size>0x202</size>
         <input_file_ref idref="fl-2d"/>
      </object_component>
      <object_component id="oc-154">
         <name>.const:_consolas_8ptBitmaps</name>
         <load_address>0x6b46</load_address>
         <run_address>0x6b46</run_address>
         <size>0xc0</size>
         <input_file_ref idref="fl-7"/>
      </object_component>
      <object_component id="oc-35">
         <name>.const</name>
         <load_address>0x6c06</load_address>
         <run_address>0x6c06</run_address>
         <size>0x2</size>
         <input_file_ref idref="fl-7"/>
      </object_component>
      <object_component id="oc-2f">
         <name>.const:.string</name>
         <load_address>0x6c08</load_address>
         <run_address>0x6c08</run_address>
         <size>0x72</size>
         <input_file_ref idref="fl-6"/>
      </object_component>
      <object_component id="oc-b2">
         <name>.const:.string</name>
         <load_address>0x6c7c</load_address>
         <run_address>0x6c7c</run_address>
         <size>0x48</size>
         <input_file_ref idref="fl-28"/>
      </object_component>
      <object_component id="oc-b1">
         <name>.const</name>
         <load_address>0x6cc4</load_address>
         <run_address>0x6cc4</run_address>
         <size>0x18</size>
         <input_file_ref idref="fl-28"/>
      </object_component>
      <object_component id="oc-155">
         <name>.const:_initial_approx$1</name>
         <load_address>0x6cdc</load_address>
         <run_address>0x6cdc</run_address>
         <size>0x10</size>
         <input_file_ref idref="fl-1c"/>
      </object_component>
      <object_component id="oc-27">
         <name>.const</name>
         <load_address>0x6cec</load_address>
         <run_address>0x6cec</run_address>
         <size>0x8</size>
         <input_file_ref idref="fl-5"/>
      </object_component>
      <object_component id="oc-2e">
         <name>.const</name>
         <load_address>0x6cf4</load_address>
         <run_address>0x6cf4</run_address>
         <size>0x8</size>
         <input_file_ref idref="fl-6"/>
      </object_component>
      <object_component id="oc-d5">
         <name>.const:.string</name>
         <load_address>0x6cfc</load_address>
         <run_address>0x6cfc</run_address>
         <size>0x4</size>
         <input_file_ref idref="fl-31"/>
      </object_component>
      <object_component id="oc-92">
         <name>.const</name>
         <load_address>0x6d00</load_address>
         <run_address>0x6d00</run_address>
         <size>0x4</size>
         <input_file_ref idref="fl-21"/>
      </object_component>
      <object_component id="oc-137">
         <name>.sysmem</name>
         <uninitialized>true</uninitialized>
         <run_address>0x30c0</run_address>
         <size>0x0</size>
         <input_file_ref idref="fl-47"/>
      </object_component>
      <object_component id="oc-16f">
         <name>.sysmem</name>
         <uninitialized>true</uninitialized>
         <run_address>0x30c0</run_address>
         <size>0x0</size>
      </object_component>
      <object_component id="oc-153">
         <name>.switch:_printChar</name>
         <load_address>0x40768</load_address>
         <run_address>0x40768</run_address>
         <size>0x28</size>
         <input_file_ref idref="fl-7"/>
      </object_component>
      <object_component id="oc-3b">
         <name>.cinit</name>
         <load_address>0x40000</load_address>
         <run_address>0x40000</run_address>
         <size>0x412</size>
         <input_file_ref idref="fl-8"/>
      </object_component>
      <object_component id="oc-e7">
         <name>.cinit</name>
         <load_address>0x40412</load_address>
         <run_address>0x40412</run_address>
         <size>0x5a</size>
         <input_file_ref idref="fl-35"/>
      </object_component>
      <object_component id="oc-c9">
         <name>.cinit</name>
         <load_address>0x4046c</load_address>
         <run_address>0x4046c</run_address>
         <size>0x54</size>
         <input_file_ref idref="fl-2e"/>
      </object_component>
      <object_component id="oc-56">
         <name>.cinit</name>
         <load_address>0x404c0</load_address>
         <run_address>0x404c0</run_address>
         <size>0x18</size>
         <input_file_ref idref="fl-15"/>
      </object_component>
      <object_component id="oc-ac">
         <name>.cinit</name>
         <load_address>0x404d8</load_address>
         <run_address>0x404d8</run_address>
         <size>0x14</size>
         <input_file_ref idref="fl-27"/>
      </object_component>
      <object_component id="oc-80">
         <name>.cinit</name>
         <load_address>0x404ec</load_address>
         <run_address>0x404ec</run_address>
         <size>0x14</size>
         <input_file_ref idref="fl-1d"/>
      </object_component>
      <object_component id="oc-4f">
         <name>.cinit</name>
         <load_address>0x40500</load_address>
         <run_address>0x40500</run_address>
         <size>0x10</size>
         <input_file_ref idref="fl-14"/>
      </object_component>
      <object_component id="oc-130">
         <name>.cinit</name>
         <load_address>0x40510</load_address>
         <run_address>0x40510</run_address>
         <size>0x8</size>
         <input_file_ref idref="fl-46"/>
      </object_component>
      <object_component id="oc-136">
         <name>.cinit</name>
         <load_address>0x40518</load_address>
         <run_address>0x40518</run_address>
         <size>0x8</size>
         <input_file_ref idref="fl-47"/>
      </object_component>
      <object_component id="oc-10d">
         <name>.cio</name>
         <uninitialized>true</uninitialized>
         <run_address>0x40528</run_address>
         <size>0x240</size>
         <input_file_ref idref="fl-3e"/>
      </object_component>
      <object_component id="oc-3e">
         <name>vectors</name>
         <load_address>0x4fe00</load_address>
         <run_address>0x4fe00</run_address>
         <size>0x100</size>
         <input_file_ref idref="fl-11"/>
      </object_component>
      <object_component id="oc-11">
         <name>vectors</name>
         <load_address>0x4ff00</load_address>
         <run_address>0x4ff00</run_address>
         <size>0x100</size>
         <input_file_ref idref="fl-26"/>
      </object_component>
      <object_component id="oc-14">
         <name>.debug_info</name>
         <load_address>0x0</load_address>
         <run_address>0x0</run_address>
         <size>0xc6a</size>
         <input_file_ref idref="fl-2"/>
      </object_component>
      <object_component id="oc-19">
         <name>.debug_info</name>
         <load_address>0xc6a</load_address>
         <run_address>0xc6a</run_address>
         <size>0x1bc1</size>
         <input_file_ref idref="fl-3"/>
      </object_component>
      <object_component id="oc-20">
         <name>.debug_info</name>
         <load_address>0x282b</load_address>
         <run_address>0x282b</run_address>
         <size>0x1050</size>
         <input_file_ref idref="fl-4"/>
      </object_component>
      <object_component id="oc-26">
         <name>.debug_info</name>
         <load_address>0x387b</load_address>
         <run_address>0x387b</run_address>
         <size>0x704</size>
         <input_file_ref idref="fl-5"/>
      </object_component>
      <object_component id="oc-2d">
         <name>.debug_info</name>
         <load_address>0x3f7f</load_address>
         <run_address>0x3f7f</run_address>
         <size>0xeb3</size>
         <input_file_ref idref="fl-6"/>
      </object_component>
      <object_component id="oc-34">
         <name>.debug_info</name>
         <load_address>0x4e32</load_address>
         <run_address>0x4e32</run_address>
         <size>0xced</size>
         <input_file_ref idref="fl-7"/>
      </object_component>
      <object_component id="oc-3a">
         <name>.debug_info</name>
         <load_address>0x5b1f</load_address>
         <run_address>0x5b1f</run_address>
         <size>0x4e6</size>
         <input_file_ref idref="fl-8"/>
      </object_component>
      <object_component id="oc-3f">
         <name>.debug_info</name>
         <load_address>0x6005</load_address>
         <run_address>0x6005</run_address>
         <size>0x1a4</size>
         <input_file_ref idref="fl-11"/>
      </object_component>
      <object_component id="oc-43">
         <name>.debug_info</name>
         <load_address>0x61a9</load_address>
         <run_address>0x61a9</run_address>
         <size>0x18e</size>
         <input_file_ref idref="fl-12"/>
      </object_component>
      <object_component id="oc-48">
         <name>.debug_info</name>
         <load_address>0x6337</load_address>
         <run_address>0x6337</run_address>
         <size>0x6f61</size>
         <input_file_ref idref="fl-13"/>
      </object_component>
      <object_component id="oc-4e">
         <name>.debug_info</name>
         <load_address>0xd298</load_address>
         <run_address>0xd298</run_address>
         <size>0x710f</size>
         <input_file_ref idref="fl-14"/>
      </object_component>
      <object_component id="oc-55">
         <name>.debug_info</name>
         <load_address>0x143a7</load_address>
         <run_address>0x143a7</run_address>
         <size>0x6384</size>
         <input_file_ref idref="fl-15"/>
      </object_component>
      <object_component id="oc-5b">
         <name>.debug_info</name>
         <load_address>0x1a72b</load_address>
         <run_address>0x1a72b</run_address>
         <size>0x5f6b</size>
         <input_file_ref idref="fl-16"/>
      </object_component>
      <object_component id="oc-61">
         <name>.debug_info</name>
         <load_address>0x20696</load_address>
         <run_address>0x20696</run_address>
         <size>0x6979</size>
         <input_file_ref idref="fl-17"/>
      </object_component>
      <object_component id="oc-66">
         <name>.debug_info</name>
         <load_address>0x2700f</load_address>
         <run_address>0x2700f</run_address>
         <size>0x65d7</size>
         <input_file_ref idref="fl-18"/>
      </object_component>
      <object_component id="oc-6c">
         <name>.debug_info</name>
         <load_address>0x2d5e6</load_address>
         <run_address>0x2d5e6</run_address>
         <size>0x63d2</size>
         <input_file_ref idref="fl-19"/>
      </object_component>
      <object_component id="oc-71">
         <name>.debug_info</name>
         <load_address>0x339b8</load_address>
         <run_address>0x339b8</run_address>
         <size>0x5896</size>
         <input_file_ref idref="fl-1a"/>
      </object_component>
      <object_component id="oc-76">
         <name>.debug_info</name>
         <load_address>0x3924e</load_address>
         <run_address>0x3924e</run_address>
         <size>0xe8</size>
         <input_file_ref idref="fl-1b"/>
      </object_component>
      <object_component id="oc-7a">
         <name>.debug_info</name>
         <load_address>0x39336</load_address>
         <run_address>0x39336</run_address>
         <size>0x7e8</size>
         <input_file_ref idref="fl-1c"/>
      </object_component>
      <object_component id="oc-7f">
         <name>.debug_info</name>
         <load_address>0x39b1e</load_address>
         <run_address>0x39b1e</run_address>
         <size>0x5fb</size>
         <input_file_ref idref="fl-1d"/>
      </object_component>
      <object_component id="oc-85">
         <name>.debug_info</name>
         <load_address>0x3a119</load_address>
         <run_address>0x3a119</run_address>
         <size>0x4cf</size>
         <input_file_ref idref="fl-1e"/>
      </object_component>
      <object_component id="oc-89">
         <name>.debug_info</name>
         <load_address>0x3a5e8</load_address>
         <run_address>0x3a5e8</run_address>
         <size>0x534</size>
         <input_file_ref idref="fl-1f"/>
      </object_component>
      <object_component id="oc-8d">
         <name>.debug_info</name>
         <load_address>0x3ab1c</load_address>
         <run_address>0x3ab1c</run_address>
         <size>0x4cf</size>
         <input_file_ref idref="fl-20"/>
      </object_component>
      <object_component id="oc-91">
         <name>.debug_info</name>
         <load_address>0x3afeb</load_address>
         <run_address>0x3afeb</run_address>
         <size>0x549</size>
         <input_file_ref idref="fl-21"/>
      </object_component>
      <object_component id="oc-96">
         <name>.debug_info</name>
         <load_address>0x3b534</load_address>
         <run_address>0x3b534</run_address>
         <size>0x53e</size>
         <input_file_ref idref="fl-22"/>
      </object_component>
      <object_component id="oc-9a">
         <name>.debug_info</name>
         <load_address>0x3ba72</load_address>
         <run_address>0x3ba72</run_address>
         <size>0xbd</size>
         <input_file_ref idref="fl-23"/>
      </object_component>
      <object_component id="oc-9e">
         <name>.debug_info</name>
         <load_address>0x3bb2f</load_address>
         <run_address>0x3bb2f</run_address>
         <size>0x55b</size>
         <input_file_ref idref="fl-24"/>
      </object_component>
      <object_component id="oc-a2">
         <name>.debug_info</name>
         <load_address>0x3c08a</load_address>
         <run_address>0x3c08a</run_address>
         <size>0x76c</size>
         <input_file_ref idref="fl-25"/>
      </object_component>
      <object_component id="oc-a6">
         <name>.debug_info</name>
         <load_address>0x3c7f6</load_address>
         <run_address>0x3c7f6</run_address>
         <size>0xbc</size>
         <input_file_ref idref="fl-26"/>
      </object_component>
      <object_component id="oc-ab">
         <name>.debug_info</name>
         <load_address>0x3c8b2</load_address>
         <run_address>0x3c8b2</run_address>
         <size>0x5bc</size>
         <input_file_ref idref="fl-27"/>
      </object_component>
      <object_component id="oc-b0">
         <name>.debug_info</name>
         <load_address>0x3ce6e</load_address>
         <run_address>0x3ce6e</run_address>
         <size>0x27bd</size>
         <input_file_ref idref="fl-28"/>
      </object_component>
      <object_component id="oc-b6">
         <name>.debug_info</name>
         <load_address>0x3f62b</load_address>
         <run_address>0x3f62b</run_address>
         <size>0x586</size>
         <input_file_ref idref="fl-29"/>
      </object_component>
      <object_component id="oc-ba">
         <name>.debug_info</name>
         <load_address>0x3fbb1</load_address>
         <run_address>0x3fbb1</run_address>
         <size>0x5a4</size>
         <input_file_ref idref="fl-2a"/>
      </object_component>
      <object_component id="oc-be">
         <name>.debug_info</name>
         <load_address>0x40155</load_address>
         <run_address>0x40155</run_address>
         <size>0xcd</size>
         <input_file_ref idref="fl-2b"/>
      </object_component>
      <object_component id="oc-c2">
         <name>.debug_info</name>
         <load_address>0x40222</load_address>
         <run_address>0x40222</run_address>
         <size>0x81f</size>
         <input_file_ref idref="fl-2c"/>
      </object_component>
      <object_component id="oc-c5">
         <name>.debug_info</name>
         <load_address>0x40a41</load_address>
         <run_address>0x40a41</run_address>
         <size>0x498</size>
         <input_file_ref idref="fl-2d"/>
      </object_component>
      <object_component id="oc-c8">
         <name>.debug_info</name>
         <load_address>0x40ed9</load_address>
         <run_address>0x40ed9</run_address>
         <size>0x57e</size>
         <input_file_ref idref="fl-2e"/>
      </object_component>
      <object_component id="oc-cc">
         <name>.debug_info</name>
         <load_address>0x41457</load_address>
         <run_address>0x41457</run_address>
         <size>0x534</size>
         <input_file_ref idref="fl-2f"/>
      </object_component>
      <object_component id="oc-d0">
         <name>.debug_info</name>
         <load_address>0x4198b</load_address>
         <run_address>0x4198b</run_address>
         <size>0x6aa</size>
         <input_file_ref idref="fl-30"/>
      </object_component>
      <object_component id="oc-d4">
         <name>.debug_info</name>
         <load_address>0x42035</load_address>
         <run_address>0x42035</run_address>
         <size>0x942</size>
         <input_file_ref idref="fl-31"/>
      </object_component>
      <object_component id="oc-d9">
         <name>.debug_info</name>
         <load_address>0x42977</load_address>
         <run_address>0x42977</run_address>
         <size>0x4d2</size>
         <input_file_ref idref="fl-32"/>
      </object_component>
      <object_component id="oc-dd">
         <name>.debug_info</name>
         <load_address>0x42e49</load_address>
         <run_address>0x42e49</run_address>
         <size>0x680</size>
         <input_file_ref idref="fl-33"/>
      </object_component>
      <object_component id="oc-e1">
         <name>.debug_info</name>
         <load_address>0x434c9</load_address>
         <run_address>0x434c9</run_address>
         <size>0x7d4</size>
         <input_file_ref idref="fl-34"/>
      </object_component>
      <object_component id="oc-e6">
         <name>.debug_info</name>
         <load_address>0x43c9d</load_address>
         <run_address>0x43c9d</run_address>
         <size>0x144b</size>
         <input_file_ref idref="fl-35"/>
      </object_component>
      <object_component id="oc-eb">
         <name>.debug_info</name>
         <load_address>0x450e8</load_address>
         <run_address>0x450e8</run_address>
         <size>0x5ad</size>
         <input_file_ref idref="fl-36"/>
      </object_component>
      <object_component id="oc-ef">
         <name>.debug_info</name>
         <load_address>0x45695</load_address>
         <run_address>0x45695</run_address>
         <size>0x574</size>
         <input_file_ref idref="fl-37"/>
      </object_component>
      <object_component id="oc-f3">
         <name>.debug_info</name>
         <load_address>0x45c09</load_address>
         <run_address>0x45c09</run_address>
         <size>0xd1</size>
         <input_file_ref idref="fl-38"/>
      </object_component>
      <object_component id="oc-f7">
         <name>.debug_info</name>
         <load_address>0x45cda</load_address>
         <run_address>0x45cda</run_address>
         <size>0x4b7</size>
         <input_file_ref idref="fl-39"/>
      </object_component>
      <object_component id="oc-fb">
         <name>.debug_info</name>
         <load_address>0x46191</load_address>
         <run_address>0x46191</run_address>
         <size>0x4f2</size>
         <input_file_ref idref="fl-3a"/>
      </object_component>
      <object_component id="oc-ff">
         <name>.debug_info</name>
         <load_address>0x46683</load_address>
         <run_address>0x46683</run_address>
         <size>0x534</size>
         <input_file_ref idref="fl-3b"/>
      </object_component>
      <object_component id="oc-103">
         <name>.debug_info</name>
         <load_address>0x46bb7</load_address>
         <run_address>0x46bb7</run_address>
         <size>0x4de</size>
         <input_file_ref idref="fl-3c"/>
      </object_component>
      <object_component id="oc-108">
         <name>.debug_info</name>
         <load_address>0x47095</load_address>
         <run_address>0x47095</run_address>
         <size>0xed4</size>
         <input_file_ref idref="fl-3d"/>
      </object_component>
      <object_component id="oc-10c">
         <name>.debug_info</name>
         <load_address>0x47f69</load_address>
         <run_address>0x47f69</run_address>
         <size>0x744</size>
         <input_file_ref idref="fl-3e"/>
      </object_component>
      <object_component id="oc-112">
         <name>.debug_info</name>
         <load_address>0x486ad</load_address>
         <run_address>0x486ad</run_address>
         <size>0xef</size>
         <input_file_ref idref="fl-3f"/>
      </object_component>
      <object_component id="oc-116">
         <name>.debug_info</name>
         <load_address>0x4879c</load_address>
         <run_address>0x4879c</run_address>
         <size>0x662</size>
         <input_file_ref idref="fl-40"/>
      </object_component>
      <object_component id="oc-11a">
         <name>.debug_info</name>
         <load_address>0x48dfe</load_address>
         <run_address>0x48dfe</run_address>
         <size>0x5ab</size>
         <input_file_ref idref="fl-41"/>
      </object_component>
      <object_component id="oc-11e">
         <name>.debug_info</name>
         <load_address>0x493a9</load_address>
         <run_address>0x493a9</run_address>
         <size>0x4f2</size>
         <input_file_ref idref="fl-42"/>
      </object_component>
      <object_component id="oc-122">
         <name>.debug_info</name>
         <load_address>0x4989b</load_address>
         <run_address>0x4989b</run_address>
         <size>0x706</size>
         <input_file_ref idref="fl-43"/>
      </object_component>
      <object_component id="oc-126">
         <name>.debug_info</name>
         <load_address>0x49fa1</load_address>
         <run_address>0x49fa1</run_address>
         <size>0x5f7</size>
         <input_file_ref idref="fl-44"/>
      </object_component>
      <object_component id="oc-12a">
         <name>.debug_info</name>
         <load_address>0x4a598</load_address>
         <run_address>0x4a598</run_address>
         <size>0x64a</size>
         <input_file_ref idref="fl-45"/>
      </object_component>
      <object_component id="oc-12f">
         <name>.debug_info</name>
         <load_address>0x4abe2</load_address>
         <run_address>0x4abe2</run_address>
         <size>0xa1c</size>
         <input_file_ref idref="fl-46"/>
      </object_component>
      <object_component id="oc-135">
         <name>.debug_info</name>
         <load_address>0x4b5fe</load_address>
         <run_address>0x4b5fe</run_address>
         <size>0xb97</size>
         <input_file_ref idref="fl-47"/>
      </object_component>
      <object_component id="oc-13b">
         <name>.debug_info</name>
         <load_address>0x4c195</load_address>
         <run_address>0x4c195</run_address>
         <size>0x64f</size>
         <input_file_ref idref="fl-48"/>
      </object_component>
      <object_component id="oc-13f">
         <name>.debug_info</name>
         <load_address>0x4c7e4</load_address>
         <run_address>0x4c7e4</run_address>
         <size>0x510</size>
         <input_file_ref idref="fl-49"/>
      </object_component>
      <object_component id="oc-143">
         <name>.debug_info</name>
         <load_address>0x4ccf4</load_address>
         <run_address>0x4ccf4</run_address>
         <size>0x6ebb</size>
         <input_file_ref idref="fl-4a"/>
      </object_component>
      <object_component id="oc-149">
         <name>.debug_info</name>
         <load_address>0x53baf</load_address>
         <run_address>0x53baf</run_address>
         <size>0x7424</size>
         <input_file_ref idref="fl-4b"/>
      </object_component>
      <object_component id="oc-14e">
         <name>.debug_info</name>
         <load_address>0x5afd3</load_address>
         <run_address>0x5afd3</run_address>
         <size>0x6ced</size>
         <input_file_ref idref="fl-4c"/>
      </object_component>
      <object_component id="oc-177">
         <name>.debug_info</name>
         <load_address>0x61cc0</load_address>
         <run_address>0x61cc0</run_address>
         <size>0x6e</size>
      </object_component>
      <object_component id="oc-15">
         <name>.debug_frame</name>
         <load_address>0x0</load_address>
         <run_address>0x0</run_address>
         <size>0x171</size>
         <input_file_ref idref="fl-2"/>
      </object_component>
      <object_component id="oc-1b">
         <name>.debug_frame</name>
         <load_address>0x171</load_address>
         <run_address>0x171</run_address>
         <size>0x121</size>
         <input_file_ref idref="fl-3"/>
      </object_component>
      <object_component id="oc-22">
         <name>.debug_frame</name>
         <load_address>0x292</load_address>
         <run_address>0x292</run_address>
         <size>0x16a</size>
         <input_file_ref idref="fl-4"/>
      </object_component>
      <object_component id="oc-28">
         <name>.debug_frame</name>
         <load_address>0x3fc</load_address>
         <run_address>0x3fc</run_address>
         <size>0xe5</size>
         <input_file_ref idref="fl-5"/>
      </object_component>
      <object_component id="oc-30">
         <name>.debug_frame</name>
         <load_address>0x4e1</load_address>
         <run_address>0x4e1</run_address>
         <size>0xe8</size>
         <input_file_ref idref="fl-6"/>
      </object_component>
      <object_component id="oc-36">
         <name>.debug_frame</name>
         <load_address>0x5c9</load_address>
         <run_address>0x5c9</run_address>
         <size>0x13b</size>
         <input_file_ref idref="fl-7"/>
      </object_component>
      <object_component id="oc-49">
         <name>.debug_frame</name>
         <load_address>0x704</load_address>
         <run_address>0x704</run_address>
         <size>0x2a1</size>
         <input_file_ref idref="fl-13"/>
      </object_component>
      <object_component id="oc-50">
         <name>.debug_frame</name>
         <load_address>0x9a5</load_address>
         <run_address>0x9a5</run_address>
         <size>0x197</size>
         <input_file_ref idref="fl-14"/>
      </object_component>
      <object_component id="oc-57">
         <name>.debug_frame</name>
         <load_address>0xb3c</load_address>
         <run_address>0xb3c</run_address>
         <size>0x102</size>
         <input_file_ref idref="fl-15"/>
      </object_component>
      <object_component id="oc-5c">
         <name>.debug_frame</name>
         <load_address>0xc3e</load_address>
         <run_address>0xc3e</run_address>
         <size>0x13a</size>
         <input_file_ref idref="fl-16"/>
      </object_component>
      <object_component id="oc-62">
         <name>.debug_frame</name>
         <load_address>0xd78</load_address>
         <run_address>0xd78</run_address>
         <size>0x171</size>
         <input_file_ref idref="fl-17"/>
      </object_component>
      <object_component id="oc-67">
         <name>.debug_frame</name>
         <load_address>0xee9</load_address>
         <run_address>0xee9</run_address>
         <size>0x138</size>
         <input_file_ref idref="fl-18"/>
      </object_component>
      <object_component id="oc-6d">
         <name>.debug_frame</name>
         <load_address>0x1021</load_address>
         <run_address>0x1021</run_address>
         <size>0x138</size>
         <input_file_ref idref="fl-19"/>
      </object_component>
      <object_component id="oc-72">
         <name>.debug_frame</name>
         <load_address>0x1159</load_address>
         <run_address>0x1159</run_address>
         <size>0x116</size>
         <input_file_ref idref="fl-1a"/>
      </object_component>
      <object_component id="oc-144">
         <name>.debug_frame</name>
         <load_address>0x126f</load_address>
         <run_address>0x126f</run_address>
         <size>0x272</size>
         <input_file_ref idref="fl-4a"/>
      </object_component>
      <object_component id="oc-14a">
         <name>.debug_frame</name>
         <load_address>0x14e1</load_address>
         <run_address>0x14e1</run_address>
         <size>0x1ef</size>
         <input_file_ref idref="fl-4b"/>
      </object_component>
      <object_component id="oc-14f">
         <name>.debug_frame</name>
         <load_address>0x16d0</load_address>
         <run_address>0x16d0</run_address>
         <size>0x224</size>
         <input_file_ref idref="fl-4c"/>
      </object_component>
      <object_component id="oc-16">
         <name>.debug_line</name>
         <load_address>0x0</load_address>
         <run_address>0x0</run_address>
         <size>0xd0</size>
         <input_file_ref idref="fl-2"/>
      </object_component>
      <object_component id="oc-1c">
         <name>.debug_line</name>
         <load_address>0xd0</load_address>
         <run_address>0xd0</run_address>
         <size>0x253</size>
         <input_file_ref idref="fl-3"/>
      </object_component>
      <object_component id="oc-23">
         <name>.debug_line</name>
         <load_address>0x323</load_address>
         <run_address>0x323</run_address>
         <size>0x198</size>
         <input_file_ref idref="fl-4"/>
      </object_component>
      <object_component id="oc-29">
         <name>.debug_line</name>
         <load_address>0x4bb</load_address>
         <run_address>0x4bb</run_address>
         <size>0x8e</size>
         <input_file_ref idref="fl-5"/>
      </object_component>
      <object_component id="oc-31">
         <name>.debug_line</name>
         <load_address>0x549</load_address>
         <run_address>0x549</run_address>
         <size>0x171</size>
         <input_file_ref idref="fl-6"/>
      </object_component>
      <object_component id="oc-37">
         <name>.debug_line</name>
         <load_address>0x6ba</load_address>
         <run_address>0x6ba</run_address>
         <size>0x1d6</size>
         <input_file_ref idref="fl-7"/>
      </object_component>
      <object_component id="oc-40">
         <name>.debug_line</name>
         <load_address>0x890</load_address>
         <run_address>0x890</run_address>
         <size>0xa8</size>
         <input_file_ref idref="fl-11"/>
      </object_component>
      <object_component id="oc-44">
         <name>.debug_line</name>
         <load_address>0x938</load_address>
         <run_address>0x938</run_address>
         <size>0xab</size>
         <input_file_ref idref="fl-12"/>
      </object_component>
      <object_component id="oc-4a">
         <name>.debug_line</name>
         <load_address>0x9e3</load_address>
         <run_address>0x9e3</run_address>
         <size>0x83c</size>
         <input_file_ref idref="fl-13"/>
      </object_component>
      <object_component id="oc-51">
         <name>.debug_line</name>
         <load_address>0x121f</load_address>
         <run_address>0x121f</run_address>
         <size>0x94c</size>
         <input_file_ref idref="fl-14"/>
      </object_component>
      <object_component id="oc-58">
         <name>.debug_line</name>
         <load_address>0x1b6b</load_address>
         <run_address>0x1b6b</run_address>
         <size>0x66e</size>
         <input_file_ref idref="fl-15"/>
      </object_component>
      <object_component id="oc-5d">
         <name>.debug_line</name>
         <load_address>0x21d9</load_address>
         <run_address>0x21d9</run_address>
         <size>0x6ca</size>
         <input_file_ref idref="fl-16"/>
      </object_component>
      <object_component id="oc-63">
         <name>.debug_line</name>
         <load_address>0x28a3</load_address>
         <run_address>0x28a3</run_address>
         <size>0x69c</size>
         <input_file_ref idref="fl-17"/>
      </object_component>
      <object_component id="oc-68">
         <name>.debug_line</name>
         <load_address>0x2f3f</load_address>
         <run_address>0x2f3f</run_address>
         <size>0x659</size>
         <input_file_ref idref="fl-18"/>
      </object_component>
      <object_component id="oc-6e">
         <name>.debug_line</name>
         <load_address>0x3598</load_address>
         <run_address>0x3598</run_address>
         <size>0x653</size>
         <input_file_ref idref="fl-19"/>
      </object_component>
      <object_component id="oc-73">
         <name>.debug_line</name>
         <load_address>0x3beb</load_address>
         <run_address>0x3beb</run_address>
         <size>0x59c</size>
         <input_file_ref idref="fl-1a"/>
      </object_component>
      <object_component id="oc-77">
         <name>.debug_line</name>
         <load_address>0x4187</load_address>
         <run_address>0x4187</run_address>
         <size>0x54</size>
         <input_file_ref idref="fl-1b"/>
      </object_component>
      <object_component id="oc-7b">
         <name>.debug_line</name>
         <load_address>0x41db</load_address>
         <run_address>0x41db</run_address>
         <size>0x5b</size>
         <input_file_ref idref="fl-1c"/>
      </object_component>
      <object_component id="oc-82">
         <name>.debug_line</name>
         <load_address>0x4236</load_address>
         <run_address>0x4236</run_address>
         <size>0x51</size>
         <input_file_ref idref="fl-1d"/>
      </object_component>
      <object_component id="oc-86">
         <name>.debug_line</name>
         <load_address>0x4287</load_address>
         <run_address>0x4287</run_address>
         <size>0x3d</size>
         <input_file_ref idref="fl-1e"/>
      </object_component>
      <object_component id="oc-8a">
         <name>.debug_line</name>
         <load_address>0x42c4</load_address>
         <run_address>0x42c4</run_address>
         <size>0x3d</size>
         <input_file_ref idref="fl-1f"/>
      </object_component>
      <object_component id="oc-8e">
         <name>.debug_line</name>
         <load_address>0x4301</load_address>
         <run_address>0x4301</run_address>
         <size>0x3d</size>
         <input_file_ref idref="fl-20"/>
      </object_component>
      <object_component id="oc-93">
         <name>.debug_line</name>
         <load_address>0x433e</load_address>
         <run_address>0x433e</run_address>
         <size>0x44</size>
         <input_file_ref idref="fl-21"/>
      </object_component>
      <object_component id="oc-97">
         <name>.debug_line</name>
         <load_address>0x4382</load_address>
         <run_address>0x4382</run_address>
         <size>0x40</size>
         <input_file_ref idref="fl-22"/>
      </object_component>
      <object_component id="oc-9b">
         <name>.debug_line</name>
         <load_address>0x43c2</load_address>
         <run_address>0x43c2</run_address>
         <size>0x3c</size>
         <input_file_ref idref="fl-23"/>
      </object_component>
      <object_component id="oc-9f">
         <name>.debug_line</name>
         <load_address>0x43fe</load_address>
         <run_address>0x43fe</run_address>
         <size>0x3c</size>
         <input_file_ref idref="fl-24"/>
      </object_component>
      <object_component id="oc-a3">
         <name>.debug_line</name>
         <load_address>0x443a</load_address>
         <run_address>0x443a</run_address>
         <size>0x69</size>
         <input_file_ref idref="fl-25"/>
      </object_component>
      <object_component id="oc-a7">
         <name>.debug_line</name>
         <load_address>0x44a3</load_address>
         <run_address>0x44a3</run_address>
         <size>0x37</size>
         <input_file_ref idref="fl-26"/>
      </object_component>
      <object_component id="oc-ad">
         <name>.debug_line</name>
         <load_address>0x44da</load_address>
         <run_address>0x44da</run_address>
         <size>0x57</size>
         <input_file_ref idref="fl-27"/>
      </object_component>
      <object_component id="oc-b3">
         <name>.debug_line</name>
         <load_address>0x4531</load_address>
         <run_address>0x4531</run_address>
         <size>0x328</size>
         <input_file_ref idref="fl-28"/>
      </object_component>
      <object_component id="oc-b7">
         <name>.debug_line</name>
         <load_address>0x4859</load_address>
         <run_address>0x4859</run_address>
         <size>0x41</size>
         <input_file_ref idref="fl-29"/>
      </object_component>
      <object_component id="oc-bb">
         <name>.debug_line</name>
         <load_address>0x489a</load_address>
         <run_address>0x489a</run_address>
         <size>0x46</size>
         <input_file_ref idref="fl-2a"/>
      </object_component>
      <object_component id="oc-bf">
         <name>.debug_line</name>
         <load_address>0x48e0</load_address>
         <run_address>0x48e0</run_address>
         <size>0x55</size>
         <input_file_ref idref="fl-2b"/>
      </object_component>
      <object_component id="oc-c3">
         <name>.debug_line</name>
         <load_address>0x4935</load_address>
         <run_address>0x4935</run_address>
         <size>0xad</size>
         <input_file_ref idref="fl-2c"/>
      </object_component>
      <object_component id="oc-cd">
         <name>.debug_line</name>
         <load_address>0x49e2</load_address>
         <run_address>0x49e2</run_address>
         <size>0x44</size>
         <input_file_ref idref="fl-2f"/>
      </object_component>
      <object_component id="oc-d1">
         <name>.debug_line</name>
         <load_address>0x4a26</load_address>
         <run_address>0x4a26</run_address>
         <size>0x56</size>
         <input_file_ref idref="fl-30"/>
      </object_component>
      <object_component id="oc-d6">
         <name>.debug_line</name>
         <load_address>0x4a7c</load_address>
         <run_address>0x4a7c</run_address>
         <size>0xa8</size>
         <input_file_ref idref="fl-31"/>
      </object_component>
      <object_component id="oc-da">
         <name>.debug_line</name>
         <load_address>0x4b24</load_address>
         <run_address>0x4b24</run_address>
         <size>0x3a</size>
         <input_file_ref idref="fl-32"/>
      </object_component>
      <object_component id="oc-de">
         <name>.debug_line</name>
         <load_address>0x4b5e</load_address>
         <run_address>0x4b5e</run_address>
         <size>0x38</size>
         <input_file_ref idref="fl-33"/>
      </object_component>
      <object_component id="oc-e2">
         <name>.debug_line</name>
         <load_address>0x4b96</load_address>
         <run_address>0x4b96</run_address>
         <size>0xa8</size>
         <input_file_ref idref="fl-34"/>
      </object_component>
      <object_component id="oc-e8">
         <name>.debug_line</name>
         <load_address>0x4c3e</load_address>
         <run_address>0x4c3e</run_address>
         <size>0x1b0</size>
         <input_file_ref idref="fl-35"/>
      </object_component>
      <object_component id="oc-ec">
         <name>.debug_line</name>
         <load_address>0x4dee</load_address>
         <run_address>0x4dee</run_address>
         <size>0x40</size>
         <input_file_ref idref="fl-36"/>
      </object_component>
      <object_component id="oc-f0">
         <name>.debug_line</name>
         <load_address>0x4e2e</load_address>
         <run_address>0x4e2e</run_address>
         <size>0x3c</size>
         <input_file_ref idref="fl-37"/>
      </object_component>
      <object_component id="oc-f4">
         <name>.debug_line</name>
         <load_address>0x4e6a</load_address>
         <run_address>0x4e6a</run_address>
         <size>0x4d</size>
         <input_file_ref idref="fl-38"/>
      </object_component>
      <object_component id="oc-f8">
         <name>.debug_line</name>
         <load_address>0x4eb7</load_address>
         <run_address>0x4eb7</run_address>
         <size>0x37</size>
         <input_file_ref idref="fl-39"/>
      </object_component>
      <object_component id="oc-fc">
         <name>.debug_line</name>
         <load_address>0x4eee</load_address>
         <run_address>0x4eee</run_address>
         <size>0x3c</size>
         <input_file_ref idref="fl-3a"/>
      </object_component>
      <object_component id="oc-100">
         <name>.debug_line</name>
         <load_address>0x4f2a</load_address>
         <run_address>0x4f2a</run_address>
         <size>0x44</size>
         <input_file_ref idref="fl-3b"/>
      </object_component>
      <object_component id="oc-104">
         <name>.debug_line</name>
         <load_address>0x4f6e</load_address>
         <run_address>0x4f6e</run_address>
         <size>0x37</size>
         <input_file_ref idref="fl-3c"/>
      </object_component>
      <object_component id="oc-109">
         <name>.debug_line</name>
         <load_address>0x4fa5</load_address>
         <run_address>0x4fa5</run_address>
         <size>0x15d</size>
         <input_file_ref idref="fl-3d"/>
      </object_component>
      <object_component id="oc-10f">
         <name>.debug_line</name>
         <load_address>0x5102</load_address>
         <run_address>0x5102</run_address>
         <size>0x6a</size>
         <input_file_ref idref="fl-3e"/>
      </object_component>
      <object_component id="oc-113">
         <name>.debug_line</name>
         <load_address>0x516c</load_address>
         <run_address>0x516c</run_address>
         <size>0x58</size>
         <input_file_ref idref="fl-3f"/>
      </object_component>
      <object_component id="oc-117">
         <name>.debug_line</name>
         <load_address>0x51c4</load_address>
         <run_address>0x51c4</run_address>
         <size>0x57</size>
         <input_file_ref idref="fl-40"/>
      </object_component>
      <object_component id="oc-11b">
         <name>.debug_line</name>
         <load_address>0x521b</load_address>
         <run_address>0x521b</run_address>
         <size>0x5c</size>
         <input_file_ref idref="fl-41"/>
      </object_component>
      <object_component id="oc-11f">
         <name>.debug_line</name>
         <load_address>0x5277</load_address>
         <run_address>0x5277</run_address>
         <size>0x3c</size>
         <input_file_ref idref="fl-42"/>
      </object_component>
      <object_component id="oc-123">
         <name>.debug_line</name>
         <load_address>0x52b3</load_address>
         <run_address>0x52b3</run_address>
         <size>0x5b</size>
         <input_file_ref idref="fl-43"/>
      </object_component>
      <object_component id="oc-127">
         <name>.debug_line</name>
         <load_address>0x530e</load_address>
         <run_address>0x530e</run_address>
         <size>0x3c</size>
         <input_file_ref idref="fl-44"/>
      </object_component>
      <object_component id="oc-12b">
         <name>.debug_line</name>
         <load_address>0x534a</load_address>
         <run_address>0x534a</run_address>
         <size>0x3f</size>
         <input_file_ref idref="fl-45"/>
      </object_component>
      <object_component id="oc-131">
         <name>.debug_line</name>
         <load_address>0x5389</load_address>
         <run_address>0x5389</run_address>
         <size>0xd7</size>
         <input_file_ref idref="fl-46"/>
      </object_component>
      <object_component id="oc-138">
         <name>.debug_line</name>
         <load_address>0x5460</load_address>
         <run_address>0x5460</run_address>
         <size>0x112</size>
         <input_file_ref idref="fl-47"/>
      </object_component>
      <object_component id="oc-13c">
         <name>.debug_line</name>
         <load_address>0x5572</load_address>
         <run_address>0x5572</run_address>
         <size>0x3d</size>
         <input_file_ref idref="fl-48"/>
      </object_component>
      <object_component id="oc-140">
         <name>.debug_line</name>
         <load_address>0x55af</load_address>
         <run_address>0x55af</run_address>
         <size>0x39</size>
         <input_file_ref idref="fl-49"/>
      </object_component>
      <object_component id="oc-145">
         <name>.debug_line</name>
         <load_address>0x55e8</load_address>
         <run_address>0x55e8</run_address>
         <size>0x94b</size>
         <input_file_ref idref="fl-4a"/>
      </object_component>
      <object_component id="oc-14b">
         <name>.debug_line</name>
         <load_address>0x5f33</load_address>
         <run_address>0x5f33</run_address>
         <size>0x96d</size>
[...]
      <symbol id="sm-3ee">
         <name>__lock</name>
         <value>0x6644</value>
         <object_component_ref idref="oc-aa"/>
      </symbol>
      <symbol id="sm-3ef">
         <name>__register_lock</name>
         <value>0x28518</value>
         <object_component_ref idref="oc-a9"/>
      </symbol>
      <symbol id="sm-3f0">
         <name>__nop</name>
         <value>0x28520</value>
         <object_component_ref idref="oc-a9"/>
      </symbol>
      <symbol id="sm-3f1">
         <name>__register_unlock</name>
         <value>0x28510</value>
         <object_component_ref idref="oc-a9"/>
      </symbol>
      <symbol id="sm-403">
         <name>__printfi</name>
         <value>0x21362</value>
         <object_component_ref idref="oc-af"/>
      </symbol>
      <symbol id="sm-40d">
         <name>__args_main</name>
         <value>0x282c9</value>
         <object_component_ref idref="oc-b5"/>
      </symbol>
      <symbol id="sm-40e">
         <name>__TI_args_main</name>
         <value>0x1</value>
      </symbol>
      <symbol id="sm-418">
         <name>_atoi</name>
         <value>0x2817c</value>
         <object_component_ref idref="oc-b9"/>
      </symbol>
      <symbol id="sm-420">
         <name>_auto_init</name>
         <value>0x2827c</value>
         <object_component_ref idref="oc-bd"/>
      </symbol>
      <symbol id="sm-42a">
         <name>__eqld</name>
         <value>0x26cde</value>
         <object_component_ref idref="oc-c1"/>
      </symbol>
      <symbol id="sm-42b">
         <name>__cmpd</name>
         <value>0x26d12</value>
         <object_component_ref idref="oc-c1"/>
      </symbol>
      <symbol id="sm-42c">
         <name>__neqd</name>
         <value>0x26b80</value>
         <object_component_ref idref="oc-c1"/>
      </symbol>
      <symbol id="sm-42d">
         <name>__gtrd</name>
         <value>0x26c49</value>
         <object_component_ref idref="oc-c1"/>
      </symbol>
      <symbol id="sm-42e">
         <name>__geqd</name>
         <value>0x26c94</value>
         <object_component_ref idref="oc-c1"/>
      </symbol>
      <symbol id="sm-42f">
         <name>__leqd</name>
         <value>0x26bfc</value>
         <object_component_ref idref="oc-c1"/>
      </symbol>
      <symbol id="sm-430">
         <name>__lssd</name>
         <value>0x26bb4</value>
         <object_component_ref idref="oc-c1"/>
      </symbol>
      <symbol id="sm-438">
         <name>__ctypes_</name>
         <value>0x6944</value>
         <object_component_ref idref="oc-156"/>
      </symbol>
      <symbol id="sm-442">
         <name>__tmpnams</name>
         <value>0x60d8</value>
         <object_component_ref idref="oc-c7"/>
      </symbol>
      <symbol id="sm-443">
         <name>__ft_end</name>
         <value>0x6218</value>
         <object_component_ref idref="oc-c7"/>
      </symbol>
      <symbol id="sm-444">
         <name>__ftable</name>
         <value>0x5fe8</value>
         <object_component_ref idref="oc-c7"/>
      </symbol>
      <symbol id="sm-44f">
         <name>__divul</name>
         <value>0x27acc</value>
         <object_component_ref idref="oc-cb"/>
      </symbol>
      <symbol id="sm-459">
         <name>_putchar</name>
         <value>0x27abd</value>
         <object_component_ref idref="oc-cf"/>
      </symbol>
      <symbol id="sm-45a">
         <name>_putc</name>
         <value>0x27a26</value>
         <object_component_ref idref="oc-cf"/>
      </symbol>
      <symbol id="sm-45b">
         <name>_fputc</name>
         <value>0x27a26</value>
         <object_component_ref idref="oc-cf"/>
      </symbol>
      <symbol id="sm-469">
         <name>_puts</name>
         <value>0x271ab</value>
         <object_component_ref idref="oc-d3"/>
      </symbol>
      <symbol id="sm-46a">
         <name>_fputs</name>
         <value>0x27076</value>
         <object_component_ref idref="oc-d3"/>
      </symbol>
      <symbol id="sm-474">
         <name>__frcmpyd</name>
         <value>0x27e06</value>
         <object_component_ref idref="oc-d8"/>
      </symbol>
      <symbol id="sm-47e">
         <name>___isinf</name>
         <value>0x284cf</value>
         <object_component_ref idref="oc-dc"/>
      </symbol>
      <symbol id="sm-488">
         <name>__divull</name>
         <value>0x267fd</value>
         <object_component_ref idref="oc-e0"/>
      </symbol>
      <symbol id="sm-489">
         <name>__mpylli</name>
         <value>0x26745</value>
         <object_component_ref idref="oc-e0"/>
      </symbol>
      <symbol id="sm-48a">
         <name>__remlli</name>
         <value>0x26716</value>
         <object_component_ref idref="oc-e0"/>
      </symbol>
      <symbol id="sm-48b">
         <name>__divlli</name>
         <value>0x268f1</value>
         <object_component_ref idref="oc-e0"/>
      </symbol>
      <symbol id="sm-48c">
         <name>__remull</name>
         <value>0x266c8</value>
         <object_component_ref idref="oc-e0"/>
      </symbol>
      <symbol id="sm-49e">
         <name>_add_device</name>
         <value>0x24cd4</value>
         <object_component_ref idref="oc-e4"/>
      </symbol>
      <symbol id="sm-49f">
         <name>_rename</name>
         <value>0x249f6</value>
         <object_component_ref idref="oc-e4"/>
      </symbol>
      <symbol id="sm-4a0">
         <name>_read</name>
         <value>0x24a85</value>
         <object_component_ref idref="oc-e4"/>
      </symbol>
      <symbol id="sm-4a1">
         <name>_unlink</name>
         <value>0x249c3</value>
         <object_component_ref idref="oc-e4"/>
      </symbol>
      <symbol id="sm-4a2">
         <name>_remove_device</name>
         <value>0x24a4f</value>
         <object_component_ref idref="oc-e4"/>
      </symbol>
      <symbol id="sm-4a3">
         <name>_open</name>
         <value>0x24b33</value>
         <object_component_ref idref="oc-e4"/>
      </symbol>
      <symbol id="sm-4a4">
         <name>_find_registered_device</name>
         <value>0x24c58</value>
         <object_component_ref idref="oc-e4"/>
      </symbol>
      <symbol id="sm-4a5">
         <name>_lseek</name>
         <value>0x24bf2</value>
         <object_component_ref idref="oc-e4"/>
      </symbol>
      <symbol id="sm-4a6">
         <name>_close</name>
         <value>0x24c61</value>
         <object_component_ref idref="oc-e4"/>
      </symbol>
      <symbol id="sm-4a7">
         <name>_write</name>
         <value>0x24881</value>
         <object_component_ref idref="oc-e4"/>
      </symbol>
      <symbol id="sm-4b1">
         <name>_ltoa</name>
         <value>0x27d0e</value>
         <object_component_ref idref="oc-ea"/>
      </symbol>
      <symbol id="sm-4bc">
         <name>_memccpy</name>
         <value>0x284ac</value>
         <object_component_ref idref="oc-ee"/>
      </symbol>
      <symbol id="sm-4c4">
         <name>_memcpy</name>
         <value>0x283a7</value>
         <object_component_ref idref="oc-f2"/>
      </symbol>
      <symbol id="sm-4ce">
         <name>__negd</name>
         <value>0x28522</value>
         <object_component_ref idref="oc-f6"/>
      </symbol>
      <symbol id="sm-4d8">
         <name>__remli</name>
         <value>0x28314</value>
         <object_component_ref idref="oc-fa"/>
      </symbol>
      <symbol id="sm-4e3">
         <name>__remul</name>
         <value>0x27eef</value>
         <object_component_ref idref="oc-fe"/>
      </symbol>
      <symbol id="sm-4ed">
         <name>__subd</name>
         <value>0x284e9</value>
         <object_component_ref idref="oc-102"/>
      </symbol>
      <symbol id="sm-4f9">
         <name>_HOSTopen</name>
         <value>0x250cf</value>
         <object_component_ref idref="oc-106"/>
      </symbol>
      <symbol id="sm-4fa">
         <name>_HOSTread</name>
         <value>0x25042</value>
         <object_component_ref idref="oc-106"/>
      </symbol>
      <symbol id="sm-4fb">
         <name>_HOSTtime</name>
         <value>0x24f36</value>
         <object_component_ref idref="oc-106"/>
      </symbol>
      <symbol id="sm-4fc">
         <name>_getenv</name>
         <value>0x24dc4</value>
         <object_component_ref idref="oc-106"/>
      </symbol>
      <symbol id="sm-4fd">
         <name>_HOSTrename</name>
         <value>0x24f94</value>
         <object_component_ref idref="oc-106"/>
      </symbol>
      <symbol id="sm-4fe">
         <name>_HOSTclock</name>
         <value>0x2528e</value>
         <object_component_ref idref="oc-106"/>
      </symbol>
      <symbol id="sm-4ff">
         <name>_HOSTwrite</name>
         <value>0x24e3f</value>
         <object_component_ref idref="oc-106"/>
      </symbol>
      <symbol id="sm-500">
         <name>_HOSTlseek</name>
         <value>0x2516e</value>
         <object_component_ref idref="oc-106"/>
      </symbol>
      <symbol id="sm-501">
         <name>_HOSTunlink</name>
         <value>0x24ecc</value>
         <object_component_ref idref="oc-106"/>
      </symbol>
      <symbol id="sm-502">
         <name>_HOSTclose</name>
         <value>0x25223</value>
         <object_component_ref idref="oc-106"/>
      </symbol>
      <symbol id="sm-514">
         <name>C$$IO$$</name>
         <value>0x27a21</value>
         <object_component_ref idref="oc-10e"/>
      </symbol>
      <symbol id="sm-515">
         <name>__CIOBUF_</name>
         <value>0x40528</value>
         <object_component_ref idref="oc-10d"/>
      </symbol>
      <symbol id="sm-516">
         <name>_readmsg</name>
         <value>0x2803d</value>
         <object_component_ref idref="oc-10b"/>
      </symbol>
      <symbol id="sm-517">
         <name>_writemsg</name>
         <value>0x2796c</value>
         <object_component_ref idref="oc-10e"/>
      </symbol>
      <symbol id="sm-51f">
         <name>__remu</name>
         <value>0x28497</value>
         <object_component_ref idref="oc-111"/>
      </symbol>
      <symbol id="sm-520">
         <name>__divu</name>
         <value>0x28482</value>
         <object_component_ref idref="oc-111"/>
      </symbol>
      <symbol id="sm-521">
         <name>I$$UMOD</name>
         <value>0x28497</value>
         <object_component_ref idref="oc-111"/>
      </symbol>
      <symbol id="sm-522">
         <name>I$$UDIV</name>
         <value>0x28482</value>
         <object_component_ref idref="oc-111"/>
      </symbol>
      <symbol id="sm-52c">
         <name>__rd_ok</name>
         <value>0x276be</value>
         <object_component_ref idref="oc-115"/>
      </symbol>
      <symbol id="sm-52d">
         <name>__wrt_ok</name>
         <value>0x2763e</value>
         <object_component_ref idref="oc-115"/>
      </symbol>
      <symbol id="sm-537">
         <name>__addd</name>
         <value>0x26926</value>
         <object_component_ref idref="oc-119"/>
      </symbol>
      <symbol id="sm-541">
         <name>__divli</name>
         <value>0x2835f</value>
         <object_component_ref idref="oc-11d"/>
      </symbol>
      <symbol id="sm-54b">
         <name>__doflush</name>
         <value>0x278aa</value>
         <object_component_ref idref="oc-121"/>
      </symbol>
      <symbol id="sm-54c">
         <name>_fflush</name>
         <value>0x27913</value>
         <object_component_ref idref="oc-121"/>
      </symbol>
      <symbol id="sm-556">
         <name>_fseek</name>
         <value>0x280aa</value>
         <object_component_ref idref="oc-125"/>
      </symbol>
      <symbol id="sm-560">
         <name>_setvbuf</name>
         <value>0x27558</value>
         <object_component_ref idref="oc-129"/>
      </symbol>
      <symbol id="sm-56f">
         <name>__cleanup</name>
         <value>0x2656a</value>
         <object_component_ref idref="oc-12d"/>
      </symbol>
      <symbol id="sm-570">
         <name>_fopen</name>
         <value>0x2668d</value>
         <object_component_ref idref="oc-12d"/>
      </symbol>
      <symbol id="sm-571">
         <name>_freopen</name>
         <value>0x265c4</value>
         <object_component_ref idref="oc-12d"/>
      </symbol>
      <symbol id="sm-581">
         <name>__sys_memory</name>
         <value>0x30c0</value>
         <object_component_ref idref="oc-137"/>
      </symbol>
      <symbol id="sm-582">
         <name>_chkheap</name>
         <value>0x25773</value>
         <object_component_ref idref="oc-133"/>
      </symbol>
      <symbol id="sm-583">
         <name>_realloc</name>
         <value>0x25512</value>
         <object_component_ref idref="oc-133"/>
      </symbol>
      <symbol id="sm-584">
         <name>_free_memory</name>
         <value>0x2571d</value>
         <object_component_ref idref="oc-133"/>
      </symbol>
      <symbol id="sm-585">
         <name>_max_free</name>
         <value>0x256c3</value>
         <object_component_ref idref="oc-133"/>
      </symbol>
      <symbol id="sm-586">
         <name>_free</name>
         <value>0x252ec</value>
         <object_component_ref idref="oc-133"/>
      </symbol>
      <symbol id="sm-587">
         <name>_calloc</name>
         <value>0x2577b</value>
         <object_component_ref idref="oc-133"/>
      </symbol>
      <symbol id="sm-588">
         <name>_malloc</name>
         <value>0x2541d</value>
         <object_component_ref idref="oc-133"/>
      </symbol>
      <symbol id="sm-589">
         <name>_minit</name>
         <value>0x253b8</value>
         <object_component_ref idref="oc-133"/>
      </symbol>
      <symbol id="sm-593">
         <name>_fclose</name>
         <value>0x27d8b</value>
         <object_component_ref idref="oc-13a"/>
      </symbol>
      <symbol id="sm-59d">
         <name>_remove</name>
         <value>0x2853e</value>
         <object_component_ref idref="oc-13e"/>
      </symbol>
      <symbol id="sm-5e9">
         <name>_SAR_chanSetup</name>
         <value>0x22446</value>
         <object_component_ref idref="oc-142"/>
      </symbol>
      <symbol id="sm-5ea">
         <name>_SAR_stopConversion</name>
         <value>0x226db</value>
         <object_component_ref idref="oc-142"/>
      </symbol>
      <symbol id="sm-5eb">
         <name>_SAR_deInit</name>
         <value>0x2223d</value>
         <object_component_ref idref="oc-142"/>
      </symbol>
      <symbol id="sm-5ec">
         <name>_SAR_chanOpen</name>
         <value>0x22278</value>
         <object_component_ref idref="oc-142"/>
      </symbol>
      <symbol id="sm-5ed">
         <name>_SAR_GPODirSet</name>
         <value>0x22bdd</value>
         <object_component_ref idref="oc-142"/>
      </symbol>
      <symbol id="sm-5ee">
         <name>_SAR_init</name>
         <value>0x221e0</value>
         <object_component_ref idref="oc-142"/>
      </symbol>
      <symbol id="sm-5ef">
         <name>_SAR_getStatus</name>
         <value>0x22cb9</value>
         <object_component_ref idref="oc-142"/>
      </symbol>
      <symbol id="sm-5f0">
         <name>_SAR_readData</name>
         <value>0x22722</value>
         <object_component_ref idref="oc-142"/>
      </symbol>
      <symbol id="sm-5f1">
         <name>_SAR_chanConfig</name>
         <value>0x2235e</value>
         <object_component_ref idref="oc-142"/>
      </symbol>
      <symbol id="sm-5f2">
         <name>_SAR_A2DMeasParamSet</name>
         <value>0x22763</value>
         <object_component_ref idref="oc-142"/>
      </symbol>
      <symbol id="sm-5f3">
         <name>_SAR_chanClose</name>
         <value>0x222da</value>
         <object_component_ref idref="oc-142"/>
      </symbol>
      <symbol id="sm-5f4">
         <name>_SAR_chanCycSet</name>
         <value>0x2265a</value>
         <object_component_ref idref="oc-142"/>
      </symbol>
      <symbol id="sm-5f5">
         <name>_SAR_getConfig</name>
         <value>0x223d4</value>
         <object_component_ref idref="oc-142"/>
      </symbol>
      <symbol id="sm-5f6">
         <name>_SAR_startConversion</name>
         <value>0x226a9</value>
         <object_component_ref idref="oc-142"/>
      </symbol>
      <symbol id="sm-5f7">
         <name>_SAR_chanInit</name>
         <value>0x2225d</value>
         <object_component_ref idref="oc-142"/>
      </symbol>
      <symbol id="sm-674">
         <name>_I2C_eventEnable</name>
         <value>0x21ee4</value>
         <object_component_ref idref="oc-147"/>
      </symbol>
      <symbol id="sm-675">
         <name>_I2C_setCallback</name>
         <value>0x22137</value>
         <object_component_ref idref="oc-147"/>
      </symbol>
      <symbol id="sm-676">
         <name>_I2C_init</name>
         <value>0x215a4</value>
         <object_component_ref idref="oc-147"/>
      </symbol>
      <symbol id="sm-677">
         <name>_I2C_config</name>
         <value>0x2164d</value>
         <object_component_ref idref="oc-147"/>
      </symbol>
      <symbol id="sm-678">
         <name>_gI2cObj</name>
         <value>0x65fc</value>
         <object_component_ref idref="oc-148"/>
      </symbol>
      <symbol id="sm-679">
         <name>_I2C_getConfig</name>
         <value>0x217b2</value>
         <object_component_ref idref="oc-147"/>
      </symbol>
      <symbol id="sm-67a">
         <name>_I2C_setup</name>
         <value>0x21888</value>
         <object_component_ref idref="oc-147"/>
      </symbol>
      <symbol id="sm-67b">
         <name>_I2C_write</name>
         <value>0x21a82</value>
         <object_component_ref idref="oc-147"/>
      </symbol>
      <symbol id="sm-67c">
         <name>_I2C_read</name>
         <value>0x21cc6</value>
         <object_component_ref idref="oc-147"/>
      </symbol>
      <symbol id="sm-67d">
         <name>_I2C_eventDisable</name>
         <value>0x22018</value>
         <object_component_ref idref="oc-147"/>
      </symbol>
      <symbol id="sm-67e">
         <name>_I2C_getEventId</name>
         <value>0x221c4</value>
         <object_component_ref idref="oc-147"/>
      </symbol>
      <symbol id="sm-67f">
         <name>_i2cHandle</name>
         <value>0x661c</value>
         <object_component_ref idref="oc-148"/>
      </symbol>
      <symbol id="sm-6c4">
         <name>_GPIO_write</name>
         <value>0x238e3</value>
         <object_component_ref idref="oc-14d"/>
      </symbol>
      <symbol id="sm-6c5">
         <name>_GPIO_read</name>
         <value>0x23860</value>
         <object_component_ref idref="oc-14d"/>
      </symbol>
      <symbol id="sm-6c6">
         <name>_GPIO_close</name>
         <value>0x2372f</value>
         <object_component_ref idref="oc-14d"/>
      </symbol>
      <symbol id="sm-6c7">
         <name>_GPIO_enableInt</name>
         <value>0x23b4c</value>
         <object_component_ref idref="oc-14d"/>
      </symbol>
      <symbol id="sm-6c8">
         <name>_GPIO_clearInt</name>
         <value>0x23bd6</value>
         <object_component_ref idref="oc-14d"/>
      </symbol>
      <symbol id="sm-6c9">
         <name>_GPIO_statusBit</name>
         <value>0x23c62</value>
         <object_component_ref idref="oc-14d"/>
      </symbol>
      <symbol id="sm-6ca">
         <name>_GPIO_configBit</name>
         <value>0x23986</value>
         <object_component_ref idref="oc-14d"/>
      </symbol>
      <symbol id="sm-6cb">
         <name>_GPIO_reset</name>
         <value>0x23ce9</value>
         <object_component_ref idref="oc-14d"/>
      </symbol>
      <symbol id="sm-6cc">
         <name>_GPIO_getConfig</name>
         <value>0x237d8</value>
         <object_component_ref idref="oc-14d"/>
      </symbol>
      <symbol id="sm-6cd">
         <name>_GPIO_disableInt</name>
         <value>0x23ace</value>
         <object_component_ref idref="oc-14d"/>
      </symbol>
      <symbol id="sm-6ce">
         <name>_GPIO_config</name>
         <value>0x23753</value>
         <object_component_ref idref="oc-14d"/>
      </symbol>
      <symbol id="sm-6cf">
         <name>_GPIO_open</name>
         <value>0x236eb</value>
         <object_component_ref idref="oc-14d"/>
      </symbol>
   </symbol_table>
</link_info>
