******************************************************************************
              TMS320C55x Linker PC v4.4.1                      
******************************************************************************
>> Linked Wed Jan 10 23:39:28 2018

OUTPUT FILE NAME:   <NoiseGenerator Sim.out>
ENTRY POINT SYMBOL: "_c_int00"  address: 000257d6


MEMORY CONFIGURATION

         name            origin    length      used     unused   attr    fill
                        (bytes)   (bytes)    (bytes)   (bytes)
----------------------  --------  ---------  --------  --------  ----  --------
PAGE 0:
  MMR                   00000000   000000c0  00000000  000000c0  RWIX
  DARAM0                000000c0   0000ff40  00006874  000096cc  RWIX
  SARAM0                00010000   00010000  00000000  00010000  RWIX
  SARAM1                00020000   00020000  00005904  0001a6fc  RWIX
  SARAM2                00040000   0000fe00  0000076e  0000f692  RWIX
  VECS                  0004fe00   00000200  00000100  00000100  RWIX
  PDROM                 00ff8000   00008000  00000000  00008000  R IX

PAGE 2:
  IOPORT                00000000   00020000  00000000  00020000  RWI 


SECTION ALLOCATION MAP
(Addresses surrounded by []'s are displayed for convenience only!)

output                                                          attributes/
section   page  orgn(bytes) orgn(words) len(bytes) len(words)   input sections
--------  ----  ----------- ----------- ---------- ----------   --------------
.pinit       0   [ 00040000 ]  00020000          *   00000000   UNINITIALIZED

.stack       0   [ 000000c0 ]  00000060          *   00001000   UNINITIALIZED
                 [ 000000c0 ]  00000060          *   00001000   --HOLE--

.data        0   [ 000000c0 ]  00000060          *   00000000   UNINITIALIZED

.sysstack 
*            0   [ 000020c0 ]  00001060          *   00000800   UNINITIALIZED
                 [ 000020c0 ]  00001060          *   00000800   --HOLE--

.sysmem      0   [ 000030c0 ]  00001860          *   00001000   UNINITIALIZED
                 [ 000030c0 ]  00001860          *   00001000   --HOLE--

.bss.1       0   [ 000050c0 ]  00002860          *   000009e7   UNINITIALIZED
                 [ 000050c0 ]  00002860          *   00000400   ezdsp5535_aic3204_dma.obj (.bss)
                 [ 000058c0 ]  00002c60          *   00000204   sine_table.obj (.bss)
                 [ 00005cc8 ]  00002e64          *   00000188   main.obj (.bss)
                 [ 00005fd8 ]  00002fec          *   00000119   rts55x.lib : defs.obj (.bss)
                 [ 0000620a ]  00003105          *   000000d0              : trgdrv.obj (.bss)
                 [ 000063aa ]  000031d5          *   00000001              : fopen.obj (.bss)
                 [ 000063ac ]  000031d6          *   00000071              : lowlev.obj (.bss)

.bss.2       0   [ 00006490 ]  00003248          *   00000013   UNINITIALIZED
                 [ 00006490 ]  00003248          *   00000008   ezdsp5535bsl.lib : ezdsp5535_sar.obj (.bss)
                 [ 000064a0 ]  00003250          *   00000006   rts55x.lib : memory.obj (.bss)
                 [ 000064ac ]  00003256          *   00000005   aic3204.obj (.bss)

.bss.3       0   [ 000064b8 ]  0000325c          *   0000000c   UNINITIALIZED
                 [ 000064b8 ]  0000325c          *   00000004   aic3204_init.obj (.bss)
                 [ 000064c0 ]  00003260          *   00000004   rts55x.lib : _lock.obj (.bss)
                 [ 000064c8 ]  00003264          *   00000004              : exit.obj (.bss)

.const.1     0   [ 000064d0 ]  00003268          *   00000199   
                 [ 000064d0 ]  00003268          *   00000101   rts55x.lib : ctype.obj (.const:__ctypes_)
                 [ 000066d2 ]  00003369          *   00000001   print_number.obj (.const)
                 [ 000066d4 ]  0000336a          *   00000097   aic3204_init.obj (.const:.string)

.const.2     0   [ 00006804 ]  00003402          *   0000008f   
                 [ 00006804 ]  00003402          *   00000052   main.obj (.const:.string)
                 [ 000068a8 ]  00003454          *   00000024   rts55x.lib : _printfi.obj (.const:.string)
                 [ 000068f0 ]  00003478          *   0000000c              : _printfi.obj (.const)
                 [ 00006908 ]  00003484          *   00000008              : divd.obj (.const:_initial_approx$1)
                 [ 00006918 ]  0000348c          *   00000005   print_number.obj (.const:.string)

.const.3     0   [ 00006924 ]  00003492          *   0000000c   
                 [ 00006924 ]  00003492          *   00000004   gen_sinus.obj (.const)
                 [ 0000692c ]  00003496          *   00000004   main.obj (.const)
                 [ 00006934 ]  0000349a          *   00000002   rts55x.lib : fputs.obj (.const:.string)
                 [ 00006938 ]  0000349c          *   00000002              : fltlid.obj (.const)

.text        0     00020000  [ 00010000 ] 00005904          *   
                   00020000  [ 00010000 ] 000015a4          *   rts55x.lib : _printfi.obj (.text)
                   000215a4  [ 00010ad2 ] 00000b18          *   cslVC5505.lib : csl_sar.obj (.text)
                   000220bc  [ 0001105e ] 00000543          *   rts55x.lib : lowlev.obj (.text)
                   000225ff  [ 000112ff+] 00000528          *              : trgdrv.obj (.text)
                   00022b27  [ 00011593+] 000004b5          *              : memory.obj (.text)
                   00022fdc  [ 000117ee ] 000003cc          *              : divd.obj (.text)
                   000233a8  [ 000119d4 ] 00000363          *   main.obj (.text)
                   0002370b  [ 00011b85+] 0000027f          *   rts55x.lib : fopen.obj (.text)
                   0002398a  [ 00011cc5 ] 0000025e          *              : llmpy.obj (.text)
                   00023be8  [ 00011df4 ] 0000025a          *              : addd.obj (.text)
                   00023e42  [ 00011f21 ] 000001ee          *              : fwrite.obj (.text)
                   00024030  [ 00012018 ] 000001ea          *              : cmpd.obj (.text)
                   0002421a  [ 0001210d ] 0000017a          *   ezdsp5535bsl.lib : ezdsp5535_sar.obj (.text)
                   00024394  [ 000121ca ] 00000163          *   rts55x.lib : fputs.obj (.text)
                   000244f7  [ 0001227b+] 00000152          *   ezdsp5535_aic3204_dma.obj (.text)
                   00024649  [ 00012324+] 0000014c          *   rts55x.lib : mpyd.obj (.text)
                   00024795  [ 000123ca+] 0000012c          *   gen_sinus.obj (.text)
                   000248c1  [ 00012460+] 0000010f          *   rts55x.lib : fread.obj (.text)
                   000249d0  [ 000124e8 ] 000000f6          *   aic3204_init.obj (.text)
                   00024ac6  [ 00012563 ] 000000f2          *   aic3204.obj (.text)
                   00024bb8  [ 000125dc ] 000000e6          *   rts55x.lib : setvbuf.obj (.text)
                   00024c9e  [ 0001264f ] 000000dd          *              : _io_perm.obj (.text)
                   00024d7b  [ 000126bd+] 000000c2          *              : fflush.obj (.text)
                   00024e3d  [ 0001271e+] 000000ba          *              : trgmsg.obj (.text:CIO_breakpoint)
                   00024ef7  [ 0001277b+] 000000ae          *              : _bufread.obj (.text)
                   00024fa5  [ 000127d2+] 000000a6          *              : fputc.obj (.text)
                   0002504b  [ 00012825+] 000000a1          *              : divul.obj (.text)
                   000250ec  [ 00012876 ] 0000007d          *              : ltoa.obj (.text)
                   00025169  [ 000128b4+] 0000007b          *              : fclose.obj (.text)
                   000251e4  [ 000128f2 ] 00000076          *              : frcmpyd.obj (.text)
                   0002525a  [ 0001292d ] 00000073          *              : frcmpyd_div.obj (.text)
                   000252cd  [ 00012966+] 00000072          *              : remul.obj (.text)
                   0002533f  [ 0001299f+] 0000006f          *              : fixdli.obj (.text)
                   000253ae  [ 000129d7 ] 0000006d          *              : trgmsg.obj (.text)
                   0002541b  [ 00012a0d+] 0000006b          *              : fseek.obj (.text)
                   00025486  [ 00012a43 ] 00000067          *              : fltlid.obj (.text)
                   000254ed  [ 00012a76+] 0000005c          *              : atoi.obj (.text)
                   00025549  [ 00012aa4+] 00000054          *   ezdsp5535bsl.lib : ezdsp5535.obj (.text)
                   0002559d  [ 00012ace+] 00000050          *   rts55x.lib : printf.obj (.text)
                   000255ed  [ 00012af6+] 0000004d          *              : autoinit.obj (.text)
                   0002563a  [ 00012b1d ] 0000004b          *              : args_main.obj (.text)
                   00025685  [ 00012b42+] 0000004b          *              : remli.obj (.text)
                   000256d0  [ 00012b68 ] 00000048          *              : divli.obj (.text)
                   00025718  [ 00012b8c ] 00000041          *   print_number.obj (.text)
                   00025759  [ 00012bac+] 0000003f          *   rts55x.lib : memcpy.obj (.text)
                   00025798  [ 00012bcc ] 0000003e          *              : exit.obj (.text)
                   000257d6  [ 00012beb ] 00000034          *              : boot.obj (.text)
                   0002580a  [ 00012c05 ] 0000002a          *              : fixdi.obj (.text)
                   00025834  [ 00012c1a ] 0000002a          *              : udiv.obj (.text)
                   0002585e  [ 00012c2f ] 00000023          *              : memccpy.obj (.text)
                   00025881  [ 00012c40+] 0000001a          *              : isinf.obj (.text)
                   0002589b  [ 00012c4d+] 00000014          *              : subd.obj (.text)
                   000258af  [ 00012c57+] 00000013          *              : lmpy.obj (.text)
                   000258c2  [ 00012c61 ] 00000012          *              : _lock.obj (.text)
                   000258d4  [ 00012c6a ] 00000010          *              : negd.obj (.text)
                   000258e4  [ 00012c72 ] 0000000c          *              : fltid.obj (.text)
                   000258f0  [ 00012c78 ] 0000000a          *              : remove.obj (.text)
                   000258fa  [ 00012c7d ] 00000007          *              : exit.obj (.text:CIO_breakpoint)
                   00025901  [ 00012c80+] 00000002          *              : vectors.obj (.text)
                   00025903  [ 00012c81 ] 00000001          *   --HOLE-- [fill = 20]

.cinit       0   [ 00040000 ]  00020000          *   00000297   
                 [ 00040000 ]  00020000          *   00000209   sine_table.obj (.cinit)
                 [ 00040412 ]  00020209          *   0000002d   rts55x.lib : lowlev.obj (.cinit)
                 [ 0004046c ]  00020236          *   0000002a              : defs.obj (.cinit)
                 [ 000404c0 ]  00020260          *   0000000c   ezdsp5535bsl.lib : ezdsp5535_sar.obj (.cinit)
                 [ 000404d8 ]  0002026c          *   0000000a   aic3204_init.obj (.cinit)
                 [ 000404ec ]  00020276          *   0000000a   rts55x.lib : _lock.obj (.cinit)
                 [ 00040500 ]  00020280          *   0000000a              : exit.obj (.cinit)
                 [ 00040514 ]  0002028a          *   00000004   aic3204.obj (.cinit)
                 [ 0004051c ]  0002028e          *   00000004   rts55x.lib : fopen.obj (.cinit)
                 [ 00040524 ]  00020292          *   00000004              : memory.obj (.cinit)
                 [ 0004052c ]  00020296          *   00000001   --HOLE-- [fill = 0]

.cio         0   [ 00040530 ]  00020298          *   00000120   UNINITIALIZED
                 [ 00040530 ]  00020298          *   00000120   rts55x.lib : trgmsg.obj (.cio)

vectors      0     0004fe00  [ 00027f00 ] 00000100          *   
                   0004fe00  [ 00027f00 ] 00000100          *   rts55x.lib : vectors.obj (vectors)


GLOBAL SYMBOLS: SORTED ALPHABETICALLY BY Name 

abs. value/
byte addr   word addr   name
---------   ---------   ----
00000002                $TI_capability$C5500$CallingConvention
00000002                $TI_capability$C5500$MemoryModel
00000001                $TI_capability_requires_rev3
ffffffff                .bss
ffffffff                .data
ffffffff                .text
000258fb                C$$EXIT
00024ef2                C$$IO$$
000258af                I$$LMPY
00025834                I$$UDIV
00025849                I$$UMOD
000242e0                _EZDSP5535_SAR_getKey
0002421a                _EZDSP5535_SAR_init
0002558f                _EZDSP5535_init
00025549                _EZDSP5535_wait
0002557d                _EZDSP5535_waitusec
00022ac9                _HOSTclock
00022a5e                _HOSTclose
000229a9                _HOSTlseek
0002290a                _HOSTopen
0002287d                _HOSTread
000227cf                _HOSTrename
00022771                _HOSTtime
00022707                _HOSTunlink
0002267a                _HOSTwrite
0004fe00                _Reset
00021b27                _SAR_A2DMeasParamSet
00021fa1                _SAR_GPODirSet
0002169e                _SAR_chanClose
00021722                _SAR_chanConfig
00021a1e                _SAR_chanCycSet
00021621                _SAR_chanInit
0002163c                _SAR_chanOpen
0002180a                _SAR_chanSetup
00021601                _SAR_deInit
00021798                _SAR_getConfig
0002207d                _SAR_getStatus
000215a4                _SAR_init
00021ae6                _SAR_readData
00021a6d                _SAR_startConversion
00021a9f                _SAR_stopConversion
            0000324c    _SarHandle
            00003248    _SarObj
            00002860    _SimulatorInput
            00002a60    _SimulatorOutput
            00020298    __CIOBUF_
            00001060    __STACK_END
00002000                __STACK_SIZE
00002000                __SYSMEM_SIZE
00001000                __SYSSTACK_SIZE
00000001                __TI_args_main
ffffffff                ___binit__
ffffffff                ___bss__
ffffffff                ___c_args__
            00020000    ___cinit__
ffffffff                ___data__
ffffffff                ___edata__
ffffffff                ___end__
ffffffff                ___etext__
00025881                ___isinf
ffffffff                ___pinit__
ffffffff                ___text__
00023be8                __addd
0002563a                __args_main
00024ef7                __buff_read
0002382c                __cleanup
            00003264    __cleanup_ptr
000241c2                __cmpd
            00003268    __ctypes_
00022fdc                __divd
000256d0                __divli
00023bb3                __divlli
00025834                __divu
0002504b                __divul
00023abf                __divull
00024d7b                __doflush
            00003266    __dtors_ptr
0002418e                __eqld
0002580a                __fixdi
0002533f                __fixdli
000258e4                __fltid
00025486                __fltlid
000251e4                __frcmpyd
0002525a                __frcmpyd_div
            00003104    __ft_end
            00002fec    __ftable
00024144                __geqd
000240f9                __gtrd
000240ac                __leqd
            00003260    __lock
00024064                __lssd
00024649                __mpyd
000258af                __mpyli
00023a07                __mpylli
000258d4                __negd
00024030                __neqd
000258d2                __nop
00021362                __printfi
00024d1e                __rd_ok
000258ca                __register_lock
000258c2                __register_unlock
00025685                __remli
000239d8                __remlli
00025849                __remu
000252cd                __remul
0002398a                __remull
            00000060    __stack
0002589b                __subd
            00001860    __sys_memory
            00001060    __sysstack
            00003064    __tmpnams
            00003262    __unlock
00024c9e                __wrt_ok
            00002fea    _a
000258fa                _abort
0002250f                _add_device
00024afc                _aic3204_codec_read
00024b6c                _aic3204_codec_write
00024ac8                _aic3204_disable
000244f7                _aic3204_dma_init
            0000325a    _aic3204_enabled
00024ac6                _aic3204_hardware_init
000249f4                _aic3204_init
000244f9                _aic3204_read_block
000249d0                _aic3204_set_input_filename
000249e2                _aic3204_set_output_filename
000245aa                _aic3204_write_block
000254ed                _atoi
000255ed                _auto_init
            00002e64    _bufferL
            00002ee4    _bufferR
000257d6                _c_int00
00022fb6                _calloc
00022fae                _chkheap
0002571a                _clearLCD
0002249c                _close
00025798                _exit
00025169                _fclose
00024de4                _fflush
00022493                _find_registered_device
0002394f                _fopen
00024fa5                _fputc
00024394                _fputs
000248c1                _fread
00022b27                _free
00022f58                _free_memory
00023886                _freopen
            00002fe6    _frequency
0002541b                _fseek
00023e42                _fwrite
00024795                _gen_sinus_table
000225ff                _getenv
00025718                _initPrintNumber
            00003256    _input_file
            0000324e    _keyCnt1
            0000324f    _keyCnt2
0002242d                _lseek
000250ec                _ltoa
000233a8                _main
00022c58                _malloc
00022efe                _max_free
0002585e                _memccpy
00025759                _memcpy
00022bf3                _minit
0002236e                _open
            00003258    _output_file
            00002e62    _p_sine_table
            00002fe8    _ph
            0000324b    _preKey
            00002fe5    _pressedBefore
            00002fe4    _pressedNow
00025740                _printChar
0002559d                _printf
00024fa5                _putc
0002503c                _putchar
000244c9                _puts
000222c0                _read
000253ae                _readmsg
00022d4d                _realloc
000258f0                _remove
0002228a                _remove_device
00022231                _rename
0002572d                _setWritePointerToFirstChar
00024ab9                _set_sampling_frequency_and_gain
00024bb8                _setvbuf
            00003369    _sign_width
            00002f64    _sine
            00002c60    _sine_table
000221fe                _unlink
000220bc                _write
00024e3d                _writemsg
ffffffff                binit
            00020000    cinit
ffffffff                edata
ffffffff                end
ffffffff                etext
ffffffff                pinit


GLOBAL SYMBOLS: SORTED BY Symbol Address 

abs. value/
byte addr   word addr   name
---------   ---------   ----
00000001                $TI_capability_requires_rev3
00000001                __TI_args_main
00000002                $TI_capability$C5500$CallingConvention
00000002                $TI_capability$C5500$MemoryModel
            00000060    __stack
00001000                __SYSSTACK_SIZE
00002000                __STACK_SIZE
00002000                __SYSMEM_SIZE
            00001060    __STACK_END
            00001060    __sysstack
            00001860    __sys_memory
            00002860    _SimulatorInput
            00002a60    _SimulatorOutput
            00002c60    _sine_table
            00002e62    _p_sine_table
            00002e64    _bufferL
            00002ee4    _bufferR
            00002f64    _sine
            00002fe4    _pressedNow
            00002fe5    _pressedBefore
            00002fe6    _frequency
            00002fe8    _ph
            00002fea    _a
            00002fec    __ftable
            00003064    __tmpnams
            00003104    __ft_end
            00003248    _SarObj
            0000324b    _preKey
            0000324c    _SarHandle
            0000324e    _keyCnt1
            0000324f    _keyCnt2
            00003256    _input_file
            00003258    _output_file
            0000325a    _aic3204_enabled
            00003260    __lock
            00003262    __unlock
            00003264    __cleanup_ptr
            00003266    __dtors_ptr
            00003268    __ctypes_
            00003369    _sign_width
00021362                __printfi
000215a4                _SAR_init
00021601                _SAR_deInit
00021621                _SAR_chanInit
0002163c                _SAR_chanOpen
0002169e                _SAR_chanClose
00021722                _SAR_chanConfig
00021798                _SAR_getConfig
0002180a                _SAR_chanSetup
00021a1e                _SAR_chanCycSet
00021a6d                _SAR_startConversion
00021a9f                _SAR_stopConversion
00021ae6                _SAR_readData
00021b27                _SAR_A2DMeasParamSet
00021fa1                _SAR_GPODirSet
0002207d                _SAR_getStatus
000220bc                _write
000221fe                _unlink
00022231                _rename
0002228a                _remove_device
000222c0                _read
0002236e                _open
0002242d                _lseek
00022493                _find_registered_device
0002249c                _close
0002250f                _add_device
000225ff                _getenv
0002267a                _HOSTwrite
00022707                _HOSTunlink
00022771                _HOSTtime
000227cf                _HOSTrename
0002287d                _HOSTread
0002290a                _HOSTopen
000229a9                _HOSTlseek
00022a5e                _HOSTclose
00022ac9                _HOSTclock
00022b27                _free
00022bf3                _minit
00022c58                _malloc
00022d4d                _realloc
00022efe                _max_free
00022f58                _free_memory
00022fae                _chkheap
00022fb6                _calloc
00022fdc                __divd
000233a8                _main
0002382c                __cleanup
00023886                _freopen
0002394f                _fopen
0002398a                __remull
000239d8                __remlli
00023a07                __mpylli
00023abf                __divull
00023bb3                __divlli
00023be8                __addd
00023e42                _fwrite
00024030                __neqd
00024064                __lssd
000240ac                __leqd
000240f9                __gtrd
00024144                __geqd
0002418e                __eqld
000241c2                __cmpd
0002421a                _EZDSP5535_SAR_init
000242e0                _EZDSP5535_SAR_getKey
00024394                _fputs
000244c9                _puts
000244f7                _aic3204_dma_init
000244f9                _aic3204_read_block
000245aa                _aic3204_write_block
00024649                __mpyd
00024795                _gen_sinus_table
000248c1                _fread
000249d0                _aic3204_set_input_filename
000249e2                _aic3204_set_output_filename
000249f4                _aic3204_init
00024ab9                _set_sampling_frequency_and_gain
00024ac6                _aic3204_hardware_init
00024ac8                _aic3204_disable
00024afc                _aic3204_codec_read
00024b6c                _aic3204_codec_write
00024bb8                _setvbuf
00024c9e                __wrt_ok
00024d1e                __rd_ok
00024d7b                __doflush
00024de4                _fflush
00024e3d                _writemsg
00024ef2                C$$IO$$
00024ef7                __buff_read
00024fa5                _fputc
00024fa5                _putc
0002503c                _putchar
0002504b                __divul
000250ec                _ltoa
00025169                _fclose
000251e4                __frcmpyd
0002525a                __frcmpyd_div
000252cd                __remul
0002533f                __fixdli
000253ae                _readmsg
0002541b                _fseek
00025486                __fltlid
000254ed                _atoi
00025549                _EZDSP5535_wait
0002557d                _EZDSP5535_waitusec
0002558f                _EZDSP5535_init
0002559d                _printf
000255ed                _auto_init
0002563a                __args_main
00025685                __remli
000256d0                __divli
00025718                _initPrintNumber
0002571a                _clearLCD
0002572d                _setWritePointerToFirstChar
00025740                _printChar
00025759                _memcpy
00025798                _exit
000257d6                _c_int00
0002580a                __fixdi
00025834                I$$UDIV
00025834                __divu
00025849                I$$UMOD
00025849                __remu
0002585e                _memccpy
00025881                ___isinf
0002589b                __subd
000258af                I$$LMPY
000258af                __mpyli
000258c2                __register_unlock
000258ca                __register_lock
000258d2                __nop
000258d4                __negd
000258e4                __fltid
000258f0                _remove
000258fa                _abort
000258fb                C$$EXIT
            00020000    ___cinit__
            00020000    cinit
            00020298    __CIOBUF_
0004fe00                _Reset
ffffffff                .bss
ffffffff                .data
ffffffff                .text
ffffffff                ___binit__
ffffffff                ___bss__
ffffffff                ___c_args__
ffffffff                ___data__
ffffffff                ___edata__
ffffffff                ___end__
ffffffff                ___etext__
ffffffff                ___pinit__
ffffffff                ___text__
ffffffff                binit
ffffffff                edata
ffffffff                end
ffffffff                etext
ffffffff                pinit

[197 symbols]
