<?xml version="1.0"?>
<link_info>
   <banner>TMS320C55x Linker PC v4.4.1</banner>
   <copyright>Copyright (c) 1996-2012 Texas Instruments Incorporated</copyright>
   <link_time>0x5a569620</link_time>
   <output_file>NoiseGenerator Sim.out</output_file>
   <entry_point>
      <name>_c_int00</name>
      <address>0x257d6</address>
   </entry_point>
   <input_file_list>
      <input_file id="fl-2">
         <path>.\</path>
         <kind>object</kind>
         <file>aic3204.obj</file>
         <name>aic3204.obj</name>
      </input_file>
      <input_file id="fl-3">
         <path>.\</path>
         <kind>object</kind>
         <file>aic3204_init.obj</file>
         <name>aic3204_init.obj</name>
      </input_file>
      <input_file id="fl-4">
         <path>.\</path>
         <kind>object</kind>
         <file>ezdsp5535_aic3204_dma.obj</file>
         <name>ezdsp5535_aic3204_dma.obj</name>
      </input_file>
      <input_file id="fl-5">
         <path>.\</path>
         <kind>object</kind>
         <file>gen_sinus.obj</file>
         <name>gen_sinus.obj</name>
      </input_file>
      <input_file id="fl-6">
         <path>.\</path>
         <kind>object</kind>
         <file>main.obj</file>
         <name>main.obj</name>
      </input_file>
      <input_file id="fl-7">
         <path>.\</path>
         <kind>object</kind>
         <file>print_number.obj</file>
         <name>print_number.obj</name>
      </input_file>
      <input_file id="fl-8">
         <path>.\</path>
         <kind>object</kind>
         <file>sine_table.obj</file>
         <name>sine_table.obj</name>
      </input_file>
      <input_file id="fl-12">
         <path>..\lib\</path>
         <kind>archive</kind>
         <file>ezdsp5535bsl.lib</file>
         <name>ezdsp5535_sar.obj</name>
      </input_file>
      <input_file id="fl-13">
         <path>..\lib\</path>
         <kind>archive</kind>
         <file>ezdsp5535bsl.lib</file>
         <name>ezdsp5535.obj</name>
      </input_file>
      <input_file id="fl-27">
         <path>C:\ti\ccsv6\tools\compiler\c5500_4.4.1\lib\</path>
         <kind>archive</kind>
         <file>rts55x.lib</file>
         <name>boot.obj</name>
      </input_file>
      <input_file id="fl-28">
         <path>C:\ti\ccsv6\tools\compiler\c5500_4.4.1\lib\</path>
         <kind>archive</kind>
         <file>rts55x.lib</file>
         <name>divd.obj</name>
      </input_file>
      <input_file id="fl-29">
         <path>C:\ti\ccsv6\tools\compiler\c5500_4.4.1\lib\</path>
         <kind>archive</kind>
         <file>rts55x.lib</file>
         <name>exit.obj</name>
      </input_file>
      <input_file id="fl-2a">
         <path>C:\ti\ccsv6\tools\compiler\c5500_4.4.1\lib\</path>
         <kind>archive</kind>
         <file>rts55x.lib</file>
         <name>fclose.obj</name>
      </input_file>
      <input_file id="fl-2b">
         <path>C:\ti\ccsv6\tools\compiler\c5500_4.4.1\lib\</path>
         <kind>archive</kind>
         <file>rts55x.lib</file>
         <name>fflush.obj</name>
      </input_file>
      <input_file id="fl-2c">
         <path>C:\ti\ccsv6\tools\compiler\c5500_4.4.1\lib\</path>
         <kind>archive</kind>
         <file>rts55x.lib</file>
         <name>fixdi.obj</name>
      </input_file>
      <input_file id="fl-2d">
         <path>C:\ti\ccsv6\tools\compiler\c5500_4.4.1\lib\</path>
         <kind>archive</kind>
         <file>rts55x.lib</file>
         <name>fixdli.obj</name>
      </input_file>
      <input_file id="fl-2e">
         <path>C:\ti\ccsv6\tools\compiler\c5500_4.4.1\lib\</path>
         <kind>archive</kind>
         <file>rts55x.lib</file>
         <name>fltid.obj</name>
      </input_file>
      <input_file id="fl-2f">
         <path>C:\ti\ccsv6\tools\compiler\c5500_4.4.1\lib\</path>
         <kind>archive</kind>
         <file>rts55x.lib</file>
         <name>fltlid.obj</name>
      </input_file>
      <input_file id="fl-30">
         <path>C:\ti\ccsv6\tools\compiler\c5500_4.4.1\lib\</path>
         <kind>archive</kind>
         <file>rts55x.lib</file>
         <name>fopen.obj</name>
      </input_file>
      <input_file id="fl-31">
         <path>C:\ti\ccsv6\tools\compiler\c5500_4.4.1\lib\</path>
         <kind>archive</kind>
         <file>rts55x.lib</file>
         <name>frcmpyd_div.obj</name>
      </input_file>
      <input_file id="fl-32">
         <path>C:\ti\ccsv6\tools\compiler\c5500_4.4.1\lib\</path>
         <kind>archive</kind>
         <file>rts55x.lib</file>
         <name>fread.obj</name>
      </input_file>
      <input_file id="fl-33">
         <path>C:\ti\ccsv6\tools\compiler\c5500_4.4.1\lib\</path>
         <kind>archive</kind>
         <file>rts55x.lib</file>
         <name>fwrite.obj</name>
      </input_file>
      <input_file id="fl-34">
         <path>C:\ti\ccsv6\tools\compiler\c5500_4.4.1\lib\</path>
         <kind>archive</kind>
         <file>rts55x.lib</file>
         <name>lmpy.obj</name>
      </input_file>
      <input_file id="fl-35">
         <path>C:\ti\ccsv6\tools\compiler\c5500_4.4.1\lib\</path>
         <kind>archive</kind>
         <file>rts55x.lib</file>
         <name>lowlev.obj</name>
      </input_file>
      <input_file id="fl-36">
         <path>C:\ti\ccsv6\tools\compiler\c5500_4.4.1\lib\</path>
         <kind>archive</kind>
         <file>rts55x.lib</file>
         <name>memcpy.obj</name>
      </input_file>
      <input_file id="fl-37">
         <path>C:\ti\ccsv6\tools\compiler\c5500_4.4.1\lib\</path>
         <kind>archive</kind>
         <file>rts55x.lib</file>
         <name>memory.obj</name>
      </input_file>
      <input_file id="fl-38">
         <path>C:\ti\ccsv6\tools\compiler\c5500_4.4.1\lib\</path>
         <kind>archive</kind>
         <file>rts55x.lib</file>
         <name>mpyd.obj</name>
      </input_file>
      <input_file id="fl-39">
         <path>C:\ti\ccsv6\tools\compiler\c5500_4.4.1\lib\</path>
         <kind>archive</kind>
         <file>rts55x.lib</file>
         <name>printf.obj</name>
      </input_file>
      <input_file id="fl-3a">
         <path>C:\ti\ccsv6\tools\compiler\c5500_4.4.1\lib\</path>
         <kind>archive</kind>
         <file>rts55x.lib</file>
         <name>remove.obj</name>
      </input_file>
      <input_file id="fl-3b">
         <path>C:\ti\ccsv6\tools\compiler\c5500_4.4.1\lib\</path>
         <kind>archive</kind>
         <file>rts55x.lib</file>
         <name>trgdrv.obj</name>
      </input_file>
      <input_file id="fl-3c">
         <path>C:\ti\ccsv6\tools\compiler\c5500_4.4.1\lib\</path>
         <kind>archive</kind>
         <file>rts55x.lib</file>
         <name>trgmsg.obj</name>
      </input_file>
      <input_file id="fl-3d">
         <path>C:\ti\ccsv6\tools\compiler\c5500_4.4.1\lib\</path>
         <kind>archive</kind>
         <file>rts55x.lib</file>
         <name>udiv.obj</name>
      </input_file>
      <input_file id="fl-3e">
         <path>C:\ti\ccsv6\tools\compiler\c5500_4.4.1\lib\</path>
         <kind>archive</kind>
         <file>rts55x.lib</file>
         <name>vectors.obj</name>
      </input_file>
      <input_file id="fl-3f">
         <path>C:\ti\ccsv6\tools\compiler\c5500_4.4.1\lib\</path>
         <kind>archive</kind>
         <file>rts55x.lib</file>
         <name>_bufread.obj</name>
      </input_file>
      <input_file id="fl-40">
         <path>C:\ti\ccsv6\tools\compiler\c5500_4.4.1\lib\</path>
         <kind>archive</kind>
         <file>rts55x.lib</file>
         <name>_io_perm.obj</name>
      </input_file>
      <input_file id="fl-41">
         <path>C:\ti\ccsv6\tools\compiler\c5500_4.4.1\lib\</path>
         <kind>archive</kind>
         <file>rts55x.lib</file>
         <name>_lock.obj</name>
      </input_file>
      <input_file id="fl-42">
         <path>C:\ti\ccsv6\tools\compiler\c5500_4.4.1\lib\</path>
         <kind>archive</kind>
         <file>rts55x.lib</file>
         <name>_printfi.obj</name>
      </input_file>
      <input_file id="fl-43">
         <path>C:\ti\ccsv6\tools\compiler\c5500_4.4.1\lib\</path>
         <kind>archive</kind>
         <file>rts55x.lib</file>
         <name>args_main.obj</name>
      </input_file>
      <input_file id="fl-44">
         <path>C:\ti\ccsv6\tools\compiler\c5500_4.4.1\lib\</path>
         <kind>archive</kind>
         <file>rts55x.lib</file>
         <name>atoi.obj</name>
      </input_file>
      <input_file id="fl-45">
         <path>C:\ti\ccsv6\tools\compiler\c5500_4.4.1\lib\</path>
         <kind>archive</kind>
         <file>rts55x.lib</file>
         <name>autoinit.obj</name>
      </input_file>
      <input_file id="fl-46">
         <path>C:\ti\ccsv6\tools\compiler\c5500_4.4.1\lib\</path>
         <kind>archive</kind>
         <file>rts55x.lib</file>
         <name>cmpd.obj</name>
      </input_file>
      <input_file id="fl-47">
         <path>C:\ti\ccsv6\tools\compiler\c5500_4.4.1\lib\</path>
         <kind>archive</kind>
         <file>rts55x.lib</file>
         <name>ctype.obj</name>
      </input_file>
      <input_file id="fl-48">
         <path>C:\ti\ccsv6\tools\compiler\c5500_4.4.1\lib\</path>
         <kind>archive</kind>
         <file>rts55x.lib</file>
         <name>defs.obj</name>
      </input_file>
      <input_file id="fl-49">
         <path>C:\ti\ccsv6\tools\compiler\c5500_4.4.1\lib\</path>
         <kind>archive</kind>
         <file>rts55x.lib</file>
         <name>divul.obj</name>
      </input_file>
      <input_file id="fl-4a">
         <path>C:\ti\ccsv6\tools\compiler\c5500_4.4.1\lib\</path>
         <kind>archive</kind>
         <file>rts55x.lib</file>
         <name>fputc.obj</name>
      </input_file>
      <input_file id="fl-4b">
         <path>C:\ti\ccsv6\tools\compiler\c5500_4.4.1\lib\</path>
         <kind>archive</kind>
         <file>rts55x.lib</file>
         <name>fputs.obj</name>
      </input_file>
      <input_file id="fl-4c">
         <path>C:\ti\ccsv6\tools\compiler\c5500_4.4.1\lib\</path>
         <kind>archive</kind>
         <file>rts55x.lib</file>
         <name>frcmpyd.obj</name>
      </input_file>
      <input_file id="fl-4d">
         <path>C:\ti\ccsv6\tools\compiler\c5500_4.4.1\lib\</path>
         <kind>archive</kind>
         <file>rts55x.lib</file>
         <name>fseek.obj</name>
      </input_file>
      <input_file id="fl-4e">
         <path>C:\ti\ccsv6\tools\compiler\c5500_4.4.1\lib\</path>
         <kind>archive</kind>
         <file>rts55x.lib</file>
         <name>isinf.obj</name>
      </input_file>
      <input_file id="fl-4f">
         <path>C:\ti\ccsv6\tools\compiler\c5500_4.4.1\lib\</path>
         <kind>archive</kind>
         <file>rts55x.lib</file>
         <name>llmpy.obj</name>
      </input_file>
      <input_file id="fl-50">
         <path>C:\ti\ccsv6\tools\compiler\c5500_4.4.1\lib\</path>
         <kind>archive</kind>
         <file>rts55x.lib</file>
         <name>ltoa.obj</name>
      </input_file>
      <input_file id="fl-51">
         <path>C:\ti\ccsv6\tools\compiler\c5500_4.4.1\lib\</path>
         <kind>archive</kind>
         <file>rts55x.lib</file>
         <name>memccpy.obj</name>
      </input_file>
      <input_file id="fl-52">
         <path>C:\ti\ccsv6\tools\compiler\c5500_4.4.1\lib\</path>
         <kind>archive</kind>
         <file>rts55x.lib</file>
         <name>negd.obj</name>
      </input_file>
      <input_file id="fl-53">
         <path>C:\ti\ccsv6\tools\compiler\c5500_4.4.1\lib\</path>
         <kind>archive</kind>
         <file>rts55x.lib</file>
         <name>remli.obj</name>
      </input_file>
      <input_file id="fl-54">
         <path>C:\ti\ccsv6\tools\compiler\c5500_4.4.1\lib\</path>
         <kind>archive</kind>
         <file>rts55x.lib</file>
         <name>remul.obj</name>
      </input_file>
      <input_file id="fl-55">
         <path>C:\ti\ccsv6\tools\compiler\c5500_4.4.1\lib\</path>
         <kind>archive</kind>
         <file>rts55x.lib</file>
         <name>setvbuf.obj</name>
      </input_file>
      <input_file id="fl-56">
         <path>C:\ti\ccsv6\tools\compiler\c5500_4.4.1\lib\</path>
         <kind>archive</kind>
         <file>rts55x.lib</file>
         <name>subd.obj</name>
      </input_file>
      <input_file id="fl-57">
         <path>C:\ti\ccsv6\tools\compiler\c5500_4.4.1\lib\</path>
         <kind>archive</kind>
         <file>rts55x.lib</file>
         <name>addd.obj</name>
      </input_file>
      <input_file id="fl-58">
         <path>C:\ti\ccsv6\tools\compiler\c5500_4.4.1\lib\</path>
         <kind>archive</kind>
         <file>rts55x.lib</file>
         <name>divli.obj</name>
      </input_file>
      <input_file id="fl-59">
         <path>..\c55xx_csl\lib\</path>
         <kind>archive</kind>
         <file>cslVC5505.lib</file>
         <name>csl_sar.obj</name>
      </input_file>
   </input_file_list>
   <object_component_list>
      <object_component id="oc-c9">
         <name>.text</name>
         <load_address>0x20000</load_address>
         <run_address>0x20000</run_address>
         <size>0x15a4</size>
         <input_file_ref idref="fl-42"/>
      </object_component>
      <object_component id="oc-126">
         <name>.text</name>
         <load_address>0x215a4</load_address>
         <run_address>0x215a4</run_address>
         <size>0xb18</size>
         <input_file_ref idref="fl-59"/>
      </object_component>
      <object_component id="oc-8b">
         <name>.text</name>
         <load_address>0x220bc</load_address>
         <run_address>0x220bc</run_address>
         <size>0x543</size>
         <input_file_ref idref="fl-35"/>
      </object_component>
      <object_component id="oc-a8">
         <name>.text</name>
         <load_address>0x225ff</load_address>
         <run_address>0x225ff</run_address>
         <size>0x528</size>
         <input_file_ref idref="fl-3b"/>
      </object_component>
      <object_component id="oc-95">
         <name>.text</name>
         <load_address>0x22b27</load_address>
         <run_address>0x22b27</run_address>
         <size>0x4b5</size>
         <input_file_ref idref="fl-37"/>
      </object_component>
      <object_component id="oc-51">
         <name>.text</name>
         <load_address>0x22fdc</load_address>
         <run_address>0x22fdc</run_address>
         <size>0x3cc</size>
         <input_file_ref idref="fl-28"/>
      </object_component>
      <object_component id="oc-2e">
         <name>.text</name>
         <load_address>0x233a8</load_address>
         <run_address>0x233a8</run_address>
         <size>0x363</size>
         <input_file_ref idref="fl-6"/>
      </object_component>
      <object_component id="oc-75">
         <name>.text</name>
         <load_address>0x2370b</load_address>
         <run_address>0x2370b</run_address>
         <size>0x27f</size>
         <input_file_ref idref="fl-30"/>
      </object_component>
      <object_component id="oc-fe">
         <name>.text</name>
         <load_address>0x2398a</load_address>
         <run_address>0x2398a</run_address>
         <size>0x25e</size>
         <input_file_ref idref="fl-4f"/>
      </object_component>
      <object_component id="oc-11e">
         <name>.text</name>
         <load_address>0x23be8</load_address>
         <run_address>0x23be8</run_address>
         <size>0x25a</size>
         <input_file_ref idref="fl-57"/>
      </object_component>
      <object_component id="oc-83">
         <name>.text</name>
         <load_address>0x23e42</load_address>
         <run_address>0x23e42</run_address>
         <size>0x1ee</size>
         <input_file_ref idref="fl-33"/>
      </object_component>
      <object_component id="oc-db">
         <name>.text</name>
         <load_address>0x24030</load_address>
         <run_address>0x24030</run_address>
         <size>0x1ea</size>
         <input_file_ref idref="fl-46"/>
      </object_component>
      <object_component id="oc-41">
         <name>.text</name>
         <load_address>0x2421a</load_address>
         <run_address>0x2421a</run_address>
         <size>0x17a</size>
         <input_file_ref idref="fl-12"/>
      </object_component>
      <object_component id="oc-ed">
         <name>.text</name>
         <load_address>0x24394</load_address>
         <run_address>0x24394</run_address>
         <size>0x163</size>
         <input_file_ref idref="fl-4b"/>
      </object_component>
      <object_component id="oc-22">
         <name>.text</name>
         <load_address>0x244f7</load_address>
         <run_address>0x244f7</run_address>
         <size>0x152</size>
         <input_file_ref idref="fl-4"/>
      </object_component>
      <object_component id="oc-9c">
         <name>.text</name>
         <load_address>0x24649</load_address>
         <run_address>0x24649</run_address>
         <size>0x14c</size>
         <input_file_ref idref="fl-38"/>
      </object_component>
      <object_component id="oc-28">
         <name>.text</name>
         <load_address>0x24795</load_address>
         <run_address>0x24795</run_address>
         <size>0x12c</size>
         <input_file_ref idref="fl-5"/>
      </object_component>
      <object_component id="oc-7f">
         <name>.text</name>
         <load_address>0x248c1</load_address>
         <run_address>0x248c1</run_address>
         <size>0x10f</size>
         <input_file_ref idref="fl-32"/>
      </object_component>
      <object_component id="oc-1a">
         <name>.text</name>
         <load_address>0x249d0</load_address>
         <run_address>0x249d0</run_address>
         <size>0xf6</size>
         <input_file_ref idref="fl-3"/>
      </object_component>
      <object_component id="oc-13">
         <name>.text</name>
         <load_address>0x24ac6</load_address>
         <run_address>0x24ac6</run_address>
         <size>0xf2</size>
         <input_file_ref idref="fl-2"/>
      </object_component>
      <object_component id="oc-116">
         <name>.text</name>
         <load_address>0x24bb8</load_address>
         <run_address>0x24bb8</run_address>
         <size>0xe6</size>
         <input_file_ref idref="fl-55"/>
      </object_component>
      <object_component id="oc-bf">
         <name>.text</name>
         <load_address>0x24c9e</load_address>
         <run_address>0x24c9e</run_address>
         <size>0xdd</size>
         <input_file_ref idref="fl-40"/>
      </object_component>
      <object_component id="oc-60">
         <name>.text</name>
         <load_address>0x24d7b</load_address>
         <run_address>0x24d7b</run_address>
         <size>0xc2</size>
         <input_file_ref idref="fl-2b"/>
      </object_component>
      <object_component id="oc-b0">
         <name>.text:CIO_breakpoint</name>
         <load_address>0x24e3d</load_address>
         <run_address>0x24e3d</run_address>
         <size>0xba</size>
         <input_file_ref idref="fl-3c"/>
      </object_component>
      <object_component id="oc-bb">
         <name>.text</name>
         <load_address>0x24ef7</load_address>
         <run_address>0x24ef7</run_address>
         <size>0xae</size>
         <input_file_ref idref="fl-3f"/>
      </object_component>
      <object_component id="oc-e9">
         <name>.text</name>
         <load_address>0x24fa5</load_address>
         <run_address>0x24fa5</run_address>
         <size>0xa6</size>
         <input_file_ref idref="fl-4a"/>
      </object_component>
      <object_component id="oc-e5">
         <name>.text</name>
         <load_address>0x2504b</load_address>
         <run_address>0x2504b</run_address>
         <size>0xa1</size>
         <input_file_ref idref="fl-49"/>
      </object_component>
      <object_component id="oc-102">
         <name>.text</name>
         <load_address>0x250ec</load_address>
         <run_address>0x250ec</run_address>
         <size>0x7d</size>
         <input_file_ref idref="fl-50"/>
      </object_component>
      <object_component id="oc-5c">
         <name>.text</name>
         <load_address>0x25169</load_address>
         <run_address>0x25169</run_address>
         <size>0x7b</size>
         <input_file_ref idref="fl-2a"/>
      </object_component>
      <object_component id="oc-f2">
         <name>.text</name>
         <load_address>0x251e4</load_address>
         <run_address>0x251e4</run_address>
         <size>0x76</size>
         <input_file_ref idref="fl-4c"/>
      </object_component>
      <object_component id="oc-7b">
         <name>.text</name>
         <load_address>0x2525a</load_address>
         <run_address>0x2525a</run_address>
         <size>0x73</size>
         <input_file_ref idref="fl-31"/>
      </object_component>
      <object_component id="oc-112">
         <name>.text</name>
         <load_address>0x252cd</load_address>
         <run_address>0x252cd</run_address>
         <size>0x72</size>
         <input_file_ref idref="fl-54"/>
      </object_component>
      <object_component id="oc-68">
         <name>.text</name>
         <load_address>0x2533f</load_address>
         <run_address>0x2533f</run_address>
         <size>0x6f</size>
         <input_file_ref idref="fl-2d"/>
      </object_component>
      <object_component id="oc-ad">
         <name>.text</name>
         <load_address>0x253ae</load_address>
         <run_address>0x253ae</run_address>
         <size>0x6d</size>
         <input_file_ref idref="fl-3c"/>
      </object_component>
      <object_component id="oc-f6">
         <name>.text</name>
         <load_address>0x2541b</load_address>
         <run_address>0x2541b</run_address>
         <size>0x6b</size>
         <input_file_ref idref="fl-4d"/>
      </object_component>
      <object_component id="oc-70">
         <name>.text</name>
         <load_address>0x25486</load_address>
         <run_address>0x25486</run_address>
         <size>0x67</size>
         <input_file_ref idref="fl-2f"/>
      </object_component>
      <object_component id="oc-d3">
         <name>.text</name>
         <load_address>0x254ed</load_address>
         <run_address>0x254ed</run_address>
         <size>0x5c</size>
         <input_file_ref idref="fl-44"/>
      </object_component>
      <object_component id="oc-48">
         <name>.text</name>
         <load_address>0x25549</load_address>
         <run_address>0x25549</run_address>
         <size>0x54</size>
         <input_file_ref idref="fl-13"/>
      </object_component>
      <object_component id="oc-a0">
         <name>.text</name>
         <load_address>0x2559d</load_address>
         <run_address>0x2559d</run_address>
         <size>0x50</size>
         <input_file_ref idref="fl-39"/>
      </object_component>
      <object_component id="oc-d7">
         <name>.text</name>
         <load_address>0x255ed</load_address>
         <run_address>0x255ed</run_address>
         <size>0x4d</size>
         <input_file_ref idref="fl-45"/>
      </object_component>
      <object_component id="oc-cf">
         <name>.text</name>
         <load_address>0x2563a</load_address>
         <run_address>0x2563a</run_address>
         <size>0x4b</size>
         <input_file_ref idref="fl-43"/>
      </object_component>
      <object_component id="oc-10e">
         <name>.text</name>
         <load_address>0x25685</load_address>
         <run_address>0x25685</run_address>
         <size>0x4b</size>
         <input_file_ref idref="fl-53"/>
      </object_component>
      <object_component id="oc-122">
         <name>.text</name>
         <load_address>0x256d0</load_address>
         <run_address>0x256d0</run_address>
         <size>0x48</size>
         <input_file_ref idref="fl-58"/>
      </object_component>
      <object_component id="oc-36">
         <name>.text</name>
         <load_address>0x25718</load_address>
         <run_address>0x25718</run_address>
         <size>0x41</size>
         <input_file_ref idref="fl-7"/>
      </object_component>
      <object_component id="oc-91">
         <name>.text</name>
         <load_address>0x25759</load_address>
         <run_address>0x25759</run_address>
         <size>0x3f</size>
         <input_file_ref idref="fl-36"/>
      </object_component>
      <object_component id="oc-55">
         <name>.text</name>
         <load_address>0x25798</load_address>
         <run_address>0x25798</run_address>
         <size>0x3e</size>
         <input_file_ref idref="fl-29"/>
      </object_component>
      <object_component id="oc-11">
         <name>.text</name>
         <load_address>0x257d6</load_address>
         <run_address>0x257d6</run_address>
         <size>0x34</size>
         <input_file_ref idref="fl-27"/>
      </object_component>
      <object_component id="oc-64">
         <name>.text</name>
         <load_address>0x2580a</load_address>
         <run_address>0x2580a</run_address>
         <size>0x2a</size>
         <input_file_ref idref="fl-2c"/>
      </object_component>
      <object_component id="oc-b3">
         <name>.text</name>
         <load_address>0x25834</load_address>
         <run_address>0x25834</run_address>
         <size>0x2a</size>
         <input_file_ref idref="fl-3d"/>
      </object_component>
      <object_component id="oc-106">
         <name>.text</name>
         <load_address>0x2585e</load_address>
         <run_address>0x2585e</run_address>
         <size>0x23</size>
         <input_file_ref idref="fl-51"/>
      </object_component>
      <object_component id="oc-fa">
         <name>.text</name>
         <load_address>0x25881</load_address>
         <run_address>0x25881</run_address>
         <size>0x1a</size>
         <input_file_ref idref="fl-4e"/>
      </object_component>
      <object_component id="oc-11a">
         <name>.text</name>
         <load_address>0x2589b</load_address>
         <run_address>0x2589b</run_address>
         <size>0x14</size>
         <input_file_ref idref="fl-56"/>
      </object_component>
      <object_component id="oc-87">
         <name>.text</name>
         <load_address>0x258af</load_address>
         <run_address>0x258af</run_address>
         <size>0x13</size>
         <input_file_ref idref="fl-34"/>
      </object_component>
      <object_component id="oc-c3">
         <name>.text</name>
         <load_address>0x258c2</load_address>
         <run_address>0x258c2</run_address>
         <size>0x12</size>
         <input_file_ref idref="fl-41"/>
      </object_component>
      <object_component id="oc-10a">
         <name>.text</name>
         <load_address>0x258d4</load_address>
         <run_address>0x258d4</run_address>
         <size>0x10</size>
         <input_file_ref idref="fl-52"/>
      </object_component>
      <object_component id="oc-6c">
         <name>.text</name>
         <load_address>0x258e4</load_address>
         <run_address>0x258e4</run_address>
         <size>0xc</size>
         <input_file_ref idref="fl-2e"/>
      </object_component>
      <object_component id="oc-a4">
         <name>.text</name>
         <load_address>0x258f0</load_address>
         <run_address>0x258f0</run_address>
         <size>0xa</size>
         <input_file_ref idref="fl-3a"/>
      </object_component>
      <object_component id="oc-59">
         <name>.text:CIO_breakpoint</name>
         <load_address>0x258fa</load_address>
         <run_address>0x258fa</run_address>
         <size>0x7</size>
         <input_file_ref idref="fl-29"/>
      </object_component>
      <object_component id="oc-b7">
         <name>.text</name>
         <load_address>0x25901</load_address>
         <run_address>0x25901</run_address>
         <size>0x2</size>
         <input_file_ref idref="fl-3e"/>
      </object_component>
      <object_component id="oc-4d">
         <name>.stack</name>
         <uninitialized>true</uninitialized>
         <run_address>0xc0</run_address>
         <size>0x0</size>
         <input_file_ref idref="fl-27"/>
      </object_component>
      <object_component id="oc-146">
         <name>.stack</name>
         <uninitialized>true</uninitialized>
         <run_address>0xc0</run_address>
         <size>0x0</size>
      </object_component>
      <object_component id="oc-12b">
         <name>.sysstack</name>
         <uninitialized>true</uninitialized>
         <run_address>0x20c0</run_address>
         <size>0x0</size>
         <input_file_ref idref="fl-27"/>
      </object_component>
      <object_component id="oc-148">
         <name>.sysstack</name>
         <uninitialized>true</uninitialized>
         <run_address>0x20c0</run_address>
         <size>0x0</size>
      </object_component>
      <object_component id="oc-23">
         <name>.bss</name>
         <uninitialized>true</uninitialized>
         <run_address>0x50c0</run_address>
         <size>0x800</size>
         <input_file_ref idref="fl-4"/>
      </object_component>
      <object_component id="oc-3d">
         <name>.bss</name>
         <uninitialized>true</uninitialized>
         <run_address>0x58c0</run_address>
         <size>0x408</size>
         <input_file_ref idref="fl-8"/>
      </object_component>
      <object_component id="oc-2f">
         <name>.bss</name>
         <uninitialized>true</uninitialized>
         <run_address>0x5cc8</run_address>
         <size>0x310</size>
         <input_file_ref idref="fl-6"/>
      </object_component>
      <object_component id="oc-e1">
         <name>.bss</name>
         <uninitialized>true</uninitialized>
         <run_address>0x5fd8</run_address>
         <size>0x232</size>
         <input_file_ref idref="fl-48"/>
      </object_component>
      <object_component id="oc-a9">
         <name>.bss</name>
         <uninitialized>true</uninitialized>
         <run_address>0x620a</run_address>
         <size>0x1a0</size>
         <input_file_ref idref="fl-3b"/>
      </object_component>
      <object_component id="oc-76">
         <name>.bss</name>
         <uninitialized>true</uninitialized>
         <run_address>0x63aa</run_address>
         <size>0x2</size>
         <input_file_ref idref="fl-30"/>
      </object_component>
      <object_component id="oc-8c">
         <name>.bss</name>
         <uninitialized>true</uninitialized>
         <run_address>0x63ac</run_address>
         <size>0xe2</size>
         <input_file_ref idref="fl-35"/>
      </object_component>
      <object_component id="oc-42">
         <name>.bss</name>
         <uninitialized>true</uninitialized>
         <run_address>0x6490</run_address>
         <size>0x10</size>
         <input_file_ref idref="fl-12"/>
      </object_component>
      <object_component id="oc-96">
         <name>.bss</name>
         <uninitialized>true</uninitialized>
         <run_address>0x64a0</run_address>
         <size>0xc</size>
         <input_file_ref idref="fl-37"/>
      </object_component>
      <object_component id="oc-14">
         <name>.bss</name>
         <uninitialized>true</uninitialized>
         <run_address>0x64ac</run_address>
         <size>0xa</size>
         <input_file_ref idref="fl-2"/>
      </object_component>
      <object_component id="oc-1b">
         <name>.bss</name>
         <uninitialized>true</uninitialized>
         <run_address>0x64b8</run_address>
         <size>0x8</size>
         <input_file_ref idref="fl-3"/>
      </object_component>
      <object_component id="oc-c4">
         <name>.bss</name>
         <uninitialized>true</uninitialized>
         <run_address>0x64c0</run_address>
         <size>0x8</size>
         <input_file_ref idref="fl-41"/>
      </object_component>
      <object_component id="oc-56">
         <name>.bss</name>
         <uninitialized>true</uninitialized>
         <run_address>0x64c8</run_address>
         <size>0x8</size>
         <input_file_ref idref="fl-29"/>
      </object_component>
      <object_component id="oc-12d">
         <name>.const:__ctypes_</name>
         <load_address>0x64d0</load_address>
         <run_address>0x64d0</run_address>
         <size>0x202</size>
         <input_file_ref idref="fl-47"/>
      </object_component>
      <object_component id="oc-38">
         <name>.const</name>
         <load_address>0x66d2</load_address>
         <run_address>0x66d2</run_address>
         <size>0x2</size>
         <input_file_ref idref="fl-7"/>
      </object_component>
      <object_component id="oc-1e">
         <name>.const:.string</name>
         <load_address>0x66d4</load_address>
         <run_address>0x66d4</run_address>
         <size>0x12e</size>
         <input_file_ref idref="fl-3"/>
      </object_component>
      <object_component id="oc-32">
         <name>.const:.string</name>
         <load_address>0x6804</load_address>
         <run_address>0x6804</run_address>
         <size>0xa4</size>
         <input_file_ref idref="fl-6"/>
      </object_component>
      <object_component id="oc-cc">
         <name>.const:.string</name>
         <load_address>0x68a8</load_address>
         <run_address>0x68a8</run_address>
         <size>0x48</size>
         <input_file_ref idref="fl-42"/>
      </object_component>
      <object_component id="oc-cb">
         <name>.const</name>
         <load_address>0x68f0</load_address>
         <run_address>0x68f0</run_address>
         <size>0x18</size>
         <input_file_ref idref="fl-42"/>
      </object_component>
      <object_component id="oc-12c">
         <name>.const:_initial_approx$1</name>
         <load_address>0x6908</load_address>
         <run_address>0x6908</run_address>
         <size>0x10</size>
         <input_file_ref idref="fl-28"/>
      </object_component>
      <object_component id="oc-39">
         <name>.const:.string</name>
         <load_address>0x6918</load_address>
         <run_address>0x6918</run_address>
         <size>0xa</size>
         <input_file_ref idref="fl-7"/>
      </object_component>
      <object_component id="oc-2a">
         <name>.const</name>
         <load_address>0x6924</load_address>
         <run_address>0x6924</run_address>
         <size>0x8</size>
         <input_file_ref idref="fl-5"/>
      </object_component>
      <object_component id="oc-31">
         <name>.const</name>
         <load_address>0x692c</load_address>
         <run_address>0x692c</run_address>
         <size>0x8</size>
         <input_file_ref idref="fl-6"/>
      </object_component>
      <object_component id="oc-ef">
         <name>.const:.string</name>
         <load_address>0x6934</load_address>
         <run_address>0x6934</run_address>
         <size>0x4</size>
         <input_file_ref idref="fl-4b"/>
      </object_component>
      <object_component id="oc-72">
         <name>.const</name>
         <load_address>0x6938</load_address>
         <run_address>0x6938</run_address>
         <size>0x4</size>
         <input_file_ref idref="fl-2f"/>
      </object_component>
      <object_component id="oc-99">
         <name>.sysmem</name>
         <uninitialized>true</uninitialized>
         <run_address>0x30c0</run_address>
         <size>0x0</size>
         <input_file_ref idref="fl-37"/>
      </object_component>
      <object_component id="oc-147">
         <name>.sysmem</name>
         <uninitialized>true</uninitialized>
         <run_address>0x30c0</run_address>
         <size>0x0</size>
      </object_component>
      <object_component id="oc-3f">
         <name>.cinit</name>
         <load_address>0x40000</load_address>
         <run_address>0x40000</run_address>
         <size>0x412</size>
         <input_file_ref idref="fl-8"/>
      </object_component>
      <object_component id="oc-8e">
         <name>.cinit</name>
         <load_address>0x40412</load_address>
         <run_address>0x40412</run_address>
         <size>0x5a</size>
         <input_file_ref idref="fl-35"/>
      </object_component>
      <object_component id="oc-e3">
         <name>.cinit</name>
         <load_address>0x4046c</load_address>
         <run_address>0x4046c</run_address>
         <size>0x54</size>
         <input_file_ref idref="fl-48"/>
      </object_component>
      <object_component id="oc-44">
         <name>.cinit</name>
         <load_address>0x404c0</load_address>
         <run_address>0x404c0</run_address>
         <size>0x18</size>
         <input_file_ref idref="fl-12"/>
      </object_component>
      <object_component id="oc-1d">
         <name>.cinit</name>
         <load_address>0x404d8</load_address>
         <run_address>0x404d8</run_address>
         <size>0x14</size>
         <input_file_ref idref="fl-3"/>
      </object_component>
      <object_component id="oc-c6">
         <name>.cinit</name>
         <load_address>0x404ec</load_address>
         <run_address>0x404ec</run_address>
         <size>0x14</size>
         <input_file_ref idref="fl-41"/>
      </object_component>
      <object_component id="oc-58">
         <name>.cinit</name>
         <load_address>0x40500</load_address>
         <run_address>0x40500</run_address>
         <size>0x14</size>
         <input_file_ref idref="fl-29"/>
      </object_component>
      <object_component id="oc-16">
         <name>.cinit</name>
         <load_address>0x40514</load_address>
         <run_address>0x40514</run_address>
         <size>0x8</size>
         <input_file_ref idref="fl-2"/>
      </object_component>
      <object_component id="oc-78">
         <name>.cinit</name>
         <load_address>0x4051c</load_address>
         <run_address>0x4051c</run_address>
         <size>0x8</size>
         <input_file_ref idref="fl-30"/>
      </object_component>
      <object_component id="oc-98">
         <name>.cinit</name>
         <load_address>0x40524</load_address>
         <run_address>0x40524</run_address>
         <size>0x8</size>
         <input_file_ref idref="fl-37"/>
      </object_component>
      <object_component id="oc-af">
         <name>.cio</name>
         <uninitialized>true</uninitialized>
         <run_address>0x40530</run_address>
         <size>0x240</size>
         <input_file_ref idref="fl-3c"/>
      </object_component>
      <object_component id="oc-12">
         <name>vectors</name>
         <load_address>0x4fe00</load_address>
         <run_address>0x4fe00</run_address>
         <size>0x100</size>
         <input_file_ref idref="fl-3e"/>
      </object_component>
      <object_component id="oc-15">
         <name>.debug_info</name>
         <load_address>0x0</load_address>
         <run_address>0x0</run_address>
         <size>0x927</size>
         <input_file_ref idref="fl-2"/>
      </object_component>
      <object_component id="oc-1c">
         <name>.debug_info</name>
         <load_address>0x927</load_address>
         <run_address>0x927</run_address>
         <size>0x939</size>
         <input_file_ref idref="fl-3"/>
      </object_component>
      <object_component id="oc-24">
         <name>.debug_info</name>
         <load_address>0x1260</load_address>
         <run_address>0x1260</run_address>
         <size>0x9ed</size>
         <input_file_ref idref="fl-4"/>
      </object_component>
      <object_component id="oc-29">
         <name>.debug_info</name>
         <load_address>0x1c4d</load_address>
         <run_address>0x1c4d</run_address>
         <size>0x708</size>
         <input_file_ref idref="fl-5"/>
      </object_component>
      <object_component id="oc-30">
         <name>.debug_info</name>
         <load_address>0x2355</load_address>
         <run_address>0x2355</run_address>
         <size>0xfa6</size>
         <input_file_ref idref="fl-6"/>
      </object_component>
      <object_component id="oc-37">
         <name>.debug_info</name>
         <load_address>0x32fb</load_address>
         <run_address>0x32fb</run_address>
         <size>0x6b3</size>
         <input_file_ref idref="fl-7"/>
      </object_component>
      <object_component id="oc-3e">
         <name>.debug_info</name>
         <load_address>0x39ae</load_address>
         <run_address>0x39ae</run_address>
         <size>0x4ea</size>
         <input_file_ref idref="fl-8"/>
      </object_component>
      <object_component id="oc-43">
         <name>.debug_info</name>
         <load_address>0x3e98</load_address>
         <run_address>0x3e98</run_address>
         <size>0x6384</size>
         <input_file_ref idref="fl-12"/>
      </object_component>
      <object_component id="oc-49">
         <name>.debug_info</name>
         <load_address>0xa21c</load_address>
         <run_address>0xa21c</run_address>
         <size>0x5896</size>
         <input_file_ref idref="fl-13"/>
      </object_component>
      <object_component id="oc-4e">
         <name>.debug_info</name>
         <load_address>0xfab2</load_address>
         <run_address>0xfab2</run_address>
         <size>0xe8</size>
         <input_file_ref idref="fl-27"/>
      </object_component>
      <object_component id="oc-52">
         <name>.debug_info</name>
         <load_address>0xfb9a</load_address>
         <run_address>0xfb9a</run_address>
         <size>0x7e8</size>
         <input_file_ref idref="fl-28"/>
      </object_component>
      <object_component id="oc-57">
         <name>.debug_info</name>
         <load_address>0x10382</load_address>
         <run_address>0x10382</run_address>
         <size>0x5fb</size>
         <input_file_ref idref="fl-29"/>
      </object_component>
      <object_component id="oc-5d">
         <name>.debug_info</name>
         <load_address>0x1097d</load_address>
         <run_address>0x1097d</run_address>
         <size>0x64f</size>
         <input_file_ref idref="fl-2a"/>
      </object_component>
      <object_component id="oc-61">
         <name>.debug_info</name>
         <load_address>0x10fcc</load_address>
         <run_address>0x10fcc</run_address>
         <size>0x706</size>
         <input_file_ref idref="fl-2b"/>
      </object_component>
      <object_component id="oc-65">
         <name>.debug_info</name>
         <load_address>0x116d2</load_address>
         <run_address>0x116d2</run_address>
         <size>0x4cf</size>
         <input_file_ref idref="fl-2c"/>
      </object_component>
      <object_component id="oc-69">
         <name>.debug_info</name>
         <load_address>0x11ba1</load_address>
         <run_address>0x11ba1</run_address>
         <size>0x534</size>
         <input_file_ref idref="fl-2d"/>
      </object_component>
      <object_component id="oc-6d">
         <name>.debug_info</name>
         <load_address>0x120d5</load_address>
         <run_address>0x120d5</run_address>
         <size>0x4cf</size>
         <input_file_ref idref="fl-2e"/>
      </object_component>
      <object_component id="oc-71">
         <name>.debug_info</name>
         <load_address>0x125a4</load_address>
         <run_address>0x125a4</run_address>
         <size>0x549</size>
         <input_file_ref idref="fl-2f"/>
      </object_component>
      <object_component id="oc-77">
         <name>.debug_info</name>
         <load_address>0x12aed</load_address>
         <run_address>0x12aed</run_address>
         <size>0xa1c</size>
         <input_file_ref idref="fl-30"/>
      </object_component>
      <object_component id="oc-7c">
         <name>.debug_info</name>
         <load_address>0x13509</load_address>
         <run_address>0x13509</run_address>
         <size>0x53e</size>
         <input_file_ref idref="fl-31"/>
      </object_component>
      <object_component id="oc-80">
         <name>.debug_info</name>
         <load_address>0x13a47</load_address>
         <run_address>0x13a47</run_address>
         <size>0x762</size>
         <input_file_ref idref="fl-32"/>
      </object_component>
      <object_component id="oc-84">
         <name>.debug_info</name>
         <load_address>0x141a9</load_address>
         <run_address>0x141a9</run_address>
         <size>0x8f7</size>
         <input_file_ref idref="fl-33"/>
      </object_component>
      <object_component id="oc-88">
         <name>.debug_info</name>
         <load_address>0x14aa0</load_address>
         <run_address>0x14aa0</run_address>
         <size>0xbd</size>
         <input_file_ref idref="fl-34"/>
      </object_component>
      <object_component id="oc-8d">
         <name>.debug_info</name>
         <load_address>0x14b5d</load_address>
         <run_address>0x14b5d</run_address>
         <size>0x144b</size>
         <input_file_ref idref="fl-35"/>
      </object_component>
      <object_component id="oc-92">
         <name>.debug_info</name>
         <load_address>0x15fa8</load_address>
         <run_address>0x15fa8</run_address>
         <size>0xd1</size>
         <input_file_ref idref="fl-36"/>
      </object_component>
      <object_component id="oc-97">
         <name>.debug_info</name>
         <load_address>0x16079</load_address>
         <run_address>0x16079</run_address>
         <size>0xb97</size>
         <input_file_ref idref="fl-37"/>
      </object_component>
      <object_component id="oc-9d">
         <name>.debug_info</name>
         <load_address>0x16c10</load_address>
         <run_address>0x16c10</run_address>
         <size>0x55b</size>
         <input_file_ref idref="fl-38"/>
      </object_component>
      <object_component id="oc-a1">
         <name>.debug_info</name>
         <load_address>0x1716b</load_address>
         <run_address>0x1716b</run_address>
         <size>0x76c</size>
         <input_file_ref idref="fl-39"/>
      </object_component>
      <object_component id="oc-a5">
         <name>.debug_info</name>
         <load_address>0x178d7</load_address>
         <run_address>0x178d7</run_address>
         <size>0x510</size>
         <input_file_ref idref="fl-3a"/>
      </object_component>
      <object_component id="oc-aa">
         <name>.debug_info</name>
         <load_address>0x17de7</load_address>
         <run_address>0x17de7</run_address>
         <size>0xed4</size>
         <input_file_ref idref="fl-3b"/>
      </object_component>
      <object_component id="oc-ae">
         <name>.debug_info</name>
         <load_address>0x18cbb</load_address>
         <run_address>0x18cbb</run_address>
         <size>0x744</size>
         <input_file_ref idref="fl-3c"/>
      </object_component>
      <object_component id="oc-b4">
         <name>.debug_info</name>
         <load_address>0x193ff</load_address>
         <run_address>0x193ff</run_address>
         <size>0xef</size>
         <input_file_ref idref="fl-3d"/>
      </object_component>
      <object_component id="oc-b8">
         <name>.debug_info</name>
         <load_address>0x194ee</load_address>
         <run_address>0x194ee</run_address>
         <size>0xbc</size>
         <input_file_ref idref="fl-3e"/>
      </object_component>
      <object_component id="oc-bc">
         <name>.debug_info</name>
         <load_address>0x195aa</load_address>
         <run_address>0x195aa</run_address>
         <size>0x6b8</size>
         <input_file_ref idref="fl-3f"/>
      </object_component>
      <object_component id="oc-c0">
         <name>.debug_info</name>
         <load_address>0x19c62</load_address>
         <run_address>0x19c62</run_address>
         <size>0x662</size>
         <input_file_ref idref="fl-40"/>
      </object_component>
      <object_component id="oc-c5">
         <name>.debug_info</name>
         <load_address>0x1a2c4</load_address>
         <run_address>0x1a2c4</run_address>
         <size>0x5bc</size>
         <input_file_ref idref="fl-41"/>
      </object_component>
      <object_component id="oc-ca">
         <name>.debug_info</name>
         <load_address>0x1a880</load_address>
         <run_address>0x1a880</run_address>
         <size>0x27bd</size>
         <input_file_ref idref="fl-42"/>
      </object_component>
      <object_component id="oc-d0">
         <name>.debug_info</name>
         <load_address>0x1d03d</load_address>
         <run_address>0x1d03d</run_address>
         <size>0x586</size>
         <input_file_ref idref="fl-43"/>
      </object_component>
      <object_component id="oc-d4">
         <name>.debug_info</name>
         <load_address>0x1d5c3</load_address>
         <run_address>0x1d5c3</run_address>
         <size>0x5a4</size>
         <input_file_ref idref="fl-44"/>
      </object_component>
      <object_component id="oc-d8">
         <name>.debug_info</name>
         <load_address>0x1db67</load_address>
         <run_address>0x1db67</run_address>
         <size>0xcd</size>
         <input_file_ref idref="fl-45"/>
      </object_component>
      <object_component id="oc-dc">
         <name>.debug_info</name>
         <load_address>0x1dc34</load_address>
         <run_address>0x1dc34</run_address>
         <size>0x81f</size>
         <input_file_ref idref="fl-46"/>
      </object_component>
      <object_component id="oc-df">
         <name>.debug_info</name>
         <load_address>0x1e453</load_address>
         <run_address>0x1e453</run_address>
         <size>0x498</size>
         <input_file_ref idref="fl-47"/>
      </object_component>
      <object_component id="oc-e2">
         <name>.debug_info</name>
         <load_address>0x1e8eb</load_address>
         <run_address>0x1e8eb</run_address>
         <size>0x57e</size>
         <input_file_ref idref="fl-48"/>
      </object_component>
      <object_component id="oc-e6">
         <name>.debug_info</name>
         <load_address>0x1ee69</load_address>
         <run_address>0x1ee69</run_address>
         <size>0x534</size>
         <input_file_ref idref="fl-49"/>
      </object_component>
      <object_component id="oc-ea">
         <name>.debug_info</name>
         <load_address>0x1f39d</load_address>
         <run_address>0x1f39d</run_address>
         <size>0x6aa</size>
         <input_file_ref idref="fl-4a"/>
      </object_component>
      <object_component id="oc-ee">
         <name>.debug_info</name>
         <load_address>0x1fa47</load_address>
         <run_address>0x1fa47</run_address>
         <size>0x942</size>
         <input_file_ref idref="fl-4b"/>
      </object_component>
      <object_component id="oc-f3">
         <name>.debug_info</name>
         <load_address>0x20389</load_address>
         <run_address>0x20389</run_address>
         <size>0x4d2</size>
         <input_file_ref idref="fl-4c"/>
      </object_component>
      <object_component id="oc-f7">
         <name>.debug_info</name>
         <load_address>0x2085b</load_address>
         <run_address>0x2085b</run_address>
         <size>0x5f7</size>
         <input_file_ref idref="fl-4d"/>
      </object_component>
      <object_component id="oc-fb">
         <name>.debug_info</name>
         <load_address>0x20e52</load_address>
         <run_address>0x20e52</run_address>
         <size>0x680</size>
         <input_file_ref idref="fl-4e"/>
      </object_component>
      <object_component id="oc-ff">
         <name>.debug_info</name>
         <load_address>0x214d2</load_address>
         <run_address>0x214d2</run_address>
         <size>0x7d4</size>
         <input_file_ref idref="fl-4f"/>
      </object_component>
      <object_component id="oc-103">
         <name>.debug_info</name>
         <load_address>0x21ca6</load_address>
         <run_address>0x21ca6</run_address>
         <size>0x5ad</size>
         <input_file_ref idref="fl-50"/>
      </object_component>
      <object_component id="oc-107">
         <name>.debug_info</name>
         <load_address>0x22253</load_address>
         <run_address>0x22253</run_address>
         <size>0x574</size>
         <input_file_ref idref="fl-51"/>
      </object_component>
      <object_component id="oc-10b">
         <name>.debug_info</name>
         <load_address>0x227c7</load_address>
         <run_address>0x227c7</run_address>
         <size>0x4b7</size>
         <input_file_ref idref="fl-52"/>
      </object_component>
      <object_component id="oc-10f">
         <name>.debug_info</name>
         <load_address>0x22c7e</load_address>
         <run_address>0x22c7e</run_address>
         <size>0x4f2</size>
         <input_file_ref idref="fl-53"/>
      </object_component>
      <object_component id="oc-113">
         <name>.debug_info</name>
         <load_address>0x23170</load_address>
         <run_address>0x23170</run_address>
         <size>0x534</size>
         <input_file_ref idref="fl-54"/>
      </object_component>
      <object_component id="oc-117">
         <name>.debug_info</name>
         <load_address>0x236a4</load_address>
         <run_address>0x236a4</run_address>
         <size>0x64a</size>
         <input_file_ref idref="fl-55"/>
      </object_component>
      <object_component id="oc-11b">
         <name>.debug_info</name>
         <load_address>0x23cee</load_address>
         <run_address>0x23cee</run_address>
         <size>0x4de</size>
         <input_file_ref idref="fl-56"/>
      </object_component>
      <object_component id="oc-11f">
         <name>.debug_info</name>
         <load_address>0x241cc</load_address>
         <run_address>0x241cc</run_address>
         <size>0x5ab</size>
         <input_file_ref idref="fl-57"/>
      </object_component>
      <object_component id="oc-123">
         <name>.debug_info</name>
         <load_address>0x24777</load_address>
         <run_address>0x24777</run_address>
         <size>0x4f2</size>
         <input_file_ref idref="fl-58"/>
      </object_component>
      <object_component id="oc-127">
         <name>.debug_info</name>
         <load_address>0x24c69</load_address>
         <run_address>0x24c69</run_address>
         <size>0x6ebb</size>
         <input_file_ref idref="fl-59"/>
      </object_component>
      <object_component id="oc-151">
         <name>.debug_info</name>
         <load_address>0x2bb24</load_address>
         <run_address>0x2bb24</run_address>
         <size>0x6e</size>
      </object_component>
      <object_component id="oc-17">
         <name>.debug_frame</name>
         <load_address>0x0</load_address>
         <run_address>0x0</run_address>
         <size>0x132</size>
         <input_file_ref idref="fl-2"/>
      </object_component>
      <object_component id="oc-1f">
         <name>.debug_frame</name>
         <load_address>0x132</load_address>
         <run_address>0x132</run_address>
         <size>0x139</size>
         <input_file_ref idref="fl-3"/>
      </object_component>
      <object_component id="oc-25">
         <name>.debug_frame</name>
         <load_address>0x26b</load_address>
         <run_address>0x26b</run_address>
         <size>0x118</size>
         <input_file_ref idref="fl-4"/>
      </object_component>
      <object_component id="oc-2b">
         <name>.debug_frame</name>
         <load_address>0x383</load_address>
         <run_address>0x383</run_address>
         <size>0xe5</size>
         <input_file_ref idref="fl-5"/>
      </object_component>
      <object_component id="oc-33">
         <name>.debug_frame</name>
         <load_address>0x468</load_address>
         <run_address>0x468</run_address>
         <size>0xe3</size>
         <input_file_ref idref="fl-6"/>
      </object_component>
      <object_component id="oc-3a">
         <name>.debug_frame</name>
         <load_address>0x54b</load_address>
         <run_address>0x54b</run_address>
         <size>0x132</size>
         <input_file_ref idref="fl-7"/>
      </object_component>
      <object_component id="oc-45">
         <name>.debug_frame</name>
         <load_address>0x67d</load_address>
         <run_address>0x67d</run_address>
         <size>0x102</size>
         <input_file_ref idref="fl-12"/>
      </object_component>
      <object_component id="oc-4a">
         <name>.debug_frame</name>
         <load_address>0x77f</load_address>
         <run_address>0x77f</run_address>
         <size>0x116</size>
         <input_file_ref idref="fl-13"/>
      </object_component>
      <object_component id="oc-128">
         <name>.debug_frame</name>
         <load_address>0x895</load_address>
         <run_address>0x895</run_address>
         <size>0x272</size>
         <input_file_ref idref="fl-59"/>
      </object_component>
      <object_component id="oc-18">
         <name>.debug_line</name>
         <load_address>0x0</load_address>
         <run_address>0x0</run_address>
         <size>0xac</size>
         <input_file_ref idref="fl-2"/>
      </object_component>
      <object_component id="oc-20">
         <name>.debug_line</name>
         <load_address>0xac</load_address>
         <run_address>0xac</run_address>
         <size>0xb8</size>
         <input_file_ref idref="fl-3"/>
      </object_component>
      <object_component id="oc-26">
         <name>.debug_line</name>
         <load_address>0x164</load_address>
         <run_address>0x164</run_address>
         <size>0xbe</size>
         <input_file_ref idref="fl-4"/>
      </object_component>
      <object_component id="oc-2c">
         <name>.debug_line</name>
         <load_address>0x222</load_address>
         <run_address>0x222</run_address>
         <size>0x8e</size>
         <input_file_ref idref="fl-5"/>
      </object_component>
      <object_component id="oc-34">
         <name>.debug_line</name>
         <load_address>0x2b0</load_address>
         <run_address>0x2b0</run_address>
         <size>0x1d5</size>
         <input_file_ref idref="fl-6"/>
      </object_component>
      <object_component id="oc-3b">
         <name>.debug_line</name>
         <load_address>0x485</load_address>
         <run_address>0x485</run_address>
         <size>0x86</size>
         <input_file_ref idref="fl-7"/>
      </object_component>
      <object_component id="oc-46">
         <name>.debug_line</name>
         <load_address>0x50b</load_address>
         <run_address>0x50b</run_address>
         <size>0x66e</size>
         <input_file_ref idref="fl-12"/>
      </object_component>
      <object_component id="oc-4b">
         <name>.debug_line</name>
         <load_address>0xb79</load_address>
         <run_address>0xb79</run_address>
         <size>0x59c</size>
         <input_file_ref idref="fl-13"/>
      </object_component>
      <object_component id="oc-4f">
         <name>.debug_line</name>
         <load_address>0x1115</load_address>
         <run_address>0x1115</run_address>
         <size>0x54</size>
         <input_file_ref idref="fl-27"/>
      </object_component>
      <object_component id="oc-53">
         <name>.debug_line</name>
         <load_address>0x1169</load_address>
         <run_address>0x1169</run_address>
         <size>0x5b</size>
         <input_file_ref idref="fl-28"/>
      </object_component>
      <object_component id="oc-5a">
         <name>.debug_line</name>
         <load_address>0x11c4</load_address>
         <run_address>0x11c4</run_address>
         <size>0x51</size>
         <input_file_ref idref="fl-29"/>
      </object_component>
      <object_component id="oc-5e">
         <name>.debug_line</name>
         <load_address>0x1215</load_address>
         <run_address>0x1215</run_address>
         <size>0x3d</size>
         <input_file_ref idref="fl-2a"/>
      </object_component>
      <object_component id="oc-62">
         <name>.debug_line</name>
         <load_address>0x1252</load_address>
         <run_address>0x1252</run_address>
         <size>0x5b</size>
         <input_file_ref idref="fl-2b"/>
      </object_component>
      <object_component id="oc-66">
         <name>.debug_line</name>
         <load_address>0x12ad</load_address>
         <run_address>0x12ad</run_address>
         <size>0x3d</size>
         <input_file_ref idref="fl-2c"/>
      </object_component>
      <object_component id="oc-6a">
         <name>.debug_line</name>
         <load_address>0x12ea</load_address>
         <run_address>0x12ea</run_address>
         <size>0x3d</size>
         <input_file_ref idref="fl-2d"/>
      </object_component>
      <object_component id="oc-6e">
         <name>.debug_line</name>
         <load_address>0x1327</load_address>
         <run_address>0x1327</run_address>
         <size>0x3d</size>
         <input_file_ref idref="fl-2e"/>
      </object_component>
      <object_component id="oc-73">
         <name>.debug_line</name>
         <load_address>0x1364</load_address>
         <run_address>0x1364</run_address>
         <size>0x44</size>
         <input_file_ref idref="fl-2f"/>
      </object_component>
      <object_component id="oc-79">
         <name>.debug_line</name>
         <load_address>0x13a8</load_address>
         <run_address>0x13a8</run_address>
         <size>0xd7</size>
         <input_file_ref idref="fl-30"/>
      </object_component>
      <object_component id="oc-7d">
         <name>.debug_line</name>
         <load_address>0x147f</load_address>
         <run_address>0x147f</run_address>
         <size>0x40</size>
         <input_file_ref idref="fl-31"/>
      </object_component>
      <object_component id="oc-81">
         <name>.debug_line</name>
         <load_address>0x14bf</load_address>
         <run_address>0x14bf</run_address>
         <size>0x4d</size>
         <input_file_ref idref="fl-32"/>
      </object_component>
      <object_component id="oc-85">
         <name>.debug_line</name>
         <load_address>0x150c</load_address>
         <run_address>0x150c</run_address>
         <size>0x97</size>
         <input_file_ref idref="fl-33"/>
      </object_component>
      <object_component id="oc-89">
         <name>.debug_line</name>
         <load_address>0x15a3</load_address>
         <run_address>0x15a3</run_address>
         <size>0x3c</size>
         <input_file_ref idref="fl-34"/>
      </object_component>
      <object_component id="oc-8f">
         <name>.debug_line</name>
         <load_address>0x15df</load_address>
         <run_address>0x15df</run_address>
         <size>0x1b0</size>
         <input_file_ref idref="fl-35"/>
      </object_component>
      <object_component id="oc-93">
         <name>.debug_line</name>
         <load_address>0x178f</load_address>
         <run_address>0x178f</run_address>
         <size>0x4d</size>
         <input_file_ref idref="fl-36"/>
      </object_component>
      <object_component id="oc-9a">
         <name>.debug_line</name>
         <load_address>0x17dc</load_address>
         <run_address>0x17dc</run_address>
         <size>0x112</size>
         <input_file_ref idref="fl-37"/>
      </object_component>
      <object_component id="oc-9e">
         <name>.debug_line</name>
         <load_address>0x18ee</load_address>
         <run_address>0x18ee</run_address>
         <size>0x3c</size>
         <input_file_ref idref="fl-38"/>
      </object_component>
      <object_component id="oc-a2">
         <name>.debug_line</name>
         <load_address>0x192a</load_address>
         <run_address>0x192a</run_address>
         <size>0x69</size>
         <input_file_ref idref="fl-39"/>
      </object_component>
      <object_component id="oc-a6">
         <name>.debug_line</name>
         <load_address>0x1993</load_address>
         <run_address>0x1993</run_address>
         <size>0x39</size>
         <input_file_ref idref="fl-3a"/>
      </object_component>
      <object_component id="oc-ab">
         <name>.debug_line</name>
         <load_address>0x19cc</load_address>
         <run_address>0x19cc</run_address>
         <size>0x15d</size>
         <input_file_ref idref="fl-3b"/>
      </object_component>
      <object_component id="oc-b1">
         <name>.debug_line</name>
         <load_address>0x1b29</load_address>
         <run_address>0x1b29</run_address>
         <size>0x6a</size>
         <input_file_ref idref="fl-3c"/>
      </object_component>
      <object_component id="oc-b5">
         <name>.debug_line</name>
         <load_address>0x1b93</load_address>
         <run_address>0x1b93</run_address>
         <size>0x58</size>
         <input_file_ref idref="fl-3d"/>
      </object_component>
      <object_component id="oc-b9">
         <name>.debug_line</name>
         <load_address>0x1beb</load_address>
         <run_address>0x1beb</run_address>
         <size>0x37</size>
         <input_file_ref idref="fl-3e"/>
      </object_component>
      <object_component id="oc-bd">
         <name>.debug_line</name>
         <load_address>0x1c22</load_address>
         <run_address>0x1c22</run_address>
         <size>0x4c</size>
         <input_file_ref idref="fl-3f"/>
      </object_component>
      <object_component id="oc-c1">
         <name>.debug_line</name>
         <load_address>0x1c6e</load_address>
         <run_address>0x1c6e</run_address>
         <size>0x57</size>
         <input_file_ref idref="fl-40"/>
      </object_component>
      <object_component id="oc-c7">
         <name>.debug_line</name>
         <load_address>0x1cc5</load_address>
         <run_address>0x1cc5</run_address>
         <size>0x57</size>
         <input_file_ref idref="fl-41"/>
      </object_component>
      <object_component id="oc-cd">
         <name>.debug_line</name>
         <load_address>0x1d1c</load_address>
         <run_address>0x1d1c</run_address>
         <size>0x328</size>
         <input_file_ref idref="fl-42"/>
      </object_component>
      <object_component id="oc-d1">
         <name>.debug_line</name>
         <load_address>0x2044</load_address>
         <run_address>0x2044</run_address>
         <size>0x41</size>
         <input_file_ref idref="fl-43"/>
      </object_component>
      <object_component id="oc-d5">
         <name>.debug_line</name>
         <load_address>0x2085</load_address>
         <run_address>0x2085</run_address>
         <size>0x46</size>
         <input_file_ref idref="fl-44"/>
      </object_component>
      <object_component id="oc-d9">
         <name>.debug_line</name>
         <load_address>0x20cb</load_address>
         <run_address>0x20cb</run_address>
         <size>0x55</size>
         <input_file_ref idref="fl-45"/>
      </object_component>
      <object_component id="oc-dd">
         <name>.debug_line</name>
         <load_address>0x2120</load_address>
         <run_address>0x2120</run_address>
         <size>0xad</size>
         <input_file_ref idref="fl-46"/>
      </object_component>
      <object_component id="oc-e7">
         <name>.debug_line</name>
         <load_address>0x21cd</load_address>
         <run_address>0x21cd</run_address>
         <size>0x44</size>
         <input_file_ref idref="fl-49"/>
      </object_component>
      <object_component id="oc-eb">
         <name>.debug_line</name>
         <load_address>0x2211</load_address>
         <run_address>0x2211</run_address>
         <size>0x56</size>
         <input_file_ref idref="fl-4a"/>
      </object_component>
      <object_component id="oc-f0">
         <name>.debug_line</name>
         <load_address>0x2267</load_address>
         <run_address>0x2267</run_address>
         <size>0xa8</size>
         <input_file_ref idref="fl-4b"/>
      </object_component>
      <object_component id="oc-f4">
         <name>.debug_line</name>
         <load_address>0x230f</load_address>
         <run_address>0x230f</run_address>
         <size>0x3a</size>
         <input_file_ref idref="fl-4c"/>
      </object_component>
      <object_component id="oc-f8">
         <name>.debug_line</name>
         <load_address>0x2349</load_address>
         <run_address>0x2349</run_address>
         <size>0x3c</size>
         <input_file_ref idref="fl-4d"/>
      </object_component>
      <object_component id="oc-fc">
         <name>.debug_line</name>
         <load_address>0x2385</load_address>
         <run_address>0x2385</run_address>
         <size>0x38</size>
         <input_file_ref idref="fl-4e"/>
      </object_component>
      <object_component id="oc-100">
         <name>.debug_line</name>
         <load_address>0x23bd</load_address>
         <run_address>0x23bd</run_address>
         <size>0xa8</size>
         <input_file_ref idref="fl-4f"/>
      </object_component>
      <object_component id="oc-104">
         <name>.debug_line</name>
         <load_address>0x2465</load_address>
         <run_address>0x2465</run_address>
         <size>0x40</size>
         <input_file_ref idref="fl-50"/>
      </object_component>
      <object_component id="oc-108">
         <name>.debug_line</name>
         <load_address>0x24a5</load_address>
         <run_address>0x24a5</run_address>
         <size>0x3c</size>
         <input_file_ref idref="fl-51"/>
      </object_component>
      <object_component id="oc-10c">
         <name>.debug_line</name>
         <load_address>0x24e1</load_address>
         <run_address>0x24e1</run_address>
         <size>0x37</size>
         <input_file_ref idref="fl-52"/>
      </object_component>
      <object_component id="oc-110">
         <name>.debug_line</name>
         <load_address>0x2518</load_address>
         <run_address>0x2518</run_address>
         <size>0x3c</size>
         <input_file_ref idref="fl-53"/>
      </object_component>
      <object_component id="oc-114">
         <name>.debug_line</name>
         <load_address>0x2554</load_address>
         <run_address>0x2554</run_address>
         <size>0x44</size>
         <input_file_ref idref="fl-54"/>
      </object_component>
      <object_component id="oc-118">
         <name>.debug_line</name>
         <load_address>0x2598</load_address>
         <run_address>0x2598</run_address>
         <size>0x3f</size>
         <input_file_ref idref="fl-55"/>
      </object_component>
      <object_component id="oc-11c">
         <name>.debug_line</name>
         <load_address>0x25d7</load_address>
         <run_address>0x25d7</run_address>
         <size>0x37</size>
         <input_file_ref idref="fl-56"/>
      </object_component>
      <object_component id="oc-120">
         <name>.debug_line</name>
         <load_address>0x260e</load_address>
         <run_address>0x260e</run_address>
         <size>0x5c</size>
         <input_file_ref idref="fl-57"/>
      </object_component>
      <object_component id="oc-124">
         <name>.debug_line</name>
         <load_address>0x266a</load_address>
         <run_address>0x266a</run_address>
         <size>0x3c</size>
         <input_file_ref idref="fl-58"/>
      </object_component>
      <object_component id="oc-129">
         <name>.debug_line</name>
         <load_address>0x26a6</load_address>
         <run_address>0x26a6</run_address>
         <size>0x94b</size>
         <input_file_ref idref="fl-59"/>
      </object_component>
      <object_component id="oc-19">
         <name>.debug_abbrev</name>
         <load_address>0x0</load_address>
         <run_address>0x0</run_address>
         <size>0x10c</size>
         <input_file_ref idref="fl-2"/>
      </object_component>
      <object_component id="oc-21">
         <name>.debug_abbrev</name>
         <load_address>0x10c</load_address>
         <run_address>0x10c</run_address>
         <size>0x121</size>
         <input_file_ref idref="fl-3"/>
      </object_component>
      <object_component id="oc-27">
         <name>.debug_abbrev</name>
         <load_address>0x22d</load_address>
         <run_address>0x22d</run_address>
         <size>0x139</size>
         <input_file_ref idref="fl-4"/>
      </object_component>
      <object_component id="oc-2d">
         <name>.debug_abbrev</name>
         <load_address>0x366</load_address>
         <run_address>0x366</run_address>
         <size>0xeb</size>
         <input_file_ref idref="fl-5"/>
      </object_component>
      <object_component id="oc-35">
         <name>.debug_abbrev</name>
         <load_address>0x451</load_address>
         <run_address>0x451</run_address>
         <size>0x124</size>
         <input_file_ref idref="fl-6"/>
      </object_component>
      <object_component id="oc-3c">
         <name>.debug_abbrev</name>
         <load_address>0x575</load_address>
         <run_address>0x575</run_address>
         <size>0xf5</size>
         <input_file_ref idref="fl-7"/>
      </object_component>
      <object_component id="oc-40">
         <name>.debug_abbrev</name>
         <load_address>0x66a</load_address>
         <run_address>0x66a</run_address>
         <size>0x6c</size>
         <input_file_ref idref="fl-8"/>
      </object_component>
      <object_component id="oc-47">
         <name>.debug_abbrev</name>
         <load_address>0x6d6</load_address>
         <run_address>0x6d6</run_address>
         <size>0x1e0</size>
         <input_file_ref idref="fl-12"/>
      </object_component>
      <object_component id="oc-4c">
         <name>.debug_abbrev</name>
         <load_address>0x8b6</load_address>
         <run_address>0x8b6</run_address>
         <size>0x198</size>
         <input_file_ref idref="fl-13"/>
      </object_component>
      <object_component id="oc-50">
         <name>.debug_abbrev</name>
         <load_address>0xa4e</load_address>
         <run_address>0xa4e</run_address>
         <size>0x3a</size>
         <input_file_ref idref="fl-27"/>
      </object_component>
      <object_component id="oc-54">
         <name>.debug_abbrev</name>
         <load_address>0xa88</load_address>
         <run_address>0xa88</run_address>
         <size>0x112</size>
         <input_file_ref idref="fl-28"/>
      </object_component>
      <object_component id="oc-5b">
         <name>.debug_abbrev</name>
         <load_address>0xb9a</load_address>
         <run_address>0xb9a</run_address>
         <size>0xf7</size>
         <input_file_ref idref="fl-29"/>
      </object_component>
      <object_component id="oc-5f">
         <name>.debug_abbrev</name>
         <load_address>0xc91</load_address>
         <run_address>0xc91</run_address>
         <size>0x118</size>
         <input_file_ref idref="fl-2a"/>
      </object_component>
      <object_component id="oc-63">
         <name>.debug_abbrev</name>
         <load_address>0xda9</load_address>
         <run_address>0xda9</run_address>
         <size>0x136</size>
         <input_file_ref idref="fl-2b"/>
      </object_component>
      <object_component id="oc-67">
         <name>.debug_abbrev</name>
         <load_address>0xedf</load_address>
         <run_address>0xedf</run_address>
         <size>0x8f</size>
         <input_file_ref idref="fl-2c"/>
      </object_component>
      <object_component id="oc-6b">
         <name>.debug_abbrev</name>
         <load_address>0xf6e</load_address>
         <run_address>0xf6e</run_address>
         <size>0xb7</size>
         <input_file_ref idref="fl-2d"/>
      </object_component>
      <object_component id="oc-6f">
         <name>.debug_abbrev</name>
         <load_address>0x1025</load_address>
         <run_address>0x1025</run_address>
         <size>0x8f</size>
         <input_file_ref idref="fl-2e"/>
      </object_component>
      <object_component id="oc-74">
         <name>.debug_abbrev</name>
         <load_address>0x10b4</load_address>
         <run_address>0x10b4</run_address>
         <size>0xc2</size>
         <input_file_ref idref="fl-2f"/>
      </object_component>
      <object_component id="oc-7a">
         <name>.debug_abbrev</name>
         <load_address>0x1176</load_address>
         <run_address>0x1176</run_address>
         <size>0x1a2</size>
         <input_file_ref idref="fl-30"/>
      </object_component>
      <object_component id="oc-7e">
         <name>.debug_abbrev</name>
         <load_address>0x1318</load_address>
         <run_address>0x1318</run_address>
         <size>0x9a</size>
         <input_file_ref idref="fl-31"/>
      </object_component>
      <object_component id="oc-82">
         <name>.debug_abbrev</name>
         <load_address>0x13b2</load_address>
         <run_address>0x13b2</run_address>
         <size>0x111</size>
         <input_file_ref idref="fl-32"/>
      </object_component>
      <object_component id="oc-86">
         <name>.debug_abbrev</name>
         <load_address>0x14c3</load_address>
         <run_address>0x14c3</run_address>
         <size>0x11e</size>
         <input_file_ref idref="fl-33"/>
      </object_component>
      <object_component id="oc-8a">
         <name>.debug_abbrev</name>
         <load_address>0x15e1</load_address>
         <run_address>0x15e1</run_address>
         <size>0x38</size>
         <input_file_ref idref="fl-34"/>
      </object_component>
      <object_component id="oc-90">
         <name>.debug_abbrev</name>
         <load_address>0x1619</load_address>
         <run_address>0x1619</run_address>
         <size>0x225</size>
         <input_file_ref idref="fl-35"/>
      </object_component>
      <object_component id="oc-94">
         <name>.debug_abbrev</name>
         <load_address>0x183e</load_address>
         <run_address>0x183e</run_address>
         <size>0x38</size>
         <input_file_ref idref="fl-36"/>
      </object_component>
      <object_component id="oc-9b">
         <name>.debug_abbrev</name>
         <load_address>0x1876</load_address>
         <run_address>0x1876</run_address>
         <size>0x1de</size>
         <input_file_ref idref="fl-37"/>
      </object_component>
      <object_component id="oc-9f">
         <name>.debug_abbrev</name>
         <load_address>0x1a54</load_address>
         <run_address>0x1a54</run_address>
         <size>0xdc</size>
         <input_file_ref idref="fl-38"/>
      </object_component>
      <object_component id="oc-a3">
         <name>.debug_abbrev</name>
         <load_address>0x1b30</load_address>
         <run_address>0x1b30</run_address>
         <size>0x145</size>
         <input_file_ref idref="fl-39"/>
      </object_component>
      <object_component id="oc-a7">
         <name>.debug_abbrev</name>
         <load_address>0x1c75</load_address>
         <run_address>0x1c75</run_address>
         <size>0xbf</size>
         <input_file_ref idref="fl-3a"/>
      </object_component>
      <object_component id="oc-ac">
         <name>.debug_abbrev</name>
         <load_address>0x1d34</load_address>
         <run_address>0x1d34</run_address>
         <size>0x15a</size>
         <input_file_ref idref="fl-3b"/>
      </object_component>
      <object_component id="oc-b2">
         <name>.debug_abbrev</name>
         <load_address>0x1e8e</load_address>
         <run_address>0x1e8e</run_address>
         <size>0xde</size>
         <input_file_ref idref="fl-3c"/>
      </object_component>
      <object_component id="oc-b6">
         <name>.debug_abbrev</name>
         <load_address>0x1f6c</load_address>
         <run_address>0x1f6c</run_address>
         <size>0x38</size>
         <input_file_ref idref="fl-3d"/>
      </object_component>
      <object_component id="oc-ba">
         <name>.debug_abbrev</name>
         <load_address>0x1fa4</load_address>
         <run_address>0x1fa4</run_address>
         <size>0x26</size>
         <input_file_ref idref="fl-3e"/>
      </object_component>
      <object_component id="oc-be">
         <name>.debug_abbrev</name>
         <load_address>0x1fca</load_address>
         <run_address>0x1fca</run_address>
         <size>0x124</size>
         <input_file_ref idref="fl-3f"/>
      </object_component>
      <object_component id="oc-c2">
         <name>.debug_abbrev</name>
         <load_address>0x20ee</load_address>
         <run_address>0x20ee</run_address>
         <size>0xd1</size>
         <input_file_ref idref="fl-40"/>
      </object_component>
      <object_component id="oc-c8">
         <name>.debug_abbrev</name>
         <load_address>0x21bf</load_address>
         <run_address>0x21bf</run_address>
         <size>0x9f</size>
         <input_file_ref idref="fl-41"/>
      </object_component>
      <object_component id="oc-ce">
         <name>.debug_abbrev</name>
         <load_address>0x225e</load_address>
         <run_address>0x225e</run_address>
         <size>0x1f8</size>
         <input_file_ref idref="fl-42"/>
      </object_component>
      <object_component id="oc-d2">
         <name>.debug_abbrev</name>
         <load_address>0x2456</load_address>
         <run_address>0x2456</run_address>
         <size>0xec</size>
         <input_file_ref idref="fl-43"/>
      </object_component>
      <object_component id="oc-d6">
         <name>.debug_abbrev</name>
         <load_address>0x2542</load_address>
         <run_address>0x2542</run_address>
         <size>0xd5</size>
         <input_file_ref idref="fl-44"/>
[...]
      <symbol id="sm-193">
         <name>_EZDSP5535_init</name>
         <value>0x2558f</value>
         <object_component_ref idref="oc-48"/>
      </symbol>
      <symbol id="sm-194">
         <name>_EZDSP5535_wait</name>
         <value>0x25549</value>
         <object_component_ref idref="oc-48"/>
      </symbol>
      <symbol id="sm-1a0">
         <name>__sysstack</name>
         <value>0x20c0</value>
         <object_component_ref idref="oc-12b"/>
      </symbol>
      <symbol id="sm-1a1">
         <name>_c_int00</name>
         <value>0x257d6</value>
         <object_component_ref idref="oc-11"/>
      </symbol>
      <symbol id="sm-1a2">
         <name>__stack</name>
         <value>0xc0</value>
         <object_component_ref idref="oc-4d"/>
      </symbol>
      <symbol id="sm-1ae">
         <name>__divd</name>
         <value>0x22fdc</value>
         <object_component_ref idref="oc-51"/>
      </symbol>
      <symbol id="sm-1be">
         <name>C$$EXIT</name>
         <value>0x258fb</value>
         <object_component_ref idref="oc-59"/>
      </symbol>
      <symbol id="sm-1bf">
         <name>_exit</name>
         <value>0x25798</value>
         <object_component_ref idref="oc-55"/>
      </symbol>
      <symbol id="sm-1c0">
         <name>_abort</name>
         <value>0x258fa</value>
         <object_component_ref idref="oc-59"/>
      </symbol>
      <symbol id="sm-1c1">
         <name>__cleanup_ptr</name>
         <value>0x64c8</value>
         <object_component_ref idref="oc-56"/>
      </symbol>
      <symbol id="sm-1c2">
         <name>__dtors_ptr</name>
         <value>0x64cc</value>
         <object_component_ref idref="oc-56"/>
      </symbol>
      <symbol id="sm-1cc">
         <name>_fclose</name>
         <value>0x25169</value>
         <object_component_ref idref="oc-5c"/>
      </symbol>
      <symbol id="sm-1d6">
         <name>__doflush</name>
         <value>0x24d7b</value>
         <object_component_ref idref="oc-60"/>
      </symbol>
      <symbol id="sm-1d7">
         <name>_fflush</name>
         <value>0x24de4</value>
         <object_component_ref idref="oc-60"/>
      </symbol>
      <symbol id="sm-1e1">
         <name>__fixdi</name>
         <value>0x2580a</value>
         <object_component_ref idref="oc-64"/>
      </symbol>
      <symbol id="sm-1eb">
         <name>__fixdli</name>
         <value>0x2533f</value>
         <object_component_ref idref="oc-68"/>
      </symbol>
      <symbol id="sm-1f5">
         <name>__fltid</name>
         <value>0x258e4</value>
         <object_component_ref idref="oc-6c"/>
      </symbol>
      <symbol id="sm-201">
         <name>__fltlid</name>
         <value>0x25486</value>
         <object_component_ref idref="oc-70"/>
      </symbol>
      <symbol id="sm-210">
         <name>__cleanup</name>
         <value>0x2382c</value>
         <object_component_ref idref="oc-75"/>
      </symbol>
      <symbol id="sm-211">
         <name>_fopen</name>
         <value>0x2394f</value>
         <object_component_ref idref="oc-75"/>
      </symbol>
      <symbol id="sm-212">
         <name>_freopen</name>
         <value>0x23886</value>
         <object_component_ref idref="oc-75"/>
      </symbol>
      <symbol id="sm-21c">
         <name>__frcmpyd_div</name>
         <value>0x2525a</value>
         <object_component_ref idref="oc-7b"/>
      </symbol>
      <symbol id="sm-226">
         <name>_fread</name>
         <value>0x248c1</value>
         <object_component_ref idref="oc-7f"/>
      </symbol>
      <symbol id="sm-232">
         <name>_fwrite</name>
         <value>0x23e42</value>
         <object_component_ref idref="oc-83"/>
      </symbol>
      <symbol id="sm-23a">
         <name>__mpyli</name>
         <value>0x258af</value>
         <object_component_ref idref="oc-87"/>
      </symbol>
      <symbol id="sm-23b">
         <name>I$$LMPY</name>
         <value>0x258af</value>
         <object_component_ref idref="oc-87"/>
      </symbol>
      <symbol id="sm-24d">
         <name>_add_device</name>
         <value>0x2250f</value>
         <object_component_ref idref="oc-8b"/>
      </symbol>
      <symbol id="sm-24e">
         <name>_rename</name>
         <value>0x22231</value>
         <object_component_ref idref="oc-8b"/>
      </symbol>
      <symbol id="sm-24f">
         <name>_read</name>
         <value>0x222c0</value>
         <object_component_ref idref="oc-8b"/>
      </symbol>
      <symbol id="sm-250">
         <name>_unlink</name>
         <value>0x221fe</value>
         <object_component_ref idref="oc-8b"/>
      </symbol>
      <symbol id="sm-251">
         <name>_remove_device</name>
         <value>0x2228a</value>
         <object_component_ref idref="oc-8b"/>
      </symbol>
      <symbol id="sm-252">
         <name>_open</name>
         <value>0x2236e</value>
         <object_component_ref idref="oc-8b"/>
      </symbol>
      <symbol id="sm-253">
         <name>_find_registered_device</name>
         <value>0x22493</value>
         <object_component_ref idref="oc-8b"/>
      </symbol>
      <symbol id="sm-254">
         <name>_lseek</name>
         <value>0x2242d</value>
         <object_component_ref idref="oc-8b"/>
      </symbol>
      <symbol id="sm-255">
         <name>_close</name>
         <value>0x2249c</value>
         <object_component_ref idref="oc-8b"/>
      </symbol>
      <symbol id="sm-256">
         <name>_write</name>
         <value>0x220bc</value>
         <object_component_ref idref="oc-8b"/>
      </symbol>
      <symbol id="sm-25e">
         <name>_memcpy</name>
         <value>0x25759</value>
         <object_component_ref idref="oc-91"/>
      </symbol>
      <symbol id="sm-26e">
         <name>__sys_memory</name>
         <value>0x30c0</value>
         <object_component_ref idref="oc-99"/>
      </symbol>
      <symbol id="sm-26f">
         <name>_chkheap</name>
         <value>0x22fae</value>
         <object_component_ref idref="oc-95"/>
      </symbol>
      <symbol id="sm-270">
         <name>_realloc</name>
         <value>0x22d4d</value>
         <object_component_ref idref="oc-95"/>
      </symbol>
      <symbol id="sm-271">
         <name>_free_memory</name>
         <value>0x22f58</value>
         <object_component_ref idref="oc-95"/>
      </symbol>
      <symbol id="sm-272">
         <name>_max_free</name>
         <value>0x22efe</value>
         <object_component_ref idref="oc-95"/>
      </symbol>
      <symbol id="sm-273">
         <name>_free</name>
         <value>0x22b27</value>
         <object_component_ref idref="oc-95"/>
      </symbol>
      <symbol id="sm-274">
         <name>_calloc</name>
         <value>0x22fb6</value>
         <object_component_ref idref="oc-95"/>
      </symbol>
      <symbol id="sm-275">
         <name>_malloc</name>
         <value>0x22c58</value>
         <object_component_ref idref="oc-95"/>
      </symbol>
      <symbol id="sm-276">
         <name>_minit</name>
         <value>0x22bf3</value>
         <object_component_ref idref="oc-95"/>
      </symbol>
      <symbol id="sm-280">
         <name>__mpyd</name>
         <value>0x24649</value>
         <object_component_ref idref="oc-9c"/>
      </symbol>
      <symbol id="sm-28a">
         <name>_printf</name>
         <value>0x2559d</value>
         <object_component_ref idref="oc-a0"/>
      </symbol>
      <symbol id="sm-294">
         <name>_remove</name>
         <value>0x258f0</value>
         <object_component_ref idref="oc-a4"/>
      </symbol>
      <symbol id="sm-2a0">
         <name>_HOSTopen</name>
         <value>0x2290a</value>
         <object_component_ref idref="oc-a8"/>
      </symbol>
      <symbol id="sm-2a1">
         <name>_HOSTread</name>
         <value>0x2287d</value>
         <object_component_ref idref="oc-a8"/>
      </symbol>
      <symbol id="sm-2a2">
         <name>_HOSTtime</name>
         <value>0x22771</value>
         <object_component_ref idref="oc-a8"/>
      </symbol>
      <symbol id="sm-2a3">
         <name>_getenv</name>
         <value>0x225ff</value>
         <object_component_ref idref="oc-a8"/>
      </symbol>
      <symbol id="sm-2a4">
         <name>_HOSTrename</name>
         <value>0x227cf</value>
         <object_component_ref idref="oc-a8"/>
      </symbol>
      <symbol id="sm-2a5">
         <name>_HOSTclock</name>
         <value>0x22ac9</value>
         <object_component_ref idref="oc-a8"/>
      </symbol>
      <symbol id="sm-2a6">
         <name>_HOSTwrite</name>
         <value>0x2267a</value>
         <object_component_ref idref="oc-a8"/>
      </symbol>
      <symbol id="sm-2a7">
         <name>_HOSTlseek</name>
         <value>0x229a9</value>
         <object_component_ref idref="oc-a8"/>
      </symbol>
      <symbol id="sm-2a8">
         <name>_HOSTunlink</name>
         <value>0x22707</value>
         <object_component_ref idref="oc-a8"/>
      </symbol>
      <symbol id="sm-2a9">
         <name>_HOSTclose</name>
         <value>0x22a5e</value>
         <object_component_ref idref="oc-a8"/>
      </symbol>
      <symbol id="sm-2bb">
         <name>C$$IO$$</name>
         <value>0x24ef2</value>
         <object_component_ref idref="oc-b0"/>
      </symbol>
      <symbol id="sm-2bc">
         <name>__CIOBUF_</name>
         <value>0x40530</value>
         <object_component_ref idref="oc-af"/>
      </symbol>
      <symbol id="sm-2bd">
         <name>_readmsg</name>
         <value>0x253ae</value>
         <object_component_ref idref="oc-ad"/>
      </symbol>
      <symbol id="sm-2be">
         <name>_writemsg</name>
         <value>0x24e3d</value>
         <object_component_ref idref="oc-b0"/>
      </symbol>
      <symbol id="sm-2c6">
         <name>__remu</name>
         <value>0x25849</value>
         <object_component_ref idref="oc-b3"/>
      </symbol>
      <symbol id="sm-2c7">
         <name>__divu</name>
         <value>0x25834</value>
         <object_component_ref idref="oc-b3"/>
      </symbol>
      <symbol id="sm-2c8">
         <name>I$$UMOD</name>
         <value>0x25849</value>
         <object_component_ref idref="oc-b3"/>
      </symbol>
      <symbol id="sm-2c9">
         <name>I$$UDIV</name>
         <value>0x25834</value>
         <object_component_ref idref="oc-b3"/>
      </symbol>
      <symbol id="sm-2d3">
         <name>_Reset</name>
         <value>0x4fe00</value>
         <object_component_ref idref="oc-12"/>
      </symbol>
      <symbol id="sm-2dd">
         <name>__buff_read</name>
         <value>0x24ef7</value>
         <object_component_ref idref="oc-bb"/>
      </symbol>
      <symbol id="sm-2e7">
         <name>__rd_ok</name>
         <value>0x24d1e</value>
         <object_component_ref idref="oc-bf"/>
      </symbol>
      <symbol id="sm-2e8">
         <name>__wrt_ok</name>
         <value>0x24c9e</value>
         <object_component_ref idref="oc-bf"/>
      </symbol>
      <symbol id="sm-2f6">
         <name>__unlock</name>
         <value>0x64c4</value>
         <object_component_ref idref="oc-c4"/>
      </symbol>
      <symbol id="sm-2f7">
         <name>__lock</name>
         <value>0x64c0</value>
         <object_component_ref idref="oc-c4"/>
      </symbol>
      <symbol id="sm-2f8">
         <name>__register_lock</name>
         <value>0x258ca</value>
         <object_component_ref idref="oc-c3"/>
      </symbol>
      <symbol id="sm-2f9">
         <name>__nop</name>
         <value>0x258d2</value>
         <object_component_ref idref="oc-c3"/>
      </symbol>
      <symbol id="sm-2fa">
         <name>__register_unlock</name>
         <value>0x258c2</value>
         <object_component_ref idref="oc-c3"/>
      </symbol>
      <symbol id="sm-30c">
         <name>__printfi</name>
         <value>0x21362</value>
         <object_component_ref idref="oc-c9"/>
      </symbol>
      <symbol id="sm-316">
         <name>__args_main</name>
         <value>0x2563a</value>
         <object_component_ref idref="oc-cf"/>
      </symbol>
      <symbol id="sm-317">
         <name>__TI_args_main</name>
         <value>0x1</value>
      </symbol>
      <symbol id="sm-321">
         <name>_atoi</name>
         <value>0x254ed</value>
         <object_component_ref idref="oc-d3"/>
      </symbol>
      <symbol id="sm-329">
         <name>_auto_init</name>
         <value>0x255ed</value>
         <object_component_ref idref="oc-d7"/>
      </symbol>
      <symbol id="sm-333">
         <name>__eqld</name>
         <value>0x2418e</value>
         <object_component_ref idref="oc-db"/>
      </symbol>
      <symbol id="sm-334">
         <name>__cmpd</name>
         <value>0x241c2</value>
         <object_component_ref idref="oc-db"/>
      </symbol>
      <symbol id="sm-335">
         <name>__neqd</name>
         <value>0x24030</value>
         <object_component_ref idref="oc-db"/>
      </symbol>
      <symbol id="sm-336">
         <name>__gtrd</name>
         <value>0x240f9</value>
         <object_component_ref idref="oc-db"/>
      </symbol>
      <symbol id="sm-337">
         <name>__geqd</name>
         <value>0x24144</value>
         <object_component_ref idref="oc-db"/>
      </symbol>
      <symbol id="sm-338">
         <name>__leqd</name>
         <value>0x240ac</value>
         <object_component_ref idref="oc-db"/>
      </symbol>
      <symbol id="sm-339">
         <name>__lssd</name>
         <value>0x24064</value>
         <object_component_ref idref="oc-db"/>
      </symbol>
      <symbol id="sm-341">
         <name>__ctypes_</name>
         <value>0x64d0</value>
         <object_component_ref idref="oc-12d"/>
      </symbol>
      <symbol id="sm-34b">
         <name>__tmpnams</name>
         <value>0x60c8</value>
         <object_component_ref idref="oc-e1"/>
      </symbol>
      <symbol id="sm-34c">
         <name>__ft_end</name>
         <value>0x6208</value>
         <object_component_ref idref="oc-e1"/>
      </symbol>
      <symbol id="sm-34d">
         <name>__ftable</name>
         <value>0x5fd8</value>
         <object_component_ref idref="oc-e1"/>
      </symbol>
      <symbol id="sm-358">
         <name>__divul</name>
         <value>0x2504b</value>
         <object_component_ref idref="oc-e5"/>
      </symbol>
      <symbol id="sm-362">
         <name>_putchar</name>
         <value>0x2503c</value>
         <object_component_ref idref="oc-e9"/>
      </symbol>
      <symbol id="sm-363">
         <name>_putc</name>
         <value>0x24fa5</value>
         <object_component_ref idref="oc-e9"/>
      </symbol>
      <symbol id="sm-364">
         <name>_fputc</name>
         <value>0x24fa5</value>
         <object_component_ref idref="oc-e9"/>
      </symbol>
      <symbol id="sm-372">
         <name>_puts</name>
         <value>0x244c9</value>
         <object_component_ref idref="oc-ed"/>
      </symbol>
      <symbol id="sm-373">
         <name>_fputs</name>
         <value>0x24394</value>
         <object_component_ref idref="oc-ed"/>
      </symbol>
      <symbol id="sm-37d">
         <name>__frcmpyd</name>
         <value>0x251e4</value>
         <object_component_ref idref="oc-f2"/>
      </symbol>
      <symbol id="sm-387">
         <name>_fseek</name>
         <value>0x2541b</value>
         <object_component_ref idref="oc-f6"/>
      </symbol>
      <symbol id="sm-391">
         <name>___isinf</name>
         <value>0x25881</value>
         <object_component_ref idref="oc-fa"/>
      </symbol>
      <symbol id="sm-39b">
         <name>__divull</name>
         <value>0x23abf</value>
         <object_component_ref idref="oc-fe"/>
      </symbol>
      <symbol id="sm-39c">
         <name>__mpylli</name>
         <value>0x23a07</value>
         <object_component_ref idref="oc-fe"/>
      </symbol>
      <symbol id="sm-39d">
         <name>__remlli</name>
         <value>0x239d8</value>
         <object_component_ref idref="oc-fe"/>
      </symbol>
      <symbol id="sm-39e">
         <name>__divlli</name>
         <value>0x23bb3</value>
         <object_component_ref idref="oc-fe"/>
      </symbol>
      <symbol id="sm-39f">
         <name>__remull</name>
         <value>0x2398a</value>
         <object_component_ref idref="oc-fe"/>
      </symbol>
      <symbol id="sm-3a9">
         <name>_ltoa</name>
         <value>0x250ec</value>
         <object_component_ref idref="oc-102"/>
      </symbol>
      <symbol id="sm-3b4">
         <name>_memccpy</name>
         <value>0x2585e</value>
         <object_component_ref idref="oc-106"/>
      </symbol>
      <symbol id="sm-3be">
         <name>__negd</name>
         <value>0x258d4</value>
         <object_component_ref idref="oc-10a"/>
      </symbol>
      <symbol id="sm-3c8">
         <name>__remli</name>
         <value>0x25685</value>
         <object_component_ref idref="oc-10e"/>
      </symbol>
      <symbol id="sm-3d3">
         <name>__remul</name>
         <value>0x252cd</value>
         <object_component_ref idref="oc-112"/>
      </symbol>
      <symbol id="sm-3dd">
         <name>_setvbuf</name>
         <value>0x24bb8</value>
         <object_component_ref idref="oc-116"/>
      </symbol>
      <symbol id="sm-3e7">
         <name>__subd</name>
         <value>0x2589b</value>
         <object_component_ref idref="oc-11a"/>
      </symbol>
      <symbol id="sm-3f1">
         <name>__addd</name>
         <value>0x23be8</value>
         <object_component_ref idref="oc-11e"/>
      </symbol>
      <symbol id="sm-3fb">
         <name>__divli</name>
         <value>0x256d0</value>
         <object_component_ref idref="oc-122"/>
      </symbol>
      <symbol id="sm-447">
         <name>_SAR_chanSetup</name>
         <value>0x2180a</value>
         <object_component_ref idref="oc-126"/>
      </symbol>
      <symbol id="sm-448">
         <name>_SAR_stopConversion</name>
         <value>0x21a9f</value>
         <object_component_ref idref="oc-126"/>
      </symbol>
      <symbol id="sm-449">
         <name>_SAR_deInit</name>
         <value>0x21601</value>
         <object_component_ref idref="oc-126"/>
      </symbol>
      <symbol id="sm-44a">
         <name>_SAR_chanOpen</name>
         <value>0x2163c</value>
         <object_component_ref idref="oc-126"/>
      </symbol>
      <symbol id="sm-44b">
         <name>_SAR_GPODirSet</name>
         <value>0x21fa1</value>
         <object_component_ref idref="oc-126"/>
      </symbol>
      <symbol id="sm-44c">
         <name>_SAR_init</name>
         <value>0x215a4</value>
         <object_component_ref idref="oc-126"/>
      </symbol>
      <symbol id="sm-44d">
         <name>_SAR_getStatus</name>
         <value>0x2207d</value>
         <object_component_ref idref="oc-126"/>
      </symbol>
      <symbol id="sm-44e">
         <name>_SAR_readData</name>
         <value>0x21ae6</value>
         <object_component_ref idref="oc-126"/>
      </symbol>
      <symbol id="sm-44f">
         <name>_SAR_chanConfig</name>
         <value>0x21722</value>
         <object_component_ref idref="oc-126"/>
      </symbol>
      <symbol id="sm-450">
         <name>_SAR_A2DMeasParamSet</name>
         <value>0x21b27</value>
         <object_component_ref idref="oc-126"/>
      </symbol>
      <symbol id="sm-451">
         <name>_SAR_chanClose</name>
         <value>0x2169e</value>
         <object_component_ref idref="oc-126"/>
      </symbol>
      <symbol id="sm-452">
         <name>_SAR_chanCycSet</name>
         <value>0x21a1e</value>
         <object_component_ref idref="oc-126"/>
      </symbol>
      <symbol id="sm-453">
         <name>_SAR_getConfig</name>
         <value>0x21798</value>
         <object_component_ref idref="oc-126"/>
      </symbol>
      <symbol id="sm-454">
         <name>_SAR_startConversion</name>
         <value>0x21a6d</value>
         <object_component_ref idref="oc-126"/>
      </symbol>
      <symbol id="sm-455">
         <name>_SAR_chanInit</name>
         <value>0x21621</value>
         <object_component_ref idref="oc-126"/>
      </symbol>
   </symbol_table>
</link_info>
