<?xml version="1.0"?>
<link_info>
   <banner>TMS320C55x Linker PC v4.4.1</banner>
   <copyright>Copyright (c) 1996-2012 Texas Instruments Incorporated</copyright>
   <link_time>0x5a56a1da</link_time>
   <output_file>NoiseRemoval.out</output_file>
   <entry_point>
      <name>_c_int00</name>
      <address>0x28085</address>
   </entry_point>
   <input_file_list>
      <input_file id="fl-2">
         <path>.\</path>
         <kind>object</kind>
         <file>aic3204.obj</file>
         <name>aic3204.obj</name>
      </input_file>
      <input_file id="fl-3">
         <path>.\</path>
         <kind>object</kind>
         <file>aic3204_init.obj</file>
         <name>aic3204_init.obj</name>
      </input_file>
      <input_file id="fl-4">
         <path>.\</path>
         <kind>object</kind>
         <file>ezdsp5535_aic3204_dma.obj</file>
         <name>ezdsp5535_aic3204_dma.obj</name>
      </input_file>
      <input_file id="fl-5">
         <path>.\</path>
         <kind>object</kind>
         <file>iir.obj</file>
         <name>iir.obj</name>
      </input_file>
      <input_file id="fl-6">
         <path>.\</path>
         <kind>object</kind>
         <file>main.obj</file>
         <name>main.obj</name>
      </input_file>
      <input_file id="fl-7">
         <path>.\</path>
         <kind>object</kind>
         <file>print_number.obj</file>
         <name>print_number.obj</name>
      </input_file>
      <input_file id="fl-8">
         <path>.\</path>
         <kind>object</kind>
         <file>window.obj</file>
         <name>window.obj</name>
      </input_file>
      <input_file id="fl-13">
         <path>..\c55xx_csl\lib\</path>
         <kind>archive</kind>
         <file>55xdspx_r3.lib</file>
         <name>cbrev.obj</name>
      </input_file>
      <input_file id="fl-14">
         <path>..\c55xx_csl\lib\</path>
         <kind>archive</kind>
         <file>55xdspx_r3.lib</file>
         <name>cfft_scale.obj</name>
      </input_file>
      <input_file id="fl-15">
         <path>..\c55xx_csl\lib\</path>
         <kind>archive</kind>
         <file>55xdspx_r3.lib</file>
         <name>twiddle.obj</name>
      </input_file>
      <input_file id="fl-16">
         <path>..\c55xx_csl\lib\</path>
         <kind>archive</kind>
         <file>55xdspx_r3.lib</file>
         <name>unpack.obj</name>
      </input_file>
      <input_file id="fl-17">
         <path>..\c55xx_csl\lib\</path>
         <kind>archive</kind>
         <file>cslVC5505.lib</file>
         <name>vectors.obj</name>
      </input_file>
      <input_file id="fl-18">
         <path>..\c55xx_csl\lib\</path>
         <kind>archive</kind>
         <file>cslVC5505.lib</file>
         <name>csl_irqplug.obj</name>
      </input_file>
      <input_file id="fl-19">
         <path>..\c55xx_csl\lib\</path>
         <kind>archive</kind>
         <file>cslVC5505.lib</file>
         <name>csl_intc.obj</name>
      </input_file>
      <input_file id="fl-1a">
         <path>..\c55xx_csl\lib\</path>
         <kind>archive</kind>
         <file>cslVC5505.lib</file>
         <name>csl_i2s.obj</name>
      </input_file>
      <input_file id="fl-1b">
         <path>..\lib\</path>
         <kind>archive</kind>
         <file>ezdsp5535bsl.lib</file>
         <name>ezdsp5535_lcd.obj</name>
      </input_file>
      <input_file id="fl-1c">
         <path>..\lib\</path>
         <kind>archive</kind>
         <file>ezdsp5535bsl.lib</file>
         <name>ezdsp5535_i2s.obj</name>
      </input_file>
      <input_file id="fl-1d">
         <path>..\lib\</path>
         <kind>archive</kind>
         <file>ezdsp5535bsl.lib</file>
         <name>ezdsp5535_i2c.obj</name>
      </input_file>
      <input_file id="fl-1e">
         <path>..\lib\</path>
         <kind>archive</kind>
         <file>ezdsp5535bsl.lib</file>
         <name>ezdsp5535_gpio.obj</name>
      </input_file>
      <input_file id="fl-1f">
         <path>..\lib\</path>
         <kind>archive</kind>
         <file>ezdsp5535bsl.lib</file>
         <name>ezdsp5535.obj</name>
      </input_file>
      <input_file id="fl-20">
         <path>C:\ti\ccsv6\tools\compiler\c5500_4.4.1\lib\</path>
         <kind>archive</kind>
         <file>rts55x.lib</file>
         <name>addd.obj</name>
      </input_file>
      <input_file id="fl-21">
         <path>C:\ti\ccsv6\tools\compiler\c5500_4.4.1\lib\</path>
         <kind>archive</kind>
         <file>rts55x.lib</file>
         <name>boot.obj</name>
      </input_file>
      <input_file id="fl-22">
         <path>C:\ti\ccsv6\tools\compiler\c5500_4.4.1\lib\</path>
         <kind>archive</kind>
         <file>rts55x.lib</file>
         <name>exit.obj</name>
      </input_file>
      <input_file id="fl-23">
         <path>C:\ti\ccsv6\tools\compiler\c5500_4.4.1\lib\</path>
         <kind>archive</kind>
         <file>rts55x.lib</file>
         <name>mpyd.obj</name>
      </input_file>
      <input_file id="fl-24">
         <path>C:\ti\ccsv6\tools\compiler\c5500_4.4.1\lib\</path>
         <kind>archive</kind>
         <file>rts55x.lib</file>
         <name>printf.obj</name>
      </input_file>
      <input_file id="fl-25">
         <path>C:\ti\ccsv6\tools\compiler\c5500_4.4.1\lib\</path>
         <kind>archive</kind>
         <file>rts55x.lib</file>
         <name>subd.obj</name>
      </input_file>
      <input_file id="fl-26">
         <path>C:\ti\ccsv6\tools\compiler\c5500_4.4.1\lib\</path>
         <kind>archive</kind>
         <file>rts55x.lib</file>
         <name>vectors.obj</name>
      </input_file>
      <input_file id="fl-27">
         <path>C:\ti\ccsv6\tools\compiler\c5500_4.4.1\lib\</path>
         <kind>archive</kind>
         <file>rts55x.lib</file>
         <name>_lock.obj</name>
      </input_file>
      <input_file id="fl-28">
         <path>C:\ti\ccsv6\tools\compiler\c5500_4.4.1\lib\</path>
         <kind>archive</kind>
         <file>rts55x.lib</file>
         <name>_printfi.obj</name>
      </input_file>
      <input_file id="fl-29">
         <path>C:\ti\ccsv6\tools\compiler\c5500_4.4.1\lib\</path>
         <kind>archive</kind>
         <file>rts55x.lib</file>
         <name>args_main.obj</name>
      </input_file>
      <input_file id="fl-2a">
         <path>C:\ti\ccsv6\tools\compiler\c5500_4.4.1\lib\</path>
         <kind>archive</kind>
         <file>rts55x.lib</file>
         <name>atoi.obj</name>
      </input_file>
      <input_file id="fl-2b">
         <path>C:\ti\ccsv6\tools\compiler\c5500_4.4.1\lib\</path>
         <kind>archive</kind>
         <file>rts55x.lib</file>
         <name>autoinit.obj</name>
      </input_file>
      <input_file id="fl-2c">
         <path>C:\ti\ccsv6\tools\compiler\c5500_4.4.1\lib\</path>
         <kind>archive</kind>
         <file>rts55x.lib</file>
         <name>cmpd.obj</name>
      </input_file>
      <input_file id="fl-2d">
         <path>C:\ti\ccsv6\tools\compiler\c5500_4.4.1\lib\</path>
         <kind>archive</kind>
         <file>rts55x.lib</file>
         <name>ctype.obj</name>
      </input_file>
      <input_file id="fl-2e">
         <path>C:\ti\ccsv6\tools\compiler\c5500_4.4.1\lib\</path>
         <kind>archive</kind>
         <file>rts55x.lib</file>
         <name>defs.obj</name>
      </input_file>
      <input_file id="fl-2f">
         <path>C:\ti\ccsv6\tools\compiler\c5500_4.4.1\lib\</path>
         <kind>archive</kind>
         <file>rts55x.lib</file>
         <name>divd.obj</name>
      </input_file>
      <input_file id="fl-30">
         <path>C:\ti\ccsv6\tools\compiler\c5500_4.4.1\lib\</path>
         <kind>archive</kind>
         <file>rts55x.lib</file>
         <name>divul.obj</name>
      </input_file>
      <input_file id="fl-31">
         <path>C:\ti\ccsv6\tools\compiler\c5500_4.4.1\lib\</path>
         <kind>archive</kind>
         <file>rts55x.lib</file>
         <name>fixdi.obj</name>
      </input_file>
      <input_file id="fl-32">
         <path>C:\ti\ccsv6\tools\compiler\c5500_4.4.1\lib\</path>
         <kind>archive</kind>
         <file>rts55x.lib</file>
         <name>fixdli.obj</name>
      </input_file>
      <input_file id="fl-33">
         <path>C:\ti\ccsv6\tools\compiler\c5500_4.4.1\lib\</path>
         <kind>archive</kind>
         <file>rts55x.lib</file>
         <name>fltlid.obj</name>
      </input_file>
      <input_file id="fl-34">
         <path>C:\ti\ccsv6\tools\compiler\c5500_4.4.1\lib\</path>
         <kind>archive</kind>
         <file>rts55x.lib</file>
         <name>fputc.obj</name>
      </input_file>
      <input_file id="fl-35">
         <path>C:\ti\ccsv6\tools\compiler\c5500_4.4.1\lib\</path>
         <kind>archive</kind>
         <file>rts55x.lib</file>
         <name>fputs.obj</name>
      </input_file>
      <input_file id="fl-36">
         <path>C:\ti\ccsv6\tools\compiler\c5500_4.4.1\lib\</path>
         <kind>archive</kind>
         <file>rts55x.lib</file>
         <name>frcmpyd.obj</name>
      </input_file>
      <input_file id="fl-37">
         <path>C:\ti\ccsv6\tools\compiler\c5500_4.4.1\lib\</path>
         <kind>archive</kind>
         <file>rts55x.lib</file>
         <name>frcmpyd_div.obj</name>
      </input_file>
      <input_file id="fl-38">
         <path>C:\ti\ccsv6\tools\compiler\c5500_4.4.1\lib\</path>
         <kind>archive</kind>
         <file>rts55x.lib</file>
         <name>isinf.obj</name>
      </input_file>
      <input_file id="fl-39">
         <path>C:\ti\ccsv6\tools\compiler\c5500_4.4.1\lib\</path>
         <kind>archive</kind>
         <file>rts55x.lib</file>
         <name>llmpy.obj</name>
      </input_file>
      <input_file id="fl-3a">
         <path>C:\ti\ccsv6\tools\compiler\c5500_4.4.1\lib\</path>
         <kind>archive</kind>
         <file>rts55x.lib</file>
         <name>lmpy.obj</name>
      </input_file>
      <input_file id="fl-3b">
         <path>C:\ti\ccsv6\tools\compiler\c5500_4.4.1\lib\</path>
         <kind>archive</kind>
         <file>rts55x.lib</file>
         <name>lowlev.obj</name>
      </input_file>
      <input_file id="fl-3c">
         <path>C:\ti\ccsv6\tools\compiler\c5500_4.4.1\lib\</path>
         <kind>archive</kind>
         <file>rts55x.lib</file>
         <name>ltoa.obj</name>
      </input_file>
      <input_file id="fl-3d">
         <path>C:\ti\ccsv6\tools\compiler\c5500_4.4.1\lib\</path>
         <kind>archive</kind>
         <file>rts55x.lib</file>
         <name>memccpy.obj</name>
      </input_file>
      <input_file id="fl-3e">
         <path>C:\ti\ccsv6\tools\compiler\c5500_4.4.1\lib\</path>
         <kind>archive</kind>
         <file>rts55x.lib</file>
         <name>memcpy.obj</name>
      </input_file>
      <input_file id="fl-3f">
         <path>C:\ti\ccsv6\tools\compiler\c5500_4.4.1\lib\</path>
         <kind>archive</kind>
         <file>rts55x.lib</file>
         <name>negd.obj</name>
      </input_file>
      <input_file id="fl-40">
         <path>C:\ti\ccsv6\tools\compiler\c5500_4.4.1\lib\</path>
         <kind>archive</kind>
         <file>rts55x.lib</file>
         <name>remli.obj</name>
      </input_file>
      <input_file id="fl-41">
         <path>C:\ti\ccsv6\tools\compiler\c5500_4.4.1\lib\</path>
         <kind>archive</kind>
         <file>rts55x.lib</file>
         <name>remul.obj</name>
      </input_file>
      <input_file id="fl-42">
         <path>C:\ti\ccsv6\tools\compiler\c5500_4.4.1\lib\</path>
         <kind>archive</kind>
         <file>rts55x.lib</file>
         <name>trgdrv.obj</name>
      </input_file>
      <input_file id="fl-43">
         <path>C:\ti\ccsv6\tools\compiler\c5500_4.4.1\lib\</path>
         <kind>archive</kind>
         <file>rts55x.lib</file>
         <name>trgmsg.obj</name>
      </input_file>
      <input_file id="fl-44">
         <path>C:\ti\ccsv6\tools\compiler\c5500_4.4.1\lib\</path>
         <kind>archive</kind>
         <file>rts55x.lib</file>
         <name>udiv.obj</name>
      </input_file>
      <input_file id="fl-45">
         <path>C:\ti\ccsv6\tools\compiler\c5500_4.4.1\lib\</path>
         <kind>archive</kind>
         <file>rts55x.lib</file>
         <name>_io_perm.obj</name>
      </input_file>
      <input_file id="fl-46">
         <path>C:\ti\ccsv6\tools\compiler\c5500_4.4.1\lib\</path>
         <kind>archive</kind>
         <file>rts55x.lib</file>
         <name>divli.obj</name>
      </input_file>
      <input_file id="fl-47">
         <path>C:\ti\ccsv6\tools\compiler\c5500_4.4.1\lib\</path>
         <kind>archive</kind>
         <file>rts55x.lib</file>
         <name>fflush.obj</name>
      </input_file>
      <input_file id="fl-48">
         <path>C:\ti\ccsv6\tools\compiler\c5500_4.4.1\lib\</path>
         <kind>archive</kind>
         <file>rts55x.lib</file>
         <name>fseek.obj</name>
      </input_file>
      <input_file id="fl-49">
         <path>C:\ti\ccsv6\tools\compiler\c5500_4.4.1\lib\</path>
         <kind>archive</kind>
         <file>rts55x.lib</file>
         <name>setvbuf.obj</name>
      </input_file>
      <input_file id="fl-4a">
         <path>C:\ti\ccsv6\tools\compiler\c5500_4.4.1\lib\</path>
         <kind>archive</kind>
         <file>rts55x.lib</file>
         <name>fopen.obj</name>
      </input_file>
      <input_file id="fl-4b">
         <path>C:\ti\ccsv6\tools\compiler\c5500_4.4.1\lib\</path>
         <kind>archive</kind>
         <file>rts55x.lib</file>
         <name>memory.obj</name>
      </input_file>
      <input_file id="fl-4c">
         <path>C:\ti\ccsv6\tools\compiler\c5500_4.4.1\lib\</path>
         <kind>archive</kind>
         <file>rts55x.lib</file>
         <name>fclose.obj</name>
      </input_file>
      <input_file id="fl-4d">
         <path>C:\ti\ccsv6\tools\compiler\c5500_4.4.1\lib\</path>
         <kind>archive</kind>
         <file>rts55x.lib</file>
         <name>remove.obj</name>
      </input_file>
      <input_file id="fl-4e">
         <path>..\c55xx_csl\lib\</path>
         <kind>archive</kind>
         <file>cslVC5505.lib</file>
         <name>csl_i2c.obj</name>
      </input_file>
      <input_file id="fl-4f">
         <path>..\c55xx_csl\lib\</path>
         <kind>archive</kind>
         <file>cslVC5505.lib</file>
         <name>csl_gpio.obj</name>
      </input_file>
   </input_file_list>
   <object_component_list>
      <object_component id="oc-a0">
         <name>.text</name>
         <load_address>0x20000</load_address>
         <run_address>0x20000</run_address>
         <size>0x15a4</size>
         <input_file_ref idref="fl-28"/>
      </object_component>
      <object_component id="oc-144">
         <name>.text</name>
         <load_address>0x215a4</load_address>
         <run_address>0x215a4</run_address>
         <size>0xc3c</size>
         <input_file_ref idref="fl-4e"/>
      </object_component>
      <object_component id="oc-59">
         <name>.text</name>
         <load_address>0x221e0</load_address>
         <run_address>0x221e0</run_address>
         <size>0x9f3</size>
         <input_file_ref idref="fl-1a"/>
      </object_component>
      <object_component id="oc-14a">
         <name>.text</name>
         <load_address>0x22bd3</load_address>
         <run_address>0x22bd3</run_address>
         <size>0x68d</size>
         <input_file_ref idref="fl-4f"/>
      </object_component>
      <object_component id="oc-2b">
         <name>.text</name>
         <load_address>0x23260</load_address>
         <run_address>0x23260</run_address>
         <size>0x628</size>
         <input_file_ref idref="fl-6"/>
      </object_component>
      <object_component id="oc-18">
         <name>.text</name>
         <load_address>0x23888</load_address>
         <run_address>0x23888</run_address>
         <size>0x5b5</size>
         <input_file_ref idref="fl-3"/>
      </object_component>
      <object_component id="oc-53">
         <name>.text</name>
         <load_address>0x23e3d</load_address>
         <run_address>0x23e3d</run_address>
         <size>0x554</size>
         <input_file_ref idref="fl-19"/>
      </object_component>
      <object_component id="oc-ee">
         <name>.text</name>
         <load_address>0x24391</load_address>
         <run_address>0x24391</run_address>
         <size>0x543</size>
         <input_file_ref idref="fl-3b"/>
      </object_component>
      <object_component id="oc-10c">
         <name>.text</name>
         <load_address>0x248d4</load_address>
         <run_address>0x248d4</run_address>
         <size>0x528</size>
         <input_file_ref idref="fl-42"/>
      </object_component>
      <object_component id="oc-135">
         <name>.text</name>
         <load_address>0x24dfc</load_address>
         <run_address>0x24dfc</run_address>
         <size>0x4b5</size>
         <input_file_ref idref="fl-4b"/>
      </object_component>
      <object_component id="oc-bc">
         <name>.text</name>
         <load_address>0x252b1</load_address>
         <run_address>0x252b1</run_address>
         <size>0x3cc</size>
         <input_file_ref idref="fl-2f"/>
      </object_component>
      <object_component id="oc-25">
         <name>.text</name>
         <load_address>0x2567d</load_address>
         <run_address>0x2567d</run_address>
         <size>0x3b0</size>
         <input_file_ref idref="fl-5"/>
      </object_component>
      <object_component id="oc-1e">
         <name>.text</name>
         <load_address>0x25a2d</load_address>
         <run_address>0x25a2d</run_address>
         <size>0x31b</size>
         <input_file_ref idref="fl-4"/>
      </object_component>
      <object_component id="oc-33">
         <name>.text</name>
         <load_address>0x25d48</load_address>
         <run_address>0x25d48</run_address>
         <size>0x2d2</size>
         <input_file_ref idref="fl-7"/>
      </object_component>
      <object_component id="oc-12f">
         <name>.text</name>
         <load_address>0x2601a</load_address>
         <run_address>0x2601a</run_address>
         <size>0x27f</size>
         <input_file_ref idref="fl-4a"/>
      </object_component>
      <object_component id="oc-e6">
         <name>.text</name>
         <load_address>0x26299</load_address>
         <run_address>0x26299</run_address>
         <size>0x25e</size>
         <input_file_ref idref="fl-39"/>
      </object_component>
      <object_component id="oc-7b">
         <name>.text</name>
         <load_address>0x264f7</load_address>
         <run_address>0x264f7</run_address>
         <size>0x25a</size>
         <input_file_ref idref="fl-20"/>
      </object_component>
      <object_component id="oc-b2">
         <name>.text</name>
         <load_address>0x26751</load_address>
         <run_address>0x26751</run_address>
         <size>0x1ea</size>
         <input_file_ref idref="fl-2c"/>
      </object_component>
      <object_component id="oc-41">
         <name>.text</name>
         <load_address>0x2693b</load_address>
         <run_address>0x2693b</run_address>
         <size>0x1d3</size>
         <input_file_ref idref="fl-14"/>
      </object_component>
      <object_component id="oc-60">
         <name>.text</name>
         <load_address>0x26b0e</load_address>
         <run_address>0x26b0e</run_address>
         <size>0x192</size>
         <input_file_ref idref="fl-1b"/>
      </object_component>
      <object_component id="oc-d5">
         <name>.text</name>
         <load_address>0x26ca0</load_address>
         <run_address>0x26ca0</run_address>
         <size>0x163</size>
         <input_file_ref idref="fl-35"/>
      </object_component>
      <object_component id="oc-8a">
         <name>.text</name>
         <load_address>0x26e03</load_address>
         <run_address>0x26e03</run_address>
         <size>0x14c</size>
         <input_file_ref idref="fl-23"/>
      </object_component>
      <object_component id="oc-65">
         <name>.text</name>
         <load_address>0x26f4f</load_address>
         <run_address>0x26f4f</run_address>
         <size>0x107</size>
         <input_file_ref idref="fl-1c"/>
      </object_component>
      <object_component id="oc-12b">
         <name>.text</name>
         <load_address>0x27056</load_address>
         <run_address>0x27056</run_address>
         <size>0xe6</size>
         <input_file_ref idref="fl-49"/>
      </object_component>
      <object_component id="oc-11b">
         <name>.text</name>
         <load_address>0x2713c</load_address>
         <run_address>0x2713c</run_address>
         <size>0xdd</size>
         <input_file_ref idref="fl-45"/>
      </object_component>
      <object_component id="oc-3d">
         <name>.text</name>
         <load_address>0x27219</load_address>
         <run_address>0x27219</run_address>
         <size>0xd6</size>
         <input_file_ref idref="fl-13"/>
      </object_component>
      <object_component id="oc-21">
         <name>.text:retain</name>
         <load_address>0x272ef</load_address>
         <run_address>0x272ef</run_address>
         <size>0xcc</size>
         <input_file_ref idref="fl-4"/>
      </object_component>
      <object_component id="oc-12">
         <name>.text</name>
         <load_address>0x273bb</load_address>
         <run_address>0x273bb</run_address>
         <size>0xc3</size>
         <input_file_ref idref="fl-2"/>
      </object_component>
      <object_component id="oc-123">
         <name>.text</name>
         <load_address>0x2747e</load_address>
         <run_address>0x2747e</run_address>
         <size>0xc2</size>
         <input_file_ref idref="fl-47"/>
      </object_component>
      <object_component id="oc-114">
         <name>.text:CIO_breakpoint</name>
         <load_address>0x27540</load_address>
         <run_address>0x27540</run_address>
         <size>0xba</size>
         <input_file_ref idref="fl-43"/>
      </object_component>
      <object_component id="oc-d1">
         <name>.text</name>
         <load_address>0x275fa</load_address>
         <run_address>0x275fa</run_address>
         <size>0xa6</size>
         <input_file_ref idref="fl-34"/>
      </object_component>
      <object_component id="oc-c0">
         <name>.text</name>
         <load_address>0x276a0</load_address>
         <run_address>0x276a0</run_address>
         <size>0xa1</size>
         <input_file_ref idref="fl-30"/>
      </object_component>
      <object_component id="oc-6b">
         <name>.text</name>
         <load_address>0x27741</load_address>
         <run_address>0x27741</run_address>
         <size>0x8e</size>
         <input_file_ref idref="fl-1d"/>
      </object_component>
      <object_component id="oc-46">
         <name>.text</name>
         <load_address>0x277cf</load_address>
         <run_address>0x277cf</run_address>
         <size>0x8d</size>
         <input_file_ref idref="fl-16"/>
      </object_component>
      <object_component id="oc-4f">
         <name>.text</name>
         <load_address>0x2785c</load_address>
         <run_address>0x2785c</run_address>
         <size>0x8c</size>
         <input_file_ref idref="fl-18"/>
      </object_component>
      <object_component id="oc-70">
         <name>.text</name>
         <load_address>0x278e8</load_address>
         <run_address>0x278e8</run_address>
         <size>0x87</size>
         <input_file_ref idref="fl-1e"/>
      </object_component>
      <object_component id="oc-f4">
         <name>.text</name>
         <load_address>0x2796f</load_address>
         <run_address>0x2796f</run_address>
         <size>0x7d</size>
         <input_file_ref idref="fl-3c"/>
      </object_component>
      <object_component id="oc-13c">
         <name>.text</name>
         <load_address>0x279ec</load_address>
         <run_address>0x279ec</run_address>
         <size>0x7b</size>
         <input_file_ref idref="fl-4c"/>
      </object_component>
      <object_component id="oc-da">
         <name>.text</name>
         <load_address>0x27a67</load_address>
         <run_address>0x27a67</run_address>
         <size>0x76</size>
         <input_file_ref idref="fl-36"/>
      </object_component>
      <object_component id="oc-de">
         <name>.text</name>
         <load_address>0x27add</load_address>
         <run_address>0x27add</run_address>
         <size>0x73</size>
         <input_file_ref idref="fl-37"/>
      </object_component>
      <object_component id="oc-108">
         <name>.text</name>
         <load_address>0x27b50</load_address>
         <run_address>0x27b50</run_address>
         <size>0x72</size>
         <input_file_ref idref="fl-41"/>
      </object_component>
      <object_component id="oc-c8">
         <name>.text</name>
         <load_address>0x27bc2</load_address>
         <run_address>0x27bc2</run_address>
         <size>0x6f</size>
         <input_file_ref idref="fl-32"/>
      </object_component>
      <object_component id="oc-4a">
         <name>.text</name>
         <load_address>0x27c31</load_address>
         <run_address>0x27c31</run_address>
         <size>0x6d</size>
         <input_file_ref idref="fl-17"/>
      </object_component>
      <object_component id="oc-111">
         <name>.text</name>
         <load_address>0x27c9e</load_address>
         <run_address>0x27c9e</run_address>
         <size>0x6d</size>
         <input_file_ref idref="fl-43"/>
      </object_component>
      <object_component id="oc-127">
         <name>.text</name>
         <load_address>0x27d0b</load_address>
         <run_address>0x27d0b</run_address>
         <size>0x6b</size>
         <input_file_ref idref="fl-48"/>
      </object_component>
      <object_component id="oc-cc">
         <name>.text</name>
         <load_address>0x27d76</load_address>
         <run_address>0x27d76</run_address>
         <size>0x67</size>
         <input_file_ref idref="fl-33"/>
      </object_component>
      <object_component id="oc-aa">
         <name>.text</name>
         <load_address>0x27ddd</load_address>
         <run_address>0x27ddd</run_address>
         <size>0x5c</size>
         <input_file_ref idref="fl-2a"/>
      </object_component>
      <object_component id="oc-76">
         <name>.text</name>
         <load_address>0x27e39</load_address>
         <run_address>0x27e39</run_address>
         <size>0x54</size>
         <input_file_ref idref="fl-1f"/>
      </object_component>
      <object_component id="oc-8e">
         <name>.text</name>
         <load_address>0x27e8d</load_address>
         <run_address>0x27e8d</run_address>
         <size>0x50</size>
         <input_file_ref idref="fl-24"/>
      </object_component>
      <object_component id="oc-ae">
         <name>.text</name>
         <load_address>0x27edd</load_address>
         <run_address>0x27edd</run_address>
         <size>0x4d</size>
         <input_file_ref idref="fl-2b"/>
      </object_component>
      <object_component id="oc-a6">
         <name>.text</name>
         <load_address>0x27f2a</load_address>
         <run_address>0x27f2a</run_address>
         <size>0x4b</size>
         <input_file_ref idref="fl-29"/>
      </object_component>
      <object_component id="oc-104">
         <name>.text</name>
         <load_address>0x27f75</load_address>
         <run_address>0x27f75</run_address>
         <size>0x4b</size>
         <input_file_ref idref="fl-40"/>
      </object_component>
      <object_component id="oc-11f">
         <name>.text</name>
         <load_address>0x27fc0</load_address>
         <run_address>0x27fc0</run_address>
         <size>0x48</size>
         <input_file_ref idref="fl-46"/>
      </object_component>
      <object_component id="oc-fc">
         <name>.text</name>
         <load_address>0x28008</load_address>
         <run_address>0x28008</run_address>
         <size>0x3f</size>
         <input_file_ref idref="fl-3e"/>
      </object_component>
      <object_component id="oc-83">
         <name>.text</name>
         <load_address>0x28047</load_address>
         <run_address>0x28047</run_address>
         <size>0x3e</size>
         <input_file_ref idref="fl-22"/>
      </object_component>
      <object_component id="oc-10">
         <name>.text</name>
         <load_address>0x28085</load_address>
         <run_address>0x28085</run_address>
         <size>0x34</size>
         <input_file_ref idref="fl-21"/>
      </object_component>
      <object_component id="oc-c4">
         <name>.text</name>
         <load_address>0x280b9</load_address>
         <run_address>0x280b9</run_address>
         <size>0x2a</size>
         <input_file_ref idref="fl-31"/>
      </object_component>
      <object_component id="oc-117">
         <name>.text</name>
         <load_address>0x280e3</load_address>
         <run_address>0x280e3</run_address>
         <size>0x2a</size>
         <input_file_ref idref="fl-44"/>
      </object_component>
      <object_component id="oc-f8">
         <name>.text</name>
         <load_address>0x2810d</load_address>
         <run_address>0x2810d</run_address>
         <size>0x23</size>
         <input_file_ref idref="fl-3d"/>
      </object_component>
      <object_component id="oc-e2">
         <name>.text</name>
         <load_address>0x28130</load_address>
         <run_address>0x28130</run_address>
         <size>0x1a</size>
         <input_file_ref idref="fl-38"/>
      </object_component>
      <object_component id="oc-92">
         <name>.text</name>
         <load_address>0x2814a</load_address>
         <run_address>0x2814a</run_address>
         <size>0x14</size>
         <input_file_ref idref="fl-25"/>
      </object_component>
      <object_component id="oc-ea">
         <name>.text</name>
         <load_address>0x2815e</load_address>
         <run_address>0x2815e</run_address>
         <size>0x13</size>
         <input_file_ref idref="fl-3a"/>
      </object_component>
      <object_component id="oc-9a">
         <name>.text</name>
         <load_address>0x28171</load_address>
         <run_address>0x28171</run_address>
         <size>0x12</size>
         <input_file_ref idref="fl-27"/>
      </object_component>
      <object_component id="oc-100">
         <name>.text</name>
         <load_address>0x28183</load_address>
         <run_address>0x28183</run_address>
         <size>0x10</size>
         <input_file_ref idref="fl-3f"/>
      </object_component>
      <object_component id="oc-140">
         <name>.text</name>
         <load_address>0x28193</load_address>
         <run_address>0x28193</run_address>
         <size>0xa</size>
         <input_file_ref idref="fl-4d"/>
      </object_component>
      <object_component id="oc-87">
         <name>.text:CIO_breakpoint</name>
         <load_address>0x2819d</load_address>
         <run_address>0x2819d</run_address>
         <size>0x7</size>
         <input_file_ref idref="fl-22"/>
      </object_component>
      <object_component id="oc-96">
         <name>.text</name>
         <load_address>0x281a4</load_address>
         <run_address>0x281a4</run_address>
         <size>0x2</size>
         <input_file_ref idref="fl-26"/>
      </object_component>
      <object_component id="oc-7f">
         <name>.stack</name>
         <uninitialized>true</uninitialized>
         <run_address>0xc0</run_address>
         <size>0x0</size>
         <input_file_ref idref="fl-21"/>
      </object_component>
      <object_component id="oc-16b">
         <name>.stack</name>
         <uninitialized>true</uninitialized>
         <run_address>0xc0</run_address>
         <size>0x0</size>
      </object_component>
      <object_component id="oc-14f">
         <name>.sysstack</name>
         <uninitialized>true</uninitialized>
         <run_address>0x20c0</run_address>
         <size>0x0</size>
         <input_file_ref idref="fl-21"/>
      </object_component>
      <object_component id="oc-16d">
         <name>.sysstack</name>
         <uninitialized>true</uninitialized>
         <run_address>0x20c0</run_address>
         <size>0x0</size>
      </object_component>
      <object_component id="oc-1f">
         <name>.bss</name>
         <uninitialized>true</uninitialized>
         <run_address>0x50c0</run_address>
         <size>0x810</size>
         <input_file_ref idref="fl-4"/>
      </object_component>
      <object_component id="oc-2c">
         <name>.bss</name>
         <uninitialized>true</uninitialized>
         <run_address>0x58d0</run_address>
         <size>0x744</size>
         <input_file_ref idref="fl-6"/>
      </object_component>
      <object_component id="oc-b8">
         <name>.bss</name>
         <uninitialized>true</uninitialized>
         <run_address>0x6014</run_address>
         <size>0x232</size>
         <input_file_ref idref="fl-2e"/>
      </object_component>
      <object_component id="oc-10d">
         <name>.bss</name>
         <uninitialized>true</uninitialized>
         <run_address>0x6246</run_address>
         <size>0x1a0</size>
         <input_file_ref idref="fl-42"/>
      </object_component>
      <object_component id="oc-130">
         <name>.bss</name>
         <uninitialized>true</uninitialized>
         <run_address>0x63e6</run_address>
         <size>0x2</size>
         <input_file_ref idref="fl-4a"/>
      </object_component>
      <object_component id="oc-54">
         <name>.bss</name>
         <uninitialized>true</uninitialized>
         <run_address>0x63e8</run_address>
         <size>0x108</size>
         <input_file_ref idref="fl-19"/>
      </object_component>
      <object_component id="oc-39">
         <name>.bss</name>
         <uninitialized>true</uninitialized>
         <run_address>0x64f0</run_address>
         <size>0x104</size>
         <input_file_ref idref="fl-8"/>
      </object_component>
      <object_component id="oc-ef">
         <name>.bss</name>
         <uninitialized>true</uninitialized>
         <run_address>0x65f4</run_address>
         <size>0xe2</size>
         <input_file_ref idref="fl-3b"/>
      </object_component>
      <object_component id="oc-5a">
         <name>.bss</name>
         <uninitialized>true</uninitialized>
         <run_address>0x66d6</run_address>
         <size>0x54</size>
         <input_file_ref idref="fl-1a"/>
      </object_component>
      <object_component id="oc-145">
         <name>.bss</name>
         <uninitialized>true</uninitialized>
         <run_address>0x672c</run_address>
         <size>0x24</size>
         <input_file_ref idref="fl-4e"/>
      </object_component>
      <object_component id="oc-136">
         <name>.bss</name>
         <uninitialized>true</uninitialized>
         <run_address>0x6750</run_address>
         <size>0xc</size>
         <input_file_ref idref="fl-4b"/>
      </object_component>
      <object_component id="oc-71">
         <name>.bss</name>
         <uninitialized>true</uninitialized>
         <run_address>0x675c</run_address>
         <size>0x8</size>
         <input_file_ref idref="fl-1e"/>
      </object_component>
      <object_component id="oc-9b">
         <name>.bss</name>
         <uninitialized>true</uninitialized>
         <run_address>0x6764</run_address>
         <size>0x8</size>
         <input_file_ref idref="fl-27"/>
      </object_component>
      <object_component id="oc-84">
         <name>.bss</name>
         <uninitialized>true</uninitialized>
         <run_address>0x676c</run_address>
         <size>0x8</size>
         <input_file_ref idref="fl-22"/>
      </object_component>
      <object_component id="oc-13">
         <name>.bss</name>
         <uninitialized>true</uninitialized>
         <run_address>0x6774</run_address>
         <size>0x4</size>
         <input_file_ref idref="fl-2"/>
      </object_component>
      <object_component id="oc-66">
         <name>.bss</name>
         <uninitialized>true</uninitialized>
         <run_address>0x6778</run_address>
         <size>0x4</size>
         <input_file_ref idref="fl-1c"/>
      </object_component>
      <object_component id="oc-45">
         <name>.const:twiddle</name>
         <load_address>0x6800</load_address>
         <run_address>0x6800</run_address>
         <size>0x800</size>
         <input_file_ref idref="fl-15"/>
      </object_component>
      <object_component id="oc-1a">
         <name>.const:.string</name>
         <load_address>0x7000</load_address>
         <run_address>0x7000</run_address>
         <size>0x2e8</size>
         <input_file_ref idref="fl-3"/>
      </object_component>
      <object_component id="oc-152">
         <name>.const:__ctypes_</name>
         <load_address>0x72e8</load_address>
         <run_address>0x72e8</run_address>
         <size>0x202</size>
         <input_file_ref idref="fl-2d"/>
      </object_component>
      <object_component id="oc-35">
         <name>.const</name>
         <load_address>0x74ea</load_address>
         <run_address>0x74ea</run_address>
         <size>0x2</size>
         <input_file_ref idref="fl-7"/>
      </object_component>
      <object_component id="oc-2f">
         <name>.const:.string</name>
         <load_address>0x74ec</load_address>
         <run_address>0x74ec</run_address>
         <size>0x1cc</size>
         <input_file_ref idref="fl-6"/>
      </object_component>
      <object_component id="oc-151">
         <name>.const:_consolas_8ptBitmaps</name>
         <load_address>0x76b8</load_address>
         <run_address>0x76b8</run_address>
         <size>0xc0</size>
         <input_file_ref idref="fl-7"/>
      </object_component>
      <object_component id="oc-a3">
         <name>.const:.string</name>
         <load_address>0x7778</load_address>
         <run_address>0x7778</run_address>
         <size>0x48</size>
         <input_file_ref idref="fl-28"/>
      </object_component>
      <object_component id="oc-a2">
         <name>.const</name>
         <load_address>0x77c0</load_address>
         <run_address>0x77c0</run_address>
         <size>0x18</size>
         <input_file_ref idref="fl-28"/>
      </object_component>
      <object_component id="oc-153">
         <name>.const:_initial_approx$1</name>
         <load_address>0x77d8</load_address>
         <run_address>0x77d8</run_address>
         <size>0x10</size>
         <input_file_ref idref="fl-2f"/>
      </object_component>
      <object_component id="oc-d7">
         <name>.const:.string</name>
         <load_address>0x77e8</load_address>
         <run_address>0x77e8</run_address>
         <size>0x4</size>
         <input_file_ref idref="fl-35"/>
      </object_component>
      <object_component id="oc-27">
         <name>.const</name>
         <load_address>0x77ec</load_address>
         <run_address>0x77ec</run_address>
         <size>0x4</size>
         <input_file_ref idref="fl-5"/>
      </object_component>
      <object_component id="oc-ce">
         <name>.const</name>
         <load_address>0x77f0</load_address>
         <run_address>0x77f0</run_address>
         <size>0x4</size>
         <input_file_ref idref="fl-33"/>
      </object_component>
      <object_component id="oc-139">
         <name>.sysmem</name>
         <uninitialized>true</uninitialized>
         <run_address>0x30c0</run_address>
         <size>0x0</size>
         <input_file_ref idref="fl-4b"/>
      </object_component>
      <object_component id="oc-16c">
         <name>.sysmem</name>
         <uninitialized>true</uninitialized>
         <run_address>0x30c0</run_address>
         <size>0x0</size>
      </object_component>
      <object_component id="oc-150">
         <name>.switch:_printChar</name>
         <load_address>0x40490</load_address>
         <run_address>0x40490</run_address>
         <size>0x28</size>
         <input_file_ref idref="fl-7"/>
      </object_component>
      <object_component id="oc-3b">
         <name>.cinit</name>
         <load_address>0x40000</load_address>
         <run_address>0x40000</run_address>
         <size>0x110</size>
         <input_file_ref idref="fl-8"/>
      </object_component>
      <object_component id="oc-f1">
         <name>.cinit</name>
         <load_address>0x40110</load_address>
         <run_address>0x40110</run_address>
         <size>0x5a</size>
         <input_file_ref idref="fl-3b"/>
      </object_component>
      <object_component id="oc-ba">
         <name>.cinit</name>
         <load_address>0x4016a</load_address>
         <run_address>0x4016a</run_address>
         <size>0x54</size>
         <input_file_ref idref="fl-2e"/>
      </object_component>
      <object_component id="oc-2e">
         <name>.cinit</name>
         <load_address>0x401be</load_address>
         <run_address>0x401be</run_address>
         <size>0x48</size>
         <input_file_ref idref="fl-6"/>
      </object_component>
      <object_component id="oc-9d">
         <name>.cinit</name>
         <load_address>0x40206</load_address>
         <run_address>0x40206</run_address>
         <size>0x14</size>
         <input_file_ref idref="fl-27"/>
      </object_component>
      <object_component id="oc-86">
         <name>.cinit</name>
         <load_address>0x4021a</load_address>
         <run_address>0x4021a</run_address>
         <size>0x14</size>
         <input_file_ref idref="fl-22"/>
      </object_component>
      <object_component id="oc-5c">
         <name>.cinit</name>
         <load_address>0x4022e</load_address>
         <run_address>0x4022e</run_address>
         <size>0x10</size>
         <input_file_ref idref="fl-1a"/>
      </object_component>
      <object_component id="oc-132">
         <name>.cinit</name>
         <load_address>0x4023e</load_address>
         <run_address>0x4023e</run_address>
         <size>0x8</size>
         <input_file_ref idref="fl-4a"/>
      </object_component>
      <object_component id="oc-138">
         <name>.cinit</name>
         <load_address>0x40246</load_address>
         <run_address>0x40246</run_address>
         <size>0x8</size>
         <input_file_ref idref="fl-4b"/>
      </object_component>
      <object_component id="oc-113">
         <name>.cio</name>
         <uninitialized>true</uninitialized>
         <run_address>0x40250</run_address>
         <size>0x240</size>
         <input_file_ref idref="fl-43"/>
      </object_component>
      <object_component id="oc-4b">
         <name>vectors</name>
         <load_address>0x4fe00</load_address>
         <run_address>0x4fe00</run_address>
         <size>0x100</size>
         <input_file_ref idref="fl-17"/>
      </object_component>
      <object_component id="oc-11">
         <name>vectors</name>
         <load_address>0x4ff00</load_address>
         <run_address>0x4ff00</run_address>
         <size>0x100</size>
         <input_file_ref idref="fl-26"/>
      </object_component>
      <object_component id="oc-14">
         <name>.debug_info</name>
         <load_address>0x0</load_address>
         <run_address>0x0</run_address>
         <size>0xc68</size>
         <input_file_ref idref="fl-2"/>
      </object_component>
      <object_component id="oc-19">
         <name>.debug_info</name>
         <load_address>0xc68</load_address>
         <run_address>0xc68</run_address>
         <size>0x1bbf</size>
         <input_file_ref idref="fl-3"/>
      </object_component>
      <object_component id="oc-20">
         <name>.debug_info</name>
         <load_address>0x2827</load_address>
         <run_address>0x2827</run_address>
         <size>0x104e</size>
         <input_file_ref idref="fl-4"/>
      </object_component>
      <object_component id="oc-26">
         <name>.debug_info</name>
         <load_address>0x3875</load_address>
         <run_address>0x3875</run_address>
         <size>0xd46</size>
         <input_file_ref idref="fl-5"/>
      </object_component>
      <object_component id="oc-2d">
         <name>.debug_info</name>
         <load_address>0x45bb</load_address>
         <run_address>0x45bb</run_address>
         <size>0x12a0</size>
         <input_file_ref idref="fl-6"/>
      </object_component>
      <object_component id="oc-34">
         <name>.debug_info</name>
         <load_address>0x585b</load_address>
         <run_address>0x585b</run_address>
         <size>0xceb</size>
         <input_file_ref idref="fl-7"/>
      </object_component>
      <object_component id="oc-3a">
         <name>.debug_info</name>
         <load_address>0x6546</load_address>
         <run_address>0x6546</run_address>
         <size>0x4ce</size>
         <input_file_ref idref="fl-8"/>
      </object_component>
      <object_component id="oc-3e">
         <name>.debug_info</name>
         <load_address>0x6a14</load_address>
         <run_address>0x6a14</run_address>
         <size>0xcf</size>
         <input_file_ref idref="fl-13"/>
      </object_component>
      <object_component id="oc-42">
         <name>.debug_info</name>
         <load_address>0x6ae3</load_address>
         <run_address>0x6ae3</run_address>
         <size>0xda</size>
         <input_file_ref idref="fl-14"/>
      </object_component>
      <object_component id="oc-47">
         <name>.debug_info</name>
         <load_address>0x6bbd</load_address>
         <run_address>0x6bbd</run_address>
         <size>0xd1</size>
         <input_file_ref idref="fl-16"/>
      </object_component>
      <object_component id="oc-4c">
         <name>.debug_info</name>
         <load_address>0x6c8e</load_address>
         <run_address>0x6c8e</run_address>
         <size>0x1a4</size>
         <input_file_ref idref="fl-17"/>
      </object_component>
      <object_component id="oc-50">
         <name>.debug_info</name>
         <load_address>0x6e32</load_address>
         <run_address>0x6e32</run_address>
         <size>0x18e</size>
         <input_file_ref idref="fl-18"/>
      </object_component>
      <object_component id="oc-55">
         <name>.debug_info</name>
         <load_address>0x6fc0</load_address>
         <run_address>0x6fc0</run_address>
         <size>0x6f61</size>
         <input_file_ref idref="fl-19"/>
      </object_component>
      <object_component id="oc-5b">
         <name>.debug_info</name>
         <load_address>0xdf21</load_address>
         <run_address>0xdf21</run_address>
         <size>0x710f</size>
         <input_file_ref idref="fl-1a"/>
      </object_component>
      <object_component id="oc-61">
         <name>.debug_info</name>
         <load_address>0x15030</load_address>
         <run_address>0x15030</run_address>
         <size>0x5f6b</size>
         <input_file_ref idref="fl-1b"/>
      </object_component>
      <object_component id="oc-67">
         <name>.debug_info</name>
         <load_address>0x1af9b</load_address>
         <run_address>0x1af9b</run_address>
         <size>0x6979</size>
         <input_file_ref idref="fl-1c"/>
      </object_component>
      <object_component id="oc-6c">
         <name>.debug_info</name>
         <load_address>0x21914</load_address>
         <run_address>0x21914</run_address>
         <size>0x65d7</size>
         <input_file_ref idref="fl-1d"/>
      </object_component>
      <object_component id="oc-72">
         <name>.debug_info</name>
         <load_address>0x27eeb</load_address>
         <run_address>0x27eeb</run_address>
         <size>0x63d2</size>
         <input_file_ref idref="fl-1e"/>
      </object_component>
      <object_component id="oc-77">
         <name>.debug_info</name>
         <load_address>0x2e2bd</load_address>
         <run_address>0x2e2bd</run_address>
         <size>0x5896</size>
         <input_file_ref idref="fl-1f"/>
      </object_component>
      <object_component id="oc-7c">
         <name>.debug_info</name>
         <load_address>0x33b53</load_address>
         <run_address>0x33b53</run_address>
         <size>0x5ab</size>
         <input_file_ref idref="fl-20"/>
      </object_component>
      <object_component id="oc-80">
         <name>.debug_info</name>
         <load_address>0x340fe</load_address>
         <run_address>0x340fe</run_address>
         <size>0xe8</size>
         <input_file_ref idref="fl-21"/>
      </object_component>
      <object_component id="oc-85">
         <name>.debug_info</name>
         <load_address>0x341e6</load_address>
         <run_address>0x341e6</run_address>
         <size>0x5fb</size>
         <input_file_ref idref="fl-22"/>
      </object_component>
      <object_component id="oc-8b">
         <name>.debug_info</name>
         <load_address>0x347e1</load_address>
         <run_address>0x347e1</run_address>
         <size>0x55b</size>
         <input_file_ref idref="fl-23"/>
      </object_component>
      <object_component id="oc-8f">
         <name>.debug_info</name>
         <load_address>0x34d3c</load_address>
         <run_address>0x34d3c</run_address>
         <size>0x76c</size>
         <input_file_ref idref="fl-24"/>
      </object_component>
      <object_component id="oc-93">
         <name>.debug_info</name>
         <load_address>0x354a8</load_address>
         <run_address>0x354a8</run_address>
         <size>0x4de</size>
         <input_file_ref idref="fl-25"/>
      </object_component>
      <object_component id="oc-97">
         <name>.debug_info</name>
         <load_address>0x35986</load_address>
         <run_address>0x35986</run_address>
         <size>0xbc</size>
         <input_file_ref idref="fl-26"/>
      </object_component>
      <object_component id="oc-9c">
         <name>.debug_info</name>
         <load_address>0x35a42</load_address>
         <run_address>0x35a42</run_address>
         <size>0x5bc</size>
         <input_file_ref idref="fl-27"/>
      </object_component>
      <object_component id="oc-a1">
         <name>.debug_info</name>
         <load_address>0x35ffe</load_address>
         <run_address>0x35ffe</run_address>
         <size>0x27bd</size>
         <input_file_ref idref="fl-28"/>
      </object_component>
      <object_component id="oc-a7">
         <name>.debug_info</name>
         <load_address>0x387bb</load_address>
         <run_address>0x387bb</run_address>
         <size>0x586</size>
         <input_file_ref idref="fl-29"/>
      </object_component>
      <object_component id="oc-ab">
         <name>.debug_info</name>
         <load_address>0x38d41</load_address>
         <run_address>0x38d41</run_address>
         <size>0x5a4</size>
         <input_file_ref idref="fl-2a"/>
      </object_component>
      <object_component id="oc-af">
         <name>.debug_info</name>
         <load_address>0x392e5</load_address>
         <run_address>0x392e5</run_address>
         <size>0xcd</size>
         <input_file_ref idref="fl-2b"/>
      </object_component>
      <object_component id="oc-b3">
         <name>.debug_info</name>
         <load_address>0x393b2</load_address>
         <run_address>0x393b2</run_address>
         <size>0x81f</size>
         <input_file_ref idref="fl-2c"/>
      </object_component>
      <object_component id="oc-b6">
         <name>.debug_info</name>
         <load_address>0x39bd1</load_address>
         <run_address>0x39bd1</run_address>
         <size>0x498</size>
         <input_file_ref idref="fl-2d"/>
      </object_component>
      <object_component id="oc-b9">
         <name>.debug_info</name>
         <load_address>0x3a069</load_address>
         <run_address>0x3a069</run_address>
         <size>0x57e</size>
         <input_file_ref idref="fl-2e"/>
      </object_component>
      <object_component id="oc-bd">
         <name>.debug_info</name>
         <load_address>0x3a5e7</load_address>
         <run_address>0x3a5e7</run_address>
         <size>0x7e8</size>
         <input_file_ref idref="fl-2f"/>
      </object_component>
      <object_component id="oc-c1">
         <name>.debug_info</name>
         <load_address>0x3adcf</load_address>
         <run_address>0x3adcf</run_address>
         <size>0x534</size>
         <input_file_ref idref="fl-30"/>
      </object_component>
      <object_component id="oc-c5">
         <name>.debug_info</name>
         <load_address>0x3b303</load_address>
         <run_address>0x3b303</run_address>
         <size>0x4cf</size>
         <input_file_ref idref="fl-31"/>
      </object_component>
      <object_component id="oc-c9">
         <name>.debug_info</name>
         <load_address>0x3b7d2</load_address>
         <run_address>0x3b7d2</run_address>
         <size>0x534</size>
         <input_file_ref idref="fl-32"/>
      </object_component>
      <object_component id="oc-cd">
         <name>.debug_info</name>
         <load_address>0x3bd06</load_address>
         <run_address>0x3bd06</run_address>
         <size>0x549</size>
         <input_file_ref idref="fl-33"/>
      </object_component>
      <object_component id="oc-d2">
         <name>.debug_info</name>
         <load_address>0x3c24f</load_address>
         <run_address>0x3c24f</run_address>
         <size>0x6aa</size>
         <input_file_ref idref="fl-34"/>
      </object_component>
      <object_component id="oc-d6">
         <name>.debug_info</name>
         <load_address>0x3c8f9</load_address>
         <run_address>0x3c8f9</run_address>
         <size>0x942</size>
         <input_file_ref idref="fl-35"/>
      </object_component>
      <object_component id="oc-db">
         <name>.debug_info</name>
         <load_address>0x3d23b</load_address>
         <run_address>0x3d23b</run_address>
         <size>0x4d2</size>
         <input_file_ref idref="fl-36"/>
      </object_component>
      <object_component id="oc-df">
         <name>.debug_info</name>
         <load_address>0x3d70d</load_address>
         <run_address>0x3d70d</run_address>
         <size>0x53e</size>
         <input_file_ref idref="fl-37"/>
      </object_component>
      <object_component id="oc-e3">
         <name>.debug_info</name>
         <load_address>0x3dc4b</load_address>
         <run_address>0x3dc4b</run_address>
         <size>0x680</size>
         <input_file_ref idref="fl-38"/>
      </object_component>
      <object_component id="oc-e7">
         <name>.debug_info</name>
         <load_address>0x3e2cb</load_address>
         <run_address>0x3e2cb</run_address>
         <size>0x7d4</size>
         <input_file_ref idref="fl-39"/>
      </object_component>
      <object_component id="oc-eb">
         <name>.debug_info</name>
         <load_address>0x3ea9f</load_address>
         <run_address>0x3ea9f</run_address>
         <size>0xbd</size>
         <input_file_ref idref="fl-3a"/>
      </object_component>
      <object_component id="oc-f0">
         <name>.debug_info</name>
         <load_address>0x3eb5c</load_address>
         <run_address>0x3eb5c</run_address>
         <size>0x144b</size>
         <input_file_ref idref="fl-3b"/>
      </object_component>
      <object_component id="oc-f5">
         <name>.debug_info</name>
         <load_address>0x3ffa7</load_address>
         <run_address>0x3ffa7</run_address>
         <size>0x5ad</size>
         <input_file_ref idref="fl-3c"/>
      </object_component>
      <object_component id="oc-f9">
         <name>.debug_info</name>
         <load_address>0x40554</load_address>
         <run_address>0x40554</run_address>
         <size>0x574</size>
         <input_file_ref idref="fl-3d"/>
      </object_component>
      <object_component id="oc-fd">
         <name>.debug_info</name>
         <load_address>0x40ac8</load_address>
         <run_address>0x40ac8</run_address>
         <size>0xd1</size>
         <input_file_ref idref="fl-3e"/>
      </object_component>
      <object_component id="oc-101">
         <name>.debug_info</name>
         <load_address>0x40b99</load_address>
         <run_address>0x40b99</run_address>
         <size>0x4b7</size>
         <input_file_ref idref="fl-3f"/>
      </object_component>
      <object_component id="oc-105">
         <name>.debug_info</name>
         <load_address>0x41050</load_address>
         <run_address>0x41050</run_address>
         <size>0x4f2</size>
         <input_file_ref idref="fl-40"/>
      </object_component>
      <object_component id="oc-109">
         <name>.debug_info</name>
         <load_address>0x41542</load_address>
         <run_address>0x41542</run_address>
         <size>0x534</size>
         <input_file_ref idref="fl-41"/>
      </object_component>
      <object_component id="oc-10e">
         <name>.debug_info</name>
         <load_address>0x41a76</load_address>
         <run_address>0x41a76</run_address>
         <size>0xed4</size>
         <input_file_ref idref="fl-42"/>
      </object_component>
      <object_component id="oc-112">
         <name>.debug_info</name>
         <load_address>0x4294a</load_address>
         <run_address>0x4294a</run_address>
         <size>0x744</size>
         <input_file_ref idref="fl-43"/>
      </object_component>
      <object_component id="oc-118">
         <name>.debug_info</name>
         <load_address>0x4308e</load_address>
         <run_address>0x4308e</run_address>
         <size>0xef</size>
         <input_file_ref idref="fl-44"/>
      </object_component>
      <object_component id="oc-11c">
         <name>.debug_info</name>
         <load_address>0x4317d</load_address>
         <run_address>0x4317d</run_address>
         <size>0x662</size>
         <input_file_ref idref="fl-45"/>
      </object_component>
      <object_component id="oc-120">
         <name>.debug_info</name>
         <load_address>0x437df</load_address>
         <run_address>0x437df</run_address>
         <size>0x4f2</size>
         <input_file_ref idref="fl-46"/>
      </object_component>
      <object_component id="oc-124">
         <name>.debug_info</name>
         <load_address>0x43cd1</load_address>
         <run_address>0x43cd1</run_address>
         <size>0x706</size>
         <input_file_ref idref="fl-47"/>
      </object_component>
      <object_component id="oc-128">
         <name>.debug_info</name>
         <load_address>0x443d7</load_address>
         <run_address>0x443d7</run_address>
         <size>0x5f7</size>
         <input_file_ref idref="fl-48"/>
      </object_component>
      <object_component id="oc-12c">
         <name>.debug_info</name>
         <load_address>0x449ce</load_address>
         <run_address>0x449ce</run_address>
         <size>0x64a</size>
         <input_file_ref idref="fl-49"/>
      </object_component>
      <object_component id="oc-131">
         <name>.debug_info</name>
         <load_address>0x45018</load_address>
         <run_address>0x45018</run_address>
         <size>0xa1c</size>
         <input_file_ref idref="fl-4a"/>
      </object_component>
      <object_component id="oc-137">
         <name>.debug_info</name>
         <load_address>0x45a34</load_address>
         <run_address>0x45a34</run_address>
         <size>0xb97</size>
         <input_file_ref idref="fl-4b"/>
      </object_component>
      <object_component id="oc-13d">
         <name>.debug_info</name>
         <load_address>0x465cb</load_address>
         <run_address>0x465cb</run_address>
         <size>0x64f</size>
         <input_file_ref idref="fl-4c"/>
      </object_component>
      <object_component id="oc-141">
         <name>.debug_info</name>
         <load_address>0x46c1a</load_address>
         <run_address>0x46c1a</run_address>
         <size>0x510</size>
         <input_file_ref idref="fl-4d"/>
      </object_component>
      <object_component id="oc-146">
         <name>.debug_info</name>
         <load_address>0x4712a</load_address>
         <run_address>0x4712a</run_address>
         <size>0x7424</size>
         <input_file_ref idref="fl-4e"/>
      </object_component>
      <object_component id="oc-14b">
         <name>.debug_info</name>
         <load_address>0x4e54e</load_address>
         <run_address>0x4e54e</run_address>
         <size>0x6ced</size>
         <input_file_ref idref="fl-4f"/>
      </object_component>
      <object_component id="oc-173">
         <name>.debug_info</name>
         <load_address>0x5523b</load_address>
         <run_address>0x5523b</run_address>
         <size>0x6e</size>
      </object_component>
      <object_component id="oc-15">
         <name>.debug_frame</name>
         <load_address>0x0</load_address>
         <run_address>0x0</run_address>
         <size>0x171</size>
         <input_file_ref idref="fl-2"/>
      </object_component>
      <object_component id="oc-1b">
         <name>.debug_frame</name>
         <load_address>0x171</load_address>
         <run_address>0x171</run_address>
         <size>0x121</size>
         <input_file_ref idref="fl-3"/>
      </object_component>
      <object_component id="oc-22">
         <name>.debug_frame</name>
         <load_address>0x292</load_address>
         <run_address>0x292</run_address>
         <size>0x16a</size>
         <input_file_ref idref="fl-4"/>
      </object_component>
      <object_component id="oc-28">
         <name>.debug_frame</name>
         <load_address>0x3fc</load_address>
         <run_address>0x3fc</run_address>
         <size>0x175</size>
         <input_file_ref idref="fl-5"/>
      </object_component>
      <object_component id="oc-30">
         <name>.debug_frame</name>
         <load_address>0x571</load_address>
         <run_address>0x571</run_address>
         <size>0xfc</size>
         <input_file_ref idref="fl-6"/>
      </object_component>
      <object_component id="oc-36">
         <name>.debug_frame</name>
         <load_address>0x66d</load_address>
         <run_address>0x66d</run_address>
         <size>0x13b</size>
         <input_file_ref idref="fl-7"/>
      </object_component>
      <object_component id="oc-56">
         <name>.debug_frame</name>
         <load_address>0x7a8</load_address>
         <run_address>0x7a8</run_address>
         <size>0x2a1</size>
         <input_file_ref idref="fl-19"/>
      </object_component>
      <object_component id="oc-5d">
         <name>.debug_frame</name>
         <load_address>0xa49</load_address>
         <run_address>0xa49</run_address>
         <size>0x197</size>
         <input_file_ref idref="fl-1a"/>
      </object_component>
      <object_component id="oc-62">
         <name>.debug_frame</name>
         <load_address>0xbe0</load_address>
         <run_address>0xbe0</run_address>
         <size>0x13a</size>
         <input_file_ref idref="fl-1b"/>
      </object_component>
      <object_component id="oc-68">
         <name>.debug_frame</name>
         <load_address>0xd1a</load_address>
         <run_address>0xd1a</run_address>
         <size>0x171</size>
         <input_file_ref idref="fl-1c"/>
      </object_component>
      <object_component id="oc-6d">
         <name>.debug_frame</name>
         <load_address>0xe8b</load_address>
         <run_address>0xe8b</run_address>
         <size>0x138</size>
         <input_file_ref idref="fl-1d"/>
      </object_component>
      <object_component id="oc-73">
         <name>.debug_frame</name>
         <load_address>0xfc3</load_address>
         <run_address>0xfc3</run_address>
         <size>0x138</size>
         <input_file_ref idref="fl-1e"/>
      </object_component>
      <object_component id="oc-78">
         <name>.debug_frame</name>
         <load_address>0x10fb</load_address>
         <run_address>0x10fb</run_address>
         <size>0x116</size>
         <input_file_ref idref="fl-1f"/>
      </object_component>
      <object_component id="oc-147">
         <name>.debug_frame</name>
         <load_address>0x1211</load_address>
         <run_address>0x1211</run_address>
         <size>0x1ef</size>
         <input_file_ref idref="fl-4e"/>
      </object_component>
      <object_component id="oc-14c">
         <name>.debug_frame</name>
         <load_address>0x1400</load_address>
         <run_address>0x1400</run_address>
         <size>0x224</size>
         <input_file_ref idref="fl-4f"/>
      </object_component>
      <object_component id="oc-16">
         <name>.debug_line</name>
         <load_address>0x0</load_address>
         <run_address>0x0</run_address>
         <size>0xd0</size>
         <input_file_ref idref="fl-2"/>
      </object_component>
      <object_component id="oc-1c">
         <name>.debug_line</name>
         <load_address>0xd0</load_address>
         <run_address>0xd0</run_address>
         <size>0x253</size>
         <input_file_ref idref="fl-3"/>
      </object_component>
      <object_component id="oc-23">
         <name>.debug_line</name>
         <load_address>0x323</load_address>
         <run_address>0x323</run_address>
         <size>0x198</size>
         <input_file_ref idref="fl-4"/>
      </object_component>
      <object_component id="oc-29">
         <name>.debug_line</name>
         <load_address>0x4bb</load_address>
         <run_address>0x4bb</run_address>
         <size>0x162</size>
         <input_file_ref idref="fl-5"/>
      </object_component>
      <object_component id="oc-31">
         <name>.debug_line</name>
         <load_address>0x61d</load_address>
         <run_address>0x61d</run_address>
         <size>0x207</size>
         <input_file_ref idref="fl-6"/>
      </object_component>
      <object_component id="oc-37">
         <name>.debug_line</name>
         <load_address>0x824</load_address>
         <run_address>0x824</run_address>
         <size>0x1d6</size>
         <input_file_ref idref="fl-7"/>
      </object_component>
      <object_component id="oc-3f">
         <name>.debug_line</name>
         <load_address>0x9fa</load_address>
         <run_address>0x9fa</run_address>
         <size>0x83</size>
         <input_file_ref idref="fl-13"/>
      </object_component>
      <object_component id="oc-43">
         <name>.debug_line</name>
         <load_address>0xa7d</load_address>
         <run_address>0xa7d</run_address>
         <size>0xfe</size>
         <input_file_ref idref="fl-14"/>
      </object_component>
      <object_component id="oc-48">
         <name>.debug_line</name>
         <load_address>0xb7b</load_address>
         <run_address>0xb7b</run_address>
         <size>0x65</size>
         <input_file_ref idref="fl-16"/>
      </object_component>
      <object_component id="oc-4d">
         <name>.debug_line</name>
         <load_address>0xbe0</load_address>
         <run_address>0xbe0</run_address>
         <size>0xa8</size>
         <input_file_ref idref="fl-17"/>
      </object_component>
      <object_component id="oc-51">
         <name>.debug_line</name>
         <load_address>0xc88</load_address>
         <run_address>0xc88</run_address>
         <size>0xab</size>
         <input_file_ref idref="fl-18"/>
      </object_component>
      <object_component id="oc-57">
         <name>.debug_line</name>
         <load_address>0xd33</load_address>
         <run_address>0xd33</run_address>
         <size>0x83c</size>
         <input_file_ref idref="fl-19"/>
      </object_component>
      <object_component id="oc-5e">
         <name>.debug_line</name>
         <load_address>0x156f</load_address>
         <run_address>0x156f</run_address>
         <size>0x94c</size>
         <input_file_ref idref="fl-1a"/>
      </object_component>
      <object_component id="oc-63">
         <name>.debug_line</name>
         <load_address>0x1ebb</load_address>
         <run_address>0x1ebb</run_address>
         <size>0x6ca</size>
         <input_file_ref idref="fl-1b"/>
      </object_component>
      <object_component id="oc-69">
         <name>.debug_line</name>
         <load_address>0x2585</load_address>
         <run_address>0x2585</run_address>
         <size>0x69c</size>
         <input_file_ref idref="fl-1c"/>
      </object_component>
      <object_component id="oc-6e">
         <name>.debug_line</name>
         <load_address>0x2c21</load_address>
         <run_address>0x2c21</run_address>
         <size>0x659</size>
         <input_file_ref idref="fl-1d"/>
      </object_component>
      <object_component id="oc-74">
         <name>.debug_line</name>
         <load_address>0x327a</load_address>
         <run_address>0x327a</run_address>
         <size>0x653</size>
         <input_file_ref idref="fl-1e"/>
      </object_component>
      <object_component id="oc-79">
         <name>.debug_line</name>
         <load_address>0x38cd</load_address>
         <run_address>0x38cd</run_address>
         <size>0x59c</size>
         <input_file_ref idref="fl-1f"/>
      </object_component>
      <object_component id="oc-7d">
         <name>.debug_line</name>
         <load_address>0x3e69</load_address>
         <run_address>0x3e69</run_address>
         <size>0x5c</size>
         <input_file_ref idref="fl-20"/>
      </object_component>
      <object_component id="oc-81">
         <name>.debug_line</name>
         <load_address>0x3ec5</load_address>
         <run_address>0x3ec5</run_address>
         <size>0x54</size>
         <input_file_ref idref="fl-21"/>
      </object_component>
      <object_component id="oc-88">
         <name>.debug_line</name>
         <load_address>0x3f19</load_address>
         <run_address>0x3f19</run_address>
         <size>0x51</size>
         <input_file_ref idref="fl-22"/>
      </object_component>
      <object_component id="oc-8c">
         <name>.debug_line</name>
         <load_address>0x3f6a</load_address>
         <run_address>0x3f6a</run_address>
         <size>0x3c</size>
         <input_file_ref idref="fl-23"/>
      </object_component>
      <object_component id="oc-90">
         <name>.debug_line</name>
         <load_address>0x3fa6</load_address>
         <run_address>0x3fa6</run_address>
         <size>0x69</size>
         <input_file_ref idref="fl-24"/>
      </object_component>
      <object_component id="oc-94">
         <name>.debug_line</name>
         <load_address>0x400f</load_address>
         <run_address>0x400f</run_address>
         <size>0x37</size>
         <input_file_ref idref="fl-25"/>
      </object_component>
      <object_component id="oc-98">
         <name>.debug_line</name>
         <load_address>0x4046</load_address>
         <run_address>0x4046</run_address>
         <size>0x37</size>
         <input_file_ref idref="fl-26"/>
      </object_component>
      <object_component id="oc-9e">
         <name>.debug_line</name>
         <load_address>0x407d</load_address>
         <run_address>0x407d</run_address>
         <size>0x57</size>
         <input_file_ref idref="fl-27"/>
      </object_component>
      <object_component id="oc-a4">
         <name>.debug_line</name>
         <load_address>0x40d4</load_address>
         <run_address>0x40d4</run_address>
         <size>0x328</size>
         <input_file_ref idref="fl-28"/>
      </object_component>
      <object_component id="oc-a8">
         <name>.debug_line</name>
         <load_address>0x43fc</load_address>
         <run_address>0x43fc</run_address>
         <size>0x41</size>
         <input_file_ref idref="fl-29"/>
      </object_component>
      <object_component id="oc-ac">
         <name>.debug_line</name>
         <load_address>0x443d</load_address>
         <run_address>0x443d</run_address>
         <size>0x46</size>
         <input_file_ref idref="fl-2a"/>
      </object_component>
      <object_component id="oc-b0">
         <name>.debug_line</name>
         <load_address>0x4483</load_address>
         <run_address>0x4483</run_address>
         <size>0x55</size>
         <input_file_ref idref="fl-2b"/>
      </object_component>
      <object_component id="oc-b4">
         <name>.debug_line</name>
         <load_address>0x44d8</load_address>
         <run_address>0x44d8</run_address>
         <size>0xad</size>
         <input_file_ref idref="fl-2c"/>
      </object_component>
      <object_component id="oc-be">
         <name>.debug_line</name>
         <load_address>0x4585</load_address>
         <run_address>0x4585</run_address>
         <size>0x5b</size>
         <input_file_ref idref="fl-2f"/>
      </object_component>
      <object_component id="oc-c2">
         <name>.debug_line</name>
         <load_address>0x45e0</load_address>
         <run_address>0x45e0</run_address>
         <size>0x44</size>
         <input_file_ref idref="fl-30"/>
      </object_component>
      <object_component id="oc-c6">
         <name>.debug_line</name>
         <load_address>0x4624</load_address>
         <run_address>0x4624</run_address>
         <size>0x3d</size>
         <input_file_ref idref="fl-31"/>
      </object_component>
      <object_component id="oc-ca">
         <name>.debug_line</name>
         <load_address>0x4661</load_address>
         <run_address>0x4661</run_address>
         <size>0x3d</size>
         <input_file_ref idref="fl-32"/>
      </object_component>
      <object_component id="oc-cf">
         <name>.debug_line</name>
         <load_address>0x469e</load_address>
         <run_address>0x469e</run_address>
         <size>0x44</size>
         <input_file_ref idref="fl-33"/>
      </object_component>
      <object_component id="oc-d3">
         <name>.debug_line</name>
         <load_address>0x46e2</load_address>
         <run_address>0x46e2</run_address>
         <size>0x56</size>
         <input_file_ref idref="fl-34"/>
      </object_component>
      <object_component id="oc-d8">
         <name>.debug_line</name>
         <load_address>0x4738</load_address>
         <run_address>0x4738</run_address>
         <size>0xa8</size>
         <input_file_ref idref="fl-35"/>
      </object_component>
      <object_component id="oc-dc">
         <name>.debug_line</name>
         <load_address>0x47e0</load_address>
         <run_address>0x47e0</run_address>
         <size>0x3a</size>
         <input_file_ref idref="fl-36"/>
      </object_component>
      <object_component id="oc-e0">
         <name>.debug_line</name>
         <load_address>0x481a</load_address>
         <run_address>0x481a</run_address>
         <size>0x40</size>
         <input_file_ref idref="fl-37"/>
      </object_component>
      <object_component id="oc-e4">
         <name>.debug_line</name>
         <load_address>0x485a</load_address>
         <run_address>0x485a</run_address>
         <size>0x38</size>
         <input_file_ref idref="fl-38"/>
      </object_component>
      <object_component id="oc-e8">
         <name>.debug_line</name>
         <load_address>0x4892</load_address>
         <run_address>0x4892</run_address>
         <size>0xa8</size>
         <input_file_ref idref="fl-39"/>
      </object_component>
      <object_component id="oc-ec">
         <name>.debug_line</name>
         <load_address>0x493a</load_address>
         <run_address>0x493a</run_address>
         <size>0x3c</size>
         <input_file_ref idref="fl-3a"/>
      </object_component>
      <object_component id="oc-f2">
         <name>.debug_line</name>
         <load_address>0x4976</load_address>
         <run_address>0x4976</run_address>
         <size>0x1b0</size>
         <input_file_ref idref="fl-3b"/>
      </object_component>
      <object_component id="oc-f6">
         <name>.debug_line</name>
         <load_address>0x4b26</load_address>
         <run_address>0x4b26</run_address>
         <size>0x40</size>
         <input_file_ref idref="fl-3c"/>
      </object_component>
      <object_component id="oc-fa">
         <name>.debug_line</name>
         <load_address>0x4b66</load_address>
         <run_address>0x4b66</run_address>
         <size>0x3c</size>
         <input_file_ref idref="fl-3d"/>
      </object_component>
      <object_component id="oc-fe">
         <name>.debug_line</name>
         <load_address>0x4ba2</load_address>
         <run_address>0x4ba2</run_address>
         <size>0x4d</size>
         <input_file_ref idref="fl-3e"/>
      </object_component>
      <object_component id="oc-102">
         <name>.debug_line</name>
         <load_address>0x4bef</load_address>
         <run_address>0x4bef</run_address>
         <size>0x37</size>
         <input_file_ref idref="fl-3f"/>
      </object_component>
      <object_component id="oc-106">
         <name>.debug_line</name>
         <load_address>0x4c26</load_address>
         <run_address>0x4c26</run_address>
         <size>0x3c</size>
         <input_file_ref idref="fl-40"/>
      </object_component>
      <object_component id="oc-10a">
         <name>.debug_line</name>
         <load_address>0x4c62</load_address>
         <run_address>0x4c62</run_address>
         <size>0x44</size>
         <input_file_ref idref="fl-41"/>
      </object_component>
      <object_component id="oc-10f">
         <name>.debug_line</name>
         <load_address>0x4ca6</load_address>
         <run_address>0x4ca6</run_address>
         <size>0x15d</size>
         <input_file_ref idref="fl-42"/>
      </object_component>
      <object_component id="oc-115">
         <name>.debug_line</name>
         <load_address>0x4e03</load_address>
         <run_address>0x4e03</run_address>
         <size>0x6a</size>
         <input_file_ref idref="fl-43"/>
      </object_component>
      <object_component id="oc-119">
         <name>.debug_line</name>
         <load_address>0x4e6d</load_address>
         <run_address>0x4e6d</run_address>
         <size>0x58</size>
         <input_file_ref idref="fl-44"/>
      </object_component>
      <object_component id="oc-11d">
         <name>.debug_line</name>
         <load_address>0x4ec5</load_address>
         <run_address>0x4ec5</run_address>
         <size>0x57</size>
         <input_file_ref idref="fl-45"/>
      </object_component>
      <object_component id="oc-121">
         <name>.debug_line</name>
         <load_address>0x4f1c</load_address>
         <run_address>0x4f1c</run_address>
         <size>0x3c</size>
         <input_file_ref idref="fl-46"/>
      </object_component>
      <object_component id="oc-125">
         <name>.debug_line</name>
         <load_address>0x4f58</load_address>
         <run_address>0x4f58</run_address>
         <size>0x5b</size>
         <input_file_ref idref="fl-47"/>
      </object_component>
      <object_component id="oc-129">
         <name>.debug_line</name>
         <load_address>0x4fb3</load_address>
         <run_address>0x4fb3</run_address>
         <size>0x3c</size>
         <input_file_ref idref="fl-48"/>
      </object_component>
      <object_component id="oc-12d">
         <name>.debug_line</name>
         <load_address>0x4fef</load_address>
         <run_address>0x4fef</run_address>
         <size>0x3f</size>
         <input_file_ref idref="fl-49"/>
      </object_component>
      <object_component id="oc-133">
         <name>.debug_line</name>
         <load_address>0x502e</load_address>
         <run_address>0x502e</run_address>
         <size>0xd7</size>
         <input_file_ref idref="fl-4a"/>
      </object_component>
      <object_component id="oc-13a">
         <name>.debug_line</name>
         <load_address>0x5105</load_address>
         <run_address>0x5105</run_address>
         <size>0x112</size>
         <input_file_ref idref="fl-4b"/>
      </object_component>
      <object_component id="oc-13e">
         <name>.debug_line</name>
         <load_address>0x5217</load_address>
         <run_address>0x5217</run_address>
         <size>0x3d</size>
         <input_file_ref idref="fl-4c"/>
      </object_component>
      <object_component id="oc-142">
         <name>.debug_line</name>
         <load_address>0x5254</load_address>
         <run_address>0x5254</run_address>
         <size>0x39</size>
         <input_file_ref idref="fl-4d"/>
      </object_component>
      <object_component id="oc-148">
         <name>.debug_line</name>
         <load_address>0x528d</load_address>
         <run_address>0x528d</run_address>
         <size>0x96d</size>
         <input_file_ref idref="fl-4e"/>
      </object_component>
      <object_component id="oc-14d">
         <name>.debug_line</name>
         <load_address>0x5bfa</load_address>
         <run_address>0x5bfa</run_address>
         <size>0x7c8</size>
         <input_file_ref idref="fl-4f"/>
      </object_component>
      <object_component id="oc-17">
         <name>.debug_abbrev</name>
         <load_address>0x0</load_address>
         <run_address>0x0</run_address>
         <size>0x125</size>
         <input_file_ref idref="fl-2"/>
      </object_component>
      <object_component id="oc-1d">
         <name>.debug_abbrev</name>
[...]
         <value>0xc0</value>
         <object_component_ref idref="oc-7f"/>
      </symbol>
      <symbol id="sm-3c8">
         <name>C$$EXIT</name>
         <value>0x2819e</value>
         <object_component_ref idref="oc-87"/>
      </symbol>
      <symbol id="sm-3c9">
         <name>_exit</name>
         <value>0x28047</value>
         <object_component_ref idref="oc-83"/>
      </symbol>
      <symbol id="sm-3ca">
         <name>_abort</name>
         <value>0x2819d</value>
         <object_component_ref idref="oc-87"/>
      </symbol>
      <symbol id="sm-3cb">
         <name>__cleanup_ptr</name>
         <value>0x676c</value>
         <object_component_ref idref="oc-84"/>
      </symbol>
      <symbol id="sm-3cc">
         <name>__dtors_ptr</name>
         <value>0x6770</value>
         <object_component_ref idref="oc-84"/>
      </symbol>
      <symbol id="sm-3d6">
         <name>__mpyd</name>
         <value>0x26e03</value>
         <object_component_ref idref="oc-8a"/>
      </symbol>
      <symbol id="sm-3e0">
         <name>_printf</name>
         <value>0x27e8d</value>
         <object_component_ref idref="oc-8e"/>
      </symbol>
      <symbol id="sm-3ea">
         <name>__subd</name>
         <value>0x2814a</value>
         <object_component_ref idref="oc-92"/>
      </symbol>
      <symbol id="sm-3f4">
         <name>_Reset</name>
         <value>0x4ff00</value>
         <object_component_ref idref="oc-11"/>
      </symbol>
      <symbol id="sm-402">
         <name>__unlock</name>
         <value>0x6768</value>
         <object_component_ref idref="oc-9b"/>
      </symbol>
      <symbol id="sm-403">
         <name>__lock</name>
         <value>0x6764</value>
         <object_component_ref idref="oc-9b"/>
      </symbol>
      <symbol id="sm-404">
         <name>__register_lock</name>
         <value>0x28179</value>
         <object_component_ref idref="oc-9a"/>
      </symbol>
      <symbol id="sm-405">
         <name>__nop</name>
         <value>0x28181</value>
         <object_component_ref idref="oc-9a"/>
      </symbol>
      <symbol id="sm-406">
         <name>__register_unlock</name>
         <value>0x28171</value>
         <object_component_ref idref="oc-9a"/>
      </symbol>
      <symbol id="sm-418">
         <name>__printfi</name>
         <value>0x21362</value>
         <object_component_ref idref="oc-a0"/>
      </symbol>
      <symbol id="sm-422">
         <name>__args_main</name>
         <value>0x27f2a</value>
         <object_component_ref idref="oc-a6"/>
      </symbol>
      <symbol id="sm-423">
         <name>__TI_args_main</name>
         <value>0x1</value>
      </symbol>
      <symbol id="sm-42d">
         <name>_atoi</name>
         <value>0x27ddd</value>
         <object_component_ref idref="oc-aa"/>
      </symbol>
      <symbol id="sm-435">
         <name>_auto_init</name>
         <value>0x27edd</value>
         <object_component_ref idref="oc-ae"/>
      </symbol>
      <symbol id="sm-43f">
         <name>__eqld</name>
         <value>0x268af</value>
         <object_component_ref idref="oc-b2"/>
      </symbol>
      <symbol id="sm-440">
         <name>__cmpd</name>
         <value>0x268e3</value>
         <object_component_ref idref="oc-b2"/>
      </symbol>
      <symbol id="sm-441">
         <name>__neqd</name>
         <value>0x26751</value>
         <object_component_ref idref="oc-b2"/>
      </symbol>
      <symbol id="sm-442">
         <name>__gtrd</name>
         <value>0x2681a</value>
         <object_component_ref idref="oc-b2"/>
      </symbol>
      <symbol id="sm-443">
         <name>__geqd</name>
         <value>0x26865</value>
         <object_component_ref idref="oc-b2"/>
      </symbol>
      <symbol id="sm-444">
         <name>__leqd</name>
         <value>0x267cd</value>
         <object_component_ref idref="oc-b2"/>
      </symbol>
      <symbol id="sm-445">
         <name>__lssd</name>
         <value>0x26785</value>
         <object_component_ref idref="oc-b2"/>
      </symbol>
      <symbol id="sm-44d">
         <name>__ctypes_</name>
         <value>0x72e8</value>
         <object_component_ref idref="oc-152"/>
      </symbol>
      <symbol id="sm-457">
         <name>__tmpnams</name>
         <value>0x6104</value>
         <object_component_ref idref="oc-b8"/>
      </symbol>
      <symbol id="sm-458">
         <name>__ft_end</name>
         <value>0x6244</value>
         <object_component_ref idref="oc-b8"/>
      </symbol>
      <symbol id="sm-459">
         <name>__ftable</name>
         <value>0x6014</value>
         <object_component_ref idref="oc-b8"/>
      </symbol>
      <symbol id="sm-465">
         <name>__divd</name>
         <value>0x252b1</value>
         <object_component_ref idref="oc-bc"/>
      </symbol>
      <symbol id="sm-470">
         <name>__divul</name>
         <value>0x276a0</value>
         <object_component_ref idref="oc-c0"/>
      </symbol>
      <symbol id="sm-47a">
         <name>__fixdi</name>
         <value>0x280b9</value>
         <object_component_ref idref="oc-c4"/>
      </symbol>
      <symbol id="sm-484">
         <name>__fixdli</name>
         <value>0x27bc2</value>
         <object_component_ref idref="oc-c8"/>
      </symbol>
      <symbol id="sm-490">
         <name>__fltlid</name>
         <value>0x27d76</value>
         <object_component_ref idref="oc-cc"/>
      </symbol>
      <symbol id="sm-49a">
         <name>_putchar</name>
         <value>0x27691</value>
         <object_component_ref idref="oc-d1"/>
      </symbol>
      <symbol id="sm-49b">
         <name>_putc</name>
         <value>0x275fa</value>
         <object_component_ref idref="oc-d1"/>
      </symbol>
      <symbol id="sm-49c">
         <name>_fputc</name>
         <value>0x275fa</value>
         <object_component_ref idref="oc-d1"/>
      </symbol>
      <symbol id="sm-4aa">
         <name>_puts</name>
         <value>0x26dd5</value>
         <object_component_ref idref="oc-d5"/>
      </symbol>
      <symbol id="sm-4ab">
         <name>_fputs</name>
         <value>0x26ca0</value>
         <object_component_ref idref="oc-d5"/>
      </symbol>
      <symbol id="sm-4b5">
         <name>__frcmpyd</name>
         <value>0x27a67</value>
         <object_component_ref idref="oc-da"/>
      </symbol>
      <symbol id="sm-4bf">
         <name>__frcmpyd_div</name>
         <value>0x27add</value>
         <object_component_ref idref="oc-de"/>
      </symbol>
      <symbol id="sm-4c9">
         <name>___isinf</name>
         <value>0x28130</value>
         <object_component_ref idref="oc-e2"/>
      </symbol>
      <symbol id="sm-4d3">
         <name>__divull</name>
         <value>0x263ce</value>
         <object_component_ref idref="oc-e6"/>
      </symbol>
      <symbol id="sm-4d4">
         <name>__mpylli</name>
         <value>0x26316</value>
         <object_component_ref idref="oc-e6"/>
      </symbol>
      <symbol id="sm-4d5">
         <name>__remlli</name>
         <value>0x262e7</value>
         <object_component_ref idref="oc-e6"/>
      </symbol>
      <symbol id="sm-4d6">
         <name>__divlli</name>
         <value>0x264c2</value>
         <object_component_ref idref="oc-e6"/>
      </symbol>
      <symbol id="sm-4d7">
         <name>__remull</name>
         <value>0x26299</value>
         <object_component_ref idref="oc-e6"/>
      </symbol>
      <symbol id="sm-4df">
         <name>__mpyli</name>
         <value>0x2815e</value>
         <object_component_ref idref="oc-ea"/>
      </symbol>
      <symbol id="sm-4e0">
         <name>I$$LMPY</name>
         <value>0x2815e</value>
         <object_component_ref idref="oc-ea"/>
      </symbol>
      <symbol id="sm-4f2">
         <name>_add_device</name>
         <value>0x247e4</value>
         <object_component_ref idref="oc-ee"/>
      </symbol>
      <symbol id="sm-4f3">
         <name>_rename</name>
         <value>0x24506</value>
         <object_component_ref idref="oc-ee"/>
      </symbol>
      <symbol id="sm-4f4">
         <name>_read</name>
         <value>0x24595</value>
         <object_component_ref idref="oc-ee"/>
      </symbol>
      <symbol id="sm-4f5">
         <name>_unlink</name>
         <value>0x244d3</value>
         <object_component_ref idref="oc-ee"/>
      </symbol>
      <symbol id="sm-4f6">
         <name>_remove_device</name>
         <value>0x2455f</value>
         <object_component_ref idref="oc-ee"/>
      </symbol>
      <symbol id="sm-4f7">
         <name>_open</name>
         <value>0x24643</value>
         <object_component_ref idref="oc-ee"/>
      </symbol>
      <symbol id="sm-4f8">
         <name>_find_registered_device</name>
         <value>0x24768</value>
         <object_component_ref idref="oc-ee"/>
      </symbol>
      <symbol id="sm-4f9">
         <name>_lseek</name>
         <value>0x24702</value>
         <object_component_ref idref="oc-ee"/>
      </symbol>
      <symbol id="sm-4fa">
         <name>_close</name>
         <value>0x24771</value>
         <object_component_ref idref="oc-ee"/>
      </symbol>
      <symbol id="sm-4fb">
         <name>_write</name>
         <value>0x24391</value>
         <object_component_ref idref="oc-ee"/>
      </symbol>
      <symbol id="sm-505">
         <name>_ltoa</name>
         <value>0x2796f</value>
         <object_component_ref idref="oc-f4"/>
      </symbol>
      <symbol id="sm-510">
         <name>_memccpy</name>
         <value>0x2810d</value>
         <object_component_ref idref="oc-f8"/>
      </symbol>
      <symbol id="sm-518">
         <name>_memcpy</name>
         <value>0x28008</value>
         <object_component_ref idref="oc-fc"/>
      </symbol>
      <symbol id="sm-522">
         <name>__negd</name>
         <value>0x28183</value>
         <object_component_ref idref="oc-100"/>
      </symbol>
      <symbol id="sm-52c">
         <name>__remli</name>
         <value>0x27f75</value>
         <object_component_ref idref="oc-104"/>
      </symbol>
      <symbol id="sm-537">
         <name>__remul</name>
         <value>0x27b50</value>
         <object_component_ref idref="oc-108"/>
      </symbol>
      <symbol id="sm-543">
         <name>_HOSTopen</name>
         <value>0x24bdf</value>
         <object_component_ref idref="oc-10c"/>
      </symbol>
      <symbol id="sm-544">
         <name>_HOSTread</name>
         <value>0x24b52</value>
         <object_component_ref idref="oc-10c"/>
      </symbol>
      <symbol id="sm-545">
         <name>_HOSTtime</name>
         <value>0x24a46</value>
         <object_component_ref idref="oc-10c"/>
      </symbol>
      <symbol id="sm-546">
         <name>_getenv</name>
         <value>0x248d4</value>
         <object_component_ref idref="oc-10c"/>
      </symbol>
      <symbol id="sm-547">
         <name>_HOSTrename</name>
         <value>0x24aa4</value>
         <object_component_ref idref="oc-10c"/>
      </symbol>
      <symbol id="sm-548">
         <name>_HOSTclock</name>
         <value>0x24d9e</value>
         <object_component_ref idref="oc-10c"/>
      </symbol>
      <symbol id="sm-549">
         <name>_HOSTwrite</name>
         <value>0x2494f</value>
         <object_component_ref idref="oc-10c"/>
      </symbol>
      <symbol id="sm-54a">
         <name>_HOSTlseek</name>
         <value>0x24c7e</value>
         <object_component_ref idref="oc-10c"/>
      </symbol>
      <symbol id="sm-54b">
         <name>_HOSTunlink</name>
         <value>0x249dc</value>
         <object_component_ref idref="oc-10c"/>
      </symbol>
      <symbol id="sm-54c">
         <name>_HOSTclose</name>
         <value>0x24d33</value>
         <object_component_ref idref="oc-10c"/>
      </symbol>
      <symbol id="sm-55e">
         <name>C$$IO$$</name>
         <value>0x275f5</value>
         <object_component_ref idref="oc-114"/>
      </symbol>
      <symbol id="sm-55f">
         <name>__CIOBUF_</name>
         <value>0x40250</value>
         <object_component_ref idref="oc-113"/>
      </symbol>
      <symbol id="sm-560">
         <name>_readmsg</name>
         <value>0x27c9e</value>
         <object_component_ref idref="oc-111"/>
      </symbol>
      <symbol id="sm-561">
         <name>_writemsg</name>
         <value>0x27540</value>
         <object_component_ref idref="oc-114"/>
      </symbol>
      <symbol id="sm-569">
         <name>__remu</name>
         <value>0x280f8</value>
         <object_component_ref idref="oc-117"/>
      </symbol>
      <symbol id="sm-56a">
         <name>__divu</name>
         <value>0x280e3</value>
         <object_component_ref idref="oc-117"/>
      </symbol>
      <symbol id="sm-56b">
         <name>I$$UMOD</name>
         <value>0x280f8</value>
         <object_component_ref idref="oc-117"/>
      </symbol>
      <symbol id="sm-56c">
         <name>I$$UDIV</name>
         <value>0x280e3</value>
         <object_component_ref idref="oc-117"/>
      </symbol>
      <symbol id="sm-576">
         <name>__rd_ok</name>
         <value>0x271bc</value>
         <object_component_ref idref="oc-11b"/>
      </symbol>
      <symbol id="sm-577">
         <name>__wrt_ok</name>
         <value>0x2713c</value>
         <object_component_ref idref="oc-11b"/>
      </symbol>
      <symbol id="sm-581">
         <name>__divli</name>
         <value>0x27fc0</value>
         <object_component_ref idref="oc-11f"/>
      </symbol>
      <symbol id="sm-58b">
         <name>__doflush</name>
         <value>0x2747e</value>
         <object_component_ref idref="oc-123"/>
      </symbol>
      <symbol id="sm-58c">
         <name>_fflush</name>
         <value>0x274e7</value>
         <object_component_ref idref="oc-123"/>
      </symbol>
      <symbol id="sm-596">
         <name>_fseek</name>
         <value>0x27d0b</value>
         <object_component_ref idref="oc-127"/>
      </symbol>
      <symbol id="sm-5a0">
         <name>_setvbuf</name>
         <value>0x27056</value>
         <object_component_ref idref="oc-12b"/>
      </symbol>
      <symbol id="sm-5af">
         <name>__cleanup</name>
         <value>0x2613b</value>
         <object_component_ref idref="oc-12f"/>
      </symbol>
      <symbol id="sm-5b0">
         <name>_fopen</name>
         <value>0x2625e</value>
         <object_component_ref idref="oc-12f"/>
      </symbol>
      <symbol id="sm-5b1">
         <name>_freopen</name>
         <value>0x26195</value>
         <object_component_ref idref="oc-12f"/>
      </symbol>
      <symbol id="sm-5c1">
         <name>__sys_memory</name>
         <value>0x30c0</value>
         <object_component_ref idref="oc-139"/>
      </symbol>
      <symbol id="sm-5c2">
         <name>_chkheap</name>
         <value>0x25283</value>
         <object_component_ref idref="oc-135"/>
      </symbol>
      <symbol id="sm-5c3">
         <name>_realloc</name>
         <value>0x25022</value>
         <object_component_ref idref="oc-135"/>
      </symbol>
      <symbol id="sm-5c4">
         <name>_free_memory</name>
         <value>0x2522d</value>
         <object_component_ref idref="oc-135"/>
      </symbol>
      <symbol id="sm-5c5">
         <name>_max_free</name>
         <value>0x251d3</value>
         <object_component_ref idref="oc-135"/>
      </symbol>
      <symbol id="sm-5c6">
         <name>_free</name>
         <value>0x24dfc</value>
         <object_component_ref idref="oc-135"/>
      </symbol>
      <symbol id="sm-5c7">
         <name>_calloc</name>
         <value>0x2528b</value>
         <object_component_ref idref="oc-135"/>
      </symbol>
      <symbol id="sm-5c8">
         <name>_malloc</name>
         <value>0x24f2d</value>
         <object_component_ref idref="oc-135"/>
      </symbol>
      <symbol id="sm-5c9">
         <name>_minit</name>
         <value>0x24ec8</value>
         <object_component_ref idref="oc-135"/>
      </symbol>
      <symbol id="sm-5d3">
         <name>_fclose</name>
         <value>0x279ec</value>
         <object_component_ref idref="oc-13c"/>
      </symbol>
      <symbol id="sm-5dd">
         <name>_remove</name>
         <value>0x28193</value>
         <object_component_ref idref="oc-140"/>
      </symbol>
      <symbol id="sm-65a">
         <name>_I2C_eventEnable</name>
         <value>0x21ee4</value>
         <object_component_ref idref="oc-144"/>
      </symbol>
      <symbol id="sm-65b">
         <name>_I2C_setCallback</name>
         <value>0x22137</value>
         <object_component_ref idref="oc-144"/>
      </symbol>
      <symbol id="sm-65c">
         <name>_I2C_init</name>
         <value>0x215a4</value>
         <object_component_ref idref="oc-144"/>
      </symbol>
      <symbol id="sm-65d">
         <name>_I2C_config</name>
         <value>0x2164d</value>
         <object_component_ref idref="oc-144"/>
      </symbol>
      <symbol id="sm-65e">
         <name>_gI2cObj</name>
         <value>0x672c</value>
         <object_component_ref idref="oc-145"/>
      </symbol>
      <symbol id="sm-65f">
         <name>_I2C_getConfig</name>
         <value>0x217b2</value>
         <object_component_ref idref="oc-144"/>
      </symbol>
      <symbol id="sm-660">
         <name>_I2C_setup</name>
         <value>0x21888</value>
         <object_component_ref idref="oc-144"/>
      </symbol>
      <symbol id="sm-661">
         <name>_I2C_write</name>
         <value>0x21a82</value>
         <object_component_ref idref="oc-144"/>
      </symbol>
      <symbol id="sm-662">
         <name>_I2C_read</name>
         <value>0x21cc6</value>
         <object_component_ref idref="oc-144"/>
      </symbol>
      <symbol id="sm-663">
         <name>_I2C_eventDisable</name>
         <value>0x22018</value>
         <object_component_ref idref="oc-144"/>
      </symbol>
      <symbol id="sm-664">
         <name>_I2C_getEventId</name>
         <value>0x221c4</value>
         <object_component_ref idref="oc-144"/>
      </symbol>
      <symbol id="sm-665">
         <name>_i2cHandle</name>
         <value>0x674c</value>
         <object_component_ref idref="oc-145"/>
      </symbol>
      <symbol id="sm-6aa">
         <name>_GPIO_write</name>
         <value>0x22dcb</value>
         <object_component_ref idref="oc-14a"/>
      </symbol>
      <symbol id="sm-6ab">
         <name>_GPIO_read</name>
         <value>0x22d48</value>
         <object_component_ref idref="oc-14a"/>
      </symbol>
      <symbol id="sm-6ac">
         <name>_GPIO_close</name>
         <value>0x22c17</value>
         <object_component_ref idref="oc-14a"/>
      </symbol>
      <symbol id="sm-6ad">
         <name>_GPIO_enableInt</name>
         <value>0x23034</value>
         <object_component_ref idref="oc-14a"/>
      </symbol>
      <symbol id="sm-6ae">
         <name>_GPIO_clearInt</name>
         <value>0x230be</value>
         <object_component_ref idref="oc-14a"/>
      </symbol>
      <symbol id="sm-6af">
         <name>_GPIO_statusBit</name>
         <value>0x2314a</value>
         <object_component_ref idref="oc-14a"/>
      </symbol>
      <symbol id="sm-6b0">
         <name>_GPIO_configBit</name>
         <value>0x22e6e</value>
         <object_component_ref idref="oc-14a"/>
      </symbol>
      <symbol id="sm-6b1">
         <name>_GPIO_reset</name>
         <value>0x231d1</value>
         <object_component_ref idref="oc-14a"/>
      </symbol>
      <symbol id="sm-6b2">
         <name>_GPIO_getConfig</name>
         <value>0x22cc0</value>
         <object_component_ref idref="oc-14a"/>
      </symbol>
      <symbol id="sm-6b3">
         <name>_GPIO_disableInt</name>
         <value>0x22fb6</value>
         <object_component_ref idref="oc-14a"/>
      </symbol>
      <symbol id="sm-6b4">
         <name>_GPIO_config</name>
         <value>0x22c3b</value>
         <object_component_ref idref="oc-14a"/>
      </symbol>
      <symbol id="sm-6b5">
         <name>_GPIO_open</name>
         <value>0x22bd3</value>
         <object_component_ref idref="oc-14a"/>
      </symbol>
   </symbol_table>
</link_info>
